
D:\data\cpp\hardlinks\ln>..\Tools\rmtshare.exe \\sleipnir\test=D:\data\cpp\hardlinks\ln\test  1>nul 

D:\data\cpp\hardlinks\ln>REM

D:\data\cpp\hardlinks\ln>REM SUC: link a file 

D:\data\cpp\hardlinks\ln>REM

D:\data\cpp\hardlinks\ln>..\bin\X64\Release\ln.exe --automated_test test\ln.h test\ln_link.h 
test\ln.h
1 file linked
ErrorLevel == 0

D:\data\cpp\hardlinks\ln>REM

D:\data\cpp\hardlinks\ln>REM SUC: link a file but source does not exist 

D:\data\cpp\hardlinks\ln>REM

D:\data\cpp\hardlinks\ln>..\bin\X64\Release\ln.exe --automated_test test\ln_.h test\ln_link.h 
ERROR: file 'test\ln_.h' does not exist
ErrorLevel == -5

D:\data\cpp\hardlinks\ln>REM

D:\data\cpp\hardlinks\ln>REM ERR: Destination already exists 

D:\data\cpp\hardlinks\ln>REM

D:\data\cpp\hardlinks\ln>..\bin\X64\Release\ln.exe --automated_test test\ln.h test\ln_link.h 
ERROR: file 'test\ln_link.h' already exists
ErrorLevel == -3

D:\data\cpp\hardlinks\ln>REM

D:\data\cpp\hardlinks\ln>REM ERR: Destinationfile missing 

D:\data\cpp\hardlinks\ln>REM

D:\data\cpp\hardlinks\ln>..\bin\X64\Release\ln.exe --automated_test test\ln.h 
ln. (Recursively) creates hardlinks for files within NTFS partitions
Usage. ln [options] [commands] file|dir|UNCname [name|dir|UNCname [dir]]

Commands
      --anchor PATH
  -c, --copy SRCPATH DESTPATH
      --deeppathdelete SRCPATH        Delete path longer than 256 characters
  -d, --delorean SRCPATH BACKUPPATH_0 BACKUPPATH_1
  -e, --enum SRCPATH                  Enumerate corresponding files
  -x, --exclude WILDCARD              Exclude file <wildcard>
  -X, --excludedir WILDCARD           Exclude directory Recursively <wildcard>
  -p, --excluderegexp REGEXP          Exclude file <reg expr filename>
  -P, --excluderegexpdir REGEXP       Exclude directory <reg expr directory>
      --include WILDCARD              Include files <wildcard>
      --includedir WILDCARD           Include directory Recursively <wildcard>
      --includeregexp REGEXP          Include file <reg expr filename>
      --includeregexpdir REGEXP       Include directory <reg expr directory>
  -j, --junction JUNCTION [TARGETDIR] Show/Create a junction
  -o, --mirror SRCPATH DESTPATH
  -m, --move SRCPATH DESTPATH
      --output FILENAME               Redirect output to FILENAME
      --probefs PATH                  Show type of filesystem
  -r, --recursive SRCPATH DESTPATH    Create a clone
      --source SRCPATH                Specify additional source directories
  -i, --splice [WILDCARD]             Splice Junctions/Symlink dirs <wildcard>
      --timetolerance MILLISECONDS    File comparison tolerance <miliseconds>
      --truesize SRCPATH              Used space taking into account hardlinks
  -u, --unroll [WILDCARD]             Unroll Junctions/Symlink dirs <wildcard>

Options
  -b, --backup                        Backup mode copies also ACLs
      --dupemerge                     Use Dupemerge' hashing to find hardlinks
  -h, --help                          This help
      --json                          Prints the output in json format
      --noea                          Do not copy EA Records
      --noads                         Do not copy Alternative Data Streams (ADS)
      --progress                      Show a progress indicator on the console
  -q, --quiet                         Operation with no output
      --skipfiles                     Don't operate on files, but only on dirs
      --traditional                   Use compatibility mode for remote drives
      --1023safe                      Workaround the 1023 hardlink limit

Samples
  ln sourcefile.txt destination.txt
  ln --recursive x:\dir\dir2 x:\dir\newdir
  ln --recursive x:\dir\dir2 x:\anotherdir
  ln \\local_computer\sourcefile.txt x:\dir_on_local_computer\destination.txt
  ln \\local_computer\sourcefile.txt \\local_computer\destination.txt
  ln --recursive \\local_computer\sourcedir x:\dir\dir2
  ln --recursive \\local_computer\sourcedir \\local_computer\destdir\sample
  ln --enum x:\dir\dir2
  ln --copy x:\source\dir2 x:\dest\dir2
  ln --source x:\src\loc1 --copy x:\source\dir2 x:\dest\dir2
  ln --junction x:\source\junction x:\dest\junction target
  ln --junction x:\source\junction
ErrorLevel == -8

D:\data\cpp\hardlinks\ln>REM

D:\data\cpp\hardlinks\ln>REM ERR: Source file not there 

D:\data\cpp\hardlinks\ln>REM

D:\data\cpp\hardlinks\ln>..\bin\X64\Release\ln.exe --automated_test test\ln_nothere.h test\ln_link.h 
ERROR: file 'test\ln_nothere.h' does not exist
ErrorLevel == -5

D:\data\cpp\hardlinks\ln>REM

D:\data\cpp\hardlinks\ln>REM ERR: Call without parameters 

D:\data\cpp\hardlinks\ln>REM

D:\data\cpp\hardlinks\ln>..\bin\X64\Release\ln.exe --automated_test  
ln. (Recursively) creates hardlinks for files within NTFS partitions
Usage. ln [options] [commands] file|dir|UNCname [name|dir|UNCname [dir]]

Commands
      --anchor PATH
  -c, --copy SRCPATH DESTPATH
      --deeppathdelete SRCPATH        Delete path longer than 256 characters
  -d, --delorean SRCPATH BACKUPPATH_0 BACKUPPATH_1
  -e, --enum SRCPATH                  Enumerate corresponding files
  -x, --exclude WILDCARD              Exclude file <wildcard>
  -X, --excludedir WILDCARD           Exclude directory Recursively <wildcard>
  -p, --excluderegexp REGEXP          Exclude file <reg expr filename>
  -P, --excluderegexpdir REGEXP       Exclude directory <reg expr directory>
      --include WILDCARD              Include files <wildcard>
      --includedir WILDCARD           Include directory Recursively <wildcard>
      --includeregexp REGEXP          Include file <reg expr filename>
      --includeregexpdir REGEXP       Include directory <reg expr directory>
  -j, --junction JUNCTION [TARGETDIR] Show/Create a junction
  -o, --mirror SRCPATH DESTPATH
  -m, --move SRCPATH DESTPATH
      --output FILENAME               Redirect output to FILENAME
      --probefs PATH                  Show type of filesystem
  -r, --recursive SRCPATH DESTPATH    Create a clone
      --source SRCPATH                Specify additional source directories
  -i, --splice [WILDCARD]             Splice Junctions/Symlink dirs <wildcard>
      --timetolerance MILLISECONDS    File comparison tolerance <miliseconds>
      --truesize SRCPATH              Used space taking into account hardlinks
  -u, --unroll [WILDCARD]             Unroll Junctions/Symlink dirs <wildcard>

Options
  -b, --backup                        Backup mode copies also ACLs
      --dupemerge                     Use Dupemerge' hashing to find hardlinks
  -h, --help                          This help
      --json                          Prints the output in json format
      --noea                          Do not copy EA Records
      --noads                         Do not copy Alternative Data Streams (ADS)
      --progress                      Show a progress indicator on the console
  -q, --quiet                         Operation with no output
      --skipfiles                     Don't operate on files, but only on dirs
      --traditional                   Use compatibility mode for remote drives
      --1023safe                      Workaround the 1023 hardlink limit

Samples
  ln sourcefile.txt destination.txt
  ln --recursive x:\dir\dir2 x:\dir\newdir
  ln --recursive x:\dir\dir2 x:\anotherdir
  ln \\local_computer\sourcefile.txt x:\dir_on_local_computer\destination.txt
  ln \\local_computer\sourcefile.txt \\local_computer\destination.txt
  ln --recursive \\local_computer\sourcedir x:\dir\dir2
  ln --recursive \\local_computer\sourcedir \\local_computer\destdir\sample
  ln --enum x:\dir\dir2
  ln --copy x:\source\dir2 x:\dest\dir2
  ln --source x:\src\loc1 --copy x:\source\dir2 x:\dest\dir2
  ln --junction x:\source\junction x:\dest\junction target
  ln --junction x:\source\junction
ErrorLevel == -8

D:\data\cpp\hardlinks\ln>REM

D:\data\cpp\hardlinks\ln>REM SUC: link via UNC names to filename 

D:\data\cpp\hardlinks\ln>REM

D:\data\cpp\hardlinks\ln>..\bin\X64\Release\ln.exe --automated_test \\sleipnir\test\ln.h test\ln_share_link.h 
\\sleipnir\test\ln.h
1 file linked
ErrorLevel == 0

D:\data\cpp\hardlinks\ln>REM

D:\data\cpp\hardlinks\ln>REM SUC: link via UNC names to UNC name 

D:\data\cpp\hardlinks\ln>REM

D:\data\cpp\hardlinks\ln>..\bin\X64\Release\ln.exe --automated_test \\sleipnir\test\ln.h \\sleipnir\test\ln_share_unc_link.h 
\\sleipnir\test\ln.h
1 file linked
ErrorLevel == 0

D:\data\cpp\hardlinks\ln>REM

D:\data\cpp\hardlinks\ln>REM ERR: link via UNC names but 2nd arg lacks 

D:\data\cpp\hardlinks\ln>REM

D:\data\cpp\hardlinks\ln>..\bin\X64\Release\ln.exe --automated_test \\sleipnir\test\ln.h  
ln. (Recursively) creates hardlinks for files within NTFS partitions
Usage. ln [options] [commands] file|dir|UNCname [name|dir|UNCname [dir]]

Commands
      --anchor PATH
  -c, --copy SRCPATH DESTPATH
      --deeppathdelete SRCPATH        Delete path longer than 256 characters
  -d, --delorean SRCPATH BACKUPPATH_0 BACKUPPATH_1
  -e, --enum SRCPATH                  Enumerate corresponding files
  -x, --exclude WILDCARD              Exclude file <wildcard>
  -X, --excludedir WILDCARD           Exclude directory Recursively <wildcard>
  -p, --excluderegexp REGEXP          Exclude file <reg expr filename>
  -P, --excluderegexpdir REGEXP       Exclude directory <reg expr directory>
      --include WILDCARD              Include files <wildcard>
      --includedir WILDCARD           Include directory Recursively <wildcard>
      --includeregexp REGEXP          Include file <reg expr filename>
      --includeregexpdir REGEXP       Include directory <reg expr directory>
  -j, --junction JUNCTION [TARGETDIR] Show/Create a junction
  -o, --mirror SRCPATH DESTPATH
  -m, --move SRCPATH DESTPATH
      --output FILENAME               Redirect output to FILENAME
      --probefs PATH                  Show type of filesystem
  -r, --recursive SRCPATH DESTPATH    Create a clone
      --source SRCPATH                Specify additional source directories
  -i, --splice [WILDCARD]             Splice Junctions/Symlink dirs <wildcard>
      --timetolerance MILLISECONDS    File comparison tolerance <miliseconds>
      --truesize SRCPATH              Used space taking into account hardlinks
  -u, --unroll [WILDCARD]             Unroll Junctions/Symlink dirs <wildcard>

Options
  -b, --backup                        Backup mode copies also ACLs
      --dupemerge                     Use Dupemerge' hashing to find hardlinks
  -h, --help                          This help
      --json                          Prints the output in json format
      --noea                          Do not copy EA Records
      --noads                         Do not copy Alternative Data Streams (ADS)
      --progress                      Show a progress indicator on the console
  -q, --quiet                         Operation with no output
      --skipfiles                     Don't operate on files, but only on dirs
      --traditional                   Use compatibility mode for remote drives
      --1023safe                      Workaround the 1023 hardlink limit

Samples
  ln sourcefile.txt destination.txt
  ln --recursive x:\dir\dir2 x:\dir\newdir
  ln --recursive x:\dir\dir2 x:\anotherdir
  ln \\local_computer\sourcefile.txt x:\dir_on_local_computer\destination.txt
  ln \\local_computer\sourcefile.txt \\local_computer\destination.txt
  ln --recursive \\local_computer\sourcedir x:\dir\dir2
  ln --recursive \\local_computer\sourcedir \\local_computer\destdir\sample
  ln --enum x:\dir\dir2
  ln --copy x:\source\dir2 x:\dest\dir2
  ln --source x:\src\loc1 --copy x:\source\dir2 x:\dest\dir2
  ln --junction x:\source\junction x:\dest\junction target
  ln --junction x:\source\junction
ErrorLevel == -8

D:\data\cpp\hardlinks\ln>REM

D:\data\cpp\hardlinks\ln>REM ERR: recursivly link a dir, can not create dir 

D:\data\cpp\hardlinks\ln>REM

D:\data\cpp\hardlinks\ln>..\bin\X64\Release\ln.exe --automated_test --recursive test\Poi test\poi3\poi3  1>sortout 
ERROR: failed to create 'test\poi3\poi3'
ErrorLevel == -4

D:\data\cpp\hardlinks\ln>REM

D:\data\cpp\hardlinks\ln>REM ERR: recursivly link a dir, can not create dir, but be quiet 

D:\data\cpp\hardlinks\ln>REM

D:\data\cpp\hardlinks\ln>..\bin\X64\Release\ln.exe --automated_test --quiet --recursive test\Poi test\poi3\poi3  1>sortout 
ErrorLevel == -4

D:\data\cpp\hardlinks\ln>REM

D:\data\cpp\hardlinks\ln>REM ERR: recursivly link a dir, but source dir can not be read 

D:\data\cpp\hardlinks\ln>REM

D:\data\cpp\hardlinks\ln>..\bin\X64\Release\ln.exe --automated_test --recursive test\Poi test\poi3  1>sortout 


                      Overall
              Total    Copied    Linked   Skipped  Excluded    Failed
    Byte:         0         0         0         0         0         0
    File:         0         0         0         0         0         0
   Times:        00:00:00.002
  Folder:         1         0         -         0         0         1
 Symlink:         0         -         0         0         0         0
!?d(0x00000005) D:\data\cpp\hardlinks\ln\test\Poi
Junction:         0         -         0         0         0         0
WARNING: SmartClone finished successfully but see output for errors.
ErrorLevel == -14

D:\data\cpp\hardlinks\ln>REM

D:\data\cpp\hardlinks\ln>REM ERR: recursivly link a dir, can not link in denied dir 

D:\data\cpp\hardlinks\ln>REM

D:\data\cpp\hardlinks\ln>..\bin\X64\Release\ln.exe --automated_test --recursive test\Poi test\poi3  1>sortout 


                      Overall
              Total    Copied    Linked   Skipped  Excluded    Failed
    Byte:   133.991         0         0         0         0   133.991
    File:         5         0         0         0         0         5
   Times:        00:00:00.002
  Folder:         3         0         -         1         0         2
 Symlink:         0         -         0         0         0         0
!+d(0x00000005) D:\data\cpp\hardlinks\ln\test\poi3\Res
!+d(0x00000005) D:\data\cpp\hardlinks\ln\test\poi3\Src
!+h(0x00000003) D:\data\cpp\hardlinks\ln\test\poi3\Res\poi.rc
!+h(0x00000003) D:\data\cpp\hardlinks\ln\test\poi3\Src\function.cxx
!+h(0x00000003) D:\data\cpp\hardlinks\ln\test\poi3\Src\licence.cxx
!+h(0x00000003) D:\data\cpp\hardlinks\ln\test\poi3\Src\poitcp.cxx
!+h(0x00000005) D:\data\cpp\hardlinks\ln\test\poi3\history.txt
=d D:\data\cpp\hardlinks\ln\test\poi3
Junction:         0         -         0         0         0         0
WARNING: SmartClone finished successfully but see output for errors.
ErrorLevel == -14

D:\data\cpp\hardlinks\ln>REM

D:\data\cpp\hardlinks\ln>REM SUC: recursivly link a dir 

D:\data\cpp\hardlinks\ln>REM

D:\data\cpp\hardlinks\ln>..\bin\X64\Release\ln.exe --automated_test --recursive test\Poi test\poi2  1>sortout 


                      Overall
              Total    Copied    Linked   Skipped  Excluded    Failed
    Byte:   133.991         0   133.991         0         0         0
    File:         5         0         5         0         0         0
   Times:        00:00:00.002
  Folder:         3         3         -         0         0         0
 Symlink:         0         -         0         0         0         0
+d D:\data\cpp\hardlinks\ln\test\poi2
+d D:\data\cpp\hardlinks\ln\test\poi2\Res
+d D:\data\cpp\hardlinks\ln\test\poi2\Src
+h D:\data\cpp\hardlinks\ln\test\poi2\history.txt
+h D:\data\cpp\hardlinks\ln\test\poi2\Res\poi.rc
+h D:\data\cpp\hardlinks\ln\test\poi2\Src\function.cxx
+h D:\data\cpp\hardlinks\ln\test\poi2\Src\licence.cxx
+h D:\data\cpp\hardlinks\ln\test\poi2\Src\poitcp.cxx
Junction:         0         -         0         0         0         0
ErrorLevel == 0

D:\data\cpp\hardlinks\ln>REM

D:\data\cpp\hardlinks\ln>REM ERR: recursivly link dir but 2nd arg lacks 

D:\data\cpp\hardlinks\ln>REM

D:\data\cpp\hardlinks\ln>..\bin\X64\Release\ln.exe --automated_test --recursive test\Poi 
ln. (Recursively) creates hardlinks for files within NTFS partitions
Usage. ln [options] [commands] file|dir|UNCname [name|dir|UNCname [dir]]

Commands
      --anchor PATH
  -c, --copy SRCPATH DESTPATH
      --deeppathdelete SRCPATH        Delete path longer than 256 characters
  -d, --delorean SRCPATH BACKUPPATH_0 BACKUPPATH_1
  -e, --enum SRCPATH                  Enumerate corresponding files
  -x, --exclude WILDCARD              Exclude file <wildcard>
  -X, --excludedir WILDCARD           Exclude directory Recursively <wildcard>
  -p, --excluderegexp REGEXP          Exclude file <reg expr filename>
  -P, --excluderegexpdir REGEXP       Exclude directory <reg expr directory>
      --include WILDCARD              Include files <wildcard>
      --includedir WILDCARD           Include directory Recursively <wildcard>
      --includeregexp REGEXP          Include file <reg expr filename>
      --includeregexpdir REGEXP       Include directory <reg expr directory>
  -j, --junction JUNCTION [TARGETDIR] Show/Create a junction
  -o, --mirror SRCPATH DESTPATH
  -m, --move SRCPATH DESTPATH
      --output FILENAME               Redirect output to FILENAME
      --probefs PATH                  Show type of filesystem
  -r, --recursive SRCPATH DESTPATH    Create a clone
      --source SRCPATH                Specify additional source directories
  -i, --splice [WILDCARD]             Splice Junctions/Symlink dirs <wildcard>
      --timetolerance MILLISECONDS    File comparison tolerance <miliseconds>
      --truesize SRCPATH              Used space taking into account hardlinks
  -u, --unroll [WILDCARD]             Unroll Junctions/Symlink dirs <wildcard>

Options
  -b, --backup                        Backup mode copies also ACLs
      --dupemerge                     Use Dupemerge' hashing to find hardlinks
  -h, --help                          This help
      --json                          Prints the output in json format
      --noea                          Do not copy EA Records
      --noads                         Do not copy Alternative Data Streams (ADS)
      --progress                      Show a progress indicator on the console
  -q, --quiet                         Operation with no output
      --skipfiles                     Don't operate on files, but only on dirs
      --traditional                   Use compatibility mode for remote drives
      --1023safe                      Workaround the 1023 hardlink limit

Samples
  ln sourcefile.txt destination.txt
  ln --recursive x:\dir\dir2 x:\dir\newdir
  ln --recursive x:\dir\dir2 x:\anotherdir
  ln \\local_computer\sourcefile.txt x:\dir_on_local_computer\destination.txt
  ln \\local_computer\sourcefile.txt \\local_computer\destination.txt
  ln --recursive \\local_computer\sourcedir x:\dir\dir2
  ln --recursive \\local_computer\sourcedir \\local_computer\destdir\sample
  ln --enum x:\dir\dir2
  ln --copy x:\source\dir2 x:\dest\dir2
  ln --source x:\src\loc1 --copy x:\source\dir2 x:\dest\dir2
  ln --junction x:\source\junction x:\dest\junction target
  ln --junction x:\source\junction
ErrorLevel == -8

D:\data\cpp\hardlinks\ln>REM

D:\data\cpp\hardlinks\ln>REM SUC: recursivly link dir to file dir 

D:\data\cpp\hardlinks\ln>REM

D:\data\cpp\hardlinks\ln>..\bin\X64\Release\ln.exe --automated_test --recursive \\sleipnir\test\Poi test\poi_share  1>sortout 


                      Overall
              Total    Copied    Linked   Skipped  Excluded    Failed
    Byte:   133.991         0   133.991         0         0         0
    File:         5         0         5         0         0         0
   Times:        00:00:00.002
  Folder:         3         3         -         0         0         0
 Symlink:         0         -         0         0         0         0
+d D:\data\cpp\hardlinks\ln\test\poi_share
+d D:\data\cpp\hardlinks\ln\test\poi_share\Res
+d D:\data\cpp\hardlinks\ln\test\poi_share\Src
+h D:\data\cpp\hardlinks\ln\test\poi_share\history.txt
+h D:\data\cpp\hardlinks\ln\test\poi_share\Res\poi.rc
+h D:\data\cpp\hardlinks\ln\test\poi_share\Src\function.cxx
+h D:\data\cpp\hardlinks\ln\test\poi_share\Src\licence.cxx
+h D:\data\cpp\hardlinks\ln\test\poi_share\Src\poitcp.cxx
Junction:         0         -         0         0         0         0
ErrorLevel == 0

D:\data\cpp\hardlinks\ln>REM

D:\data\cpp\hardlinks\ln>REM SUC: recursivly link dir to share dir 

D:\data\cpp\hardlinks\ln>REM

D:\data\cpp\hardlinks\ln>..\bin\X64\Release\ln.exe --automated_test --recursive \\sleipnir\test\Poi \\sleipnir\test\poi_share_share  1>sortout 


                      Overall
              Total    Copied    Linked   Skipped  Excluded    Failed
    Byte:   133.991         0   133.991         0         0         0
    File:         5         0         5         0         0         0
   Times:        00:00:00.002
  Folder:         3         3         -         0         0         0
 Symlink:         0         -         0         0         0         0
+d D:\data\cpp\hardlinks\ln\test\poi_share_share
+d D:\data\cpp\hardlinks\ln\test\poi_share_share\Res
+d D:\data\cpp\hardlinks\ln\test\poi_share_share\Src
+h D:\data\cpp\hardlinks\ln\test\poi_share_share\history.txt
+h D:\data\cpp\hardlinks\ln\test\poi_share_share\Res\poi.rc
+h D:\data\cpp\hardlinks\ln\test\poi_share_share\Src\function.cxx
+h D:\data\cpp\hardlinks\ln\test\poi_share_share\Src\licence.cxx
+h D:\data\cpp\hardlinks\ln\test\poi_share_share\Src\poitcp.cxx
Junction:         0         -         0         0         0         0
ErrorLevel == 0

D:\data\cpp\hardlinks\ln>REM

D:\data\cpp\hardlinks\ln>REM ERR: recursivly link a dir but destdir exists and already has files 

D:\data\cpp\hardlinks\ln>REM

D:\data\cpp\hardlinks\ln>..\bin\X64\Release\ln.exe --automated_test --recursive test\Poi test\poi2  1>sortout 


                      Overall
              Total    Copied    Linked   Skipped  Excluded    Failed
    Byte:   133.991         0         0   133.991         0         0
    File:         5         0         0         5         0         0
   Times:        00:00:00.002
  Folder:         3         0         -         3         0         0
 Symlink:         0         -         0         0         0         0
=d D:\data\cpp\hardlinks\ln\test\poi2
=d D:\data\cpp\hardlinks\ln\test\poi2\Res
=d D:\data\cpp\hardlinks\ln\test\poi2\Src
=h D:\data\cpp\hardlinks\ln\test\poi2\history.txt
=h D:\data\cpp\hardlinks\ln\test\poi2\Res\poi.rc
=h D:\data\cpp\hardlinks\ln\test\poi2\Src\function.cxx
=h D:\data\cpp\hardlinks\ln\test\poi2\Src\licence.cxx
=h D:\data\cpp\hardlinks\ln\test\poi2\Src\poitcp.cxx
Junction:         0         -         0         0         0         0
ErrorLevel == 0

D:\data\cpp\hardlinks\ln>REM

D:\data\cpp\hardlinks\ln>REM SUC: recursivly link a dir but destdir exists but dir is empty 

D:\data\cpp\hardlinks\ln>REM

D:\data\cpp\hardlinks\ln>mkdir test\poi3 

D:\data\cpp\hardlinks\ln>..\bin\X64\Release\ln.exe --automated_test --recursive test\Poi test\poi3  1>sortout 


                      Overall
              Total    Copied    Linked   Skipped  Excluded    Failed
    Byte:   133.991         0   133.991         0         0         0
    File:         5         0         5         0         0         0
   Times:        00:00:00.002
  Folder:         3         3         -         0         0         0
 Symlink:         0         -         0         0         0         0
+d D:\data\cpp\hardlinks\ln\test\poi3
+d D:\data\cpp\hardlinks\ln\test\poi3\Res
+d D:\data\cpp\hardlinks\ln\test\poi3\Src
+h D:\data\cpp\hardlinks\ln\test\poi3\history.txt
+h D:\data\cpp\hardlinks\ln\test\poi3\Res\poi.rc
+h D:\data\cpp\hardlinks\ln\test\poi3\Src\function.cxx
+h D:\data\cpp\hardlinks\ln\test\poi3\Src\licence.cxx
+h D:\data\cpp\hardlinks\ln\test\poi3\Src\poitcp.cxx
Junction:         0         -         0         0         0         0
ErrorLevel == 0

D:\data\cpp\hardlinks\ln>REM

D:\data\cpp\hardlinks\ln>REM SUC: recursivly link a dir but dest is a file and exists 

D:\data\cpp\hardlinks\ln>REM

D:\data\cpp\hardlinks\ln>..\bin\X64\Release\ln.exe --automated_test --recursive test\Poi test\resource.h  1>sortout 
ERROR: file 'test\resource.h' already exists
ErrorLevel == -3

D:\data\cpp\hardlinks\ln>REM

D:\data\cpp\hardlinks\ln>REM ERR: recursivly link dir but first dir does not exist 

D:\data\cpp\hardlinks\ln>REM

D:\data\cpp\hardlinks\ln>..\bin\X64\Release\ln.exe --automated_test --recursive test\Poi_ test\Poi2  1>sortout 
ERROR: source directory 'test\Poi_' does not exist
ErrorLevel == -1

D:\data\cpp\hardlinks\ln>REM

D:\data\cpp\hardlinks\ln>REM ERR: recursivly link dir but first arg is not a dir 

D:\data\cpp\hardlinks\ln>REM

D:\data\cpp\hardlinks\ln>..\bin\X64\Release\ln.exe --automated_test --recursive test\ln.h test\Poi2  1>sortout 
ERROR: 'test\ln.h' is not a directory
ErrorLevel == -2

D:\data\cpp\hardlinks\ln>REM

D:\data\cpp\hardlinks\ln>REM SUC: recursivly link dir to file dir but be quiet 

D:\data\cpp\hardlinks\ln>REM

D:\data\cpp\hardlinks\ln>..\bin\X64\Release\ln.exe --automated_test --quiet --recursive \\sleipnir\test\Poi test\poi_quiet  1>sortout 


                      Overall
              Total    Copied    Linked   Skipped  Excluded    Failed
    Byte:   133.991         0   133.991         0         0         0
    File:         5         0         5         0         0         0
   Times:        00:00:00.002
  Folder:         3         3         -         0         0         0
 Symlink:         0         -         0         0         0         0
Junction:         0         -         0         0         0         0
ErrorLevel == 0

D:\data\cpp\hardlinks\ln>REM

D:\data\cpp\hardlinks\ln>REM ERR: ommit a few parameters 

D:\data\cpp\hardlinks\ln>REM

D:\data\cpp\hardlinks\ln>..\bin\X64\Release\ln.exe --automated_test --recursive 
ln. (Recursively) creates hardlinks for files within NTFS partitions
Usage. ln [options] [commands] file|dir|UNCname [name|dir|UNCname [dir]]

Commands
      --anchor PATH
  -c, --copy SRCPATH DESTPATH
      --deeppathdelete SRCPATH        Delete path longer than 256 characters
  -d, --delorean SRCPATH BACKUPPATH_0 BACKUPPATH_1
  -e, --enum SRCPATH                  Enumerate corresponding files
  -x, --exclude WILDCARD              Exclude file <wildcard>
  -X, --excludedir WILDCARD           Exclude directory Recursively <wildcard>
  -p, --excluderegexp REGEXP          Exclude file <reg expr filename>
  -P, --excluderegexpdir REGEXP       Exclude directory <reg expr directory>
      --include WILDCARD              Include files <wildcard>
      --includedir WILDCARD           Include directory Recursively <wildcard>
      --includeregexp REGEXP          Include file <reg expr filename>
      --includeregexpdir REGEXP       Include directory <reg expr directory>
  -j, --junction JUNCTION [TARGETDIR] Show/Create a junction
  -o, --mirror SRCPATH DESTPATH
  -m, --move SRCPATH DESTPATH
      --output FILENAME               Redirect output to FILENAME
      --probefs PATH                  Show type of filesystem
  -r, --recursive SRCPATH DESTPATH    Create a clone
      --source SRCPATH                Specify additional source directories
  -i, --splice [WILDCARD]             Splice Junctions/Symlink dirs <wildcard>
      --timetolerance MILLISECONDS    File comparison tolerance <miliseconds>
      --truesize SRCPATH              Used space taking into account hardlinks
  -u, --unroll [WILDCARD]             Unroll Junctions/Symlink dirs <wildcard>

Options
  -b, --backup                        Backup mode copies also ACLs
      --dupemerge                     Use Dupemerge' hashing to find hardlinks
  -h, --help                          This help
      --json                          Prints the output in json format
      --noea                          Do not copy EA Records
      --noads                         Do not copy Alternative Data Streams (ADS)
      --progress                      Show a progress indicator on the console
  -q, --quiet                         Operation with no output
      --skipfiles                     Don't operate on files, but only on dirs
      --traditional                   Use compatibility mode for remote drives
      --1023safe                      Workaround the 1023 hardlink limit

Samples
  ln sourcefile.txt destination.txt
  ln --recursive x:\dir\dir2 x:\dir\newdir
  ln --recursive x:\dir\dir2 x:\anotherdir
  ln \\local_computer\sourcefile.txt x:\dir_on_local_computer\destination.txt
  ln \\local_computer\sourcefile.txt \\local_computer\destination.txt
  ln --recursive \\local_computer\sourcedir x:\dir\dir2
  ln --recursive \\local_computer\sourcedir \\local_computer\destdir\sample
  ln --enum x:\dir\dir2
  ln --copy x:\source\dir2 x:\dest\dir2
  ln --source x:\src\loc1 --copy x:\source\dir2 x:\dest\dir2
  ln --junction x:\source\junction x:\dest\junction target
  ln --junction x:\source\junction
ErrorLevel == -8

D:\data\cpp\hardlinks\ln>..\bin\X64\Release\ln.exe --automated_test --symbolic 
ln. (Recursively) creates hardlinks for files within NTFS partitions
Usage. ln [options] [commands] file|dir|UNCname [name|dir|UNCname [dir]]

Commands
      --anchor PATH
  -c, --copy SRCPATH DESTPATH
      --deeppathdelete SRCPATH        Delete path longer than 256 characters
  -d, --delorean SRCPATH BACKUPPATH_0 BACKUPPATH_1
  -e, --enum SRCPATH                  Enumerate corresponding files
  -x, --exclude WILDCARD              Exclude file <wildcard>
  -X, --excludedir WILDCARD           Exclude directory Recursively <wildcard>
  -p, --excluderegexp REGEXP          Exclude file <reg expr filename>
  -P, --excluderegexpdir REGEXP       Exclude directory <reg expr directory>
      --include WILDCARD              Include files <wildcard>
      --includedir WILDCARD           Include directory Recursively <wildcard>
      --includeregexp REGEXP          Include file <reg expr filename>
      --includeregexpdir REGEXP       Include directory <reg expr directory>
  -j, --junction JUNCTION [TARGETDIR] Show/Create a junction
  -o, --mirror SRCPATH DESTPATH
  -m, --move SRCPATH DESTPATH
      --output FILENAME               Redirect output to FILENAME
      --probefs PATH                  Show type of filesystem
  -r, --recursive SRCPATH DESTPATH    Create a clone
      --source SRCPATH                Specify additional source directories
  -i, --splice [WILDCARD]             Splice Junctions/Symlink dirs <wildcard>
      --timetolerance MILLISECONDS    File comparison tolerance <miliseconds>
      --truesize SRCPATH              Used space taking into account hardlinks
  -u, --unroll [WILDCARD]             Unroll Junctions/Symlink dirs <wildcard>

Options
  -b, --backup                        Backup mode copies also ACLs
      --dupemerge                     Use Dupemerge' hashing to find hardlinks
  -h, --help                          This help
      --json                          Prints the output in json format
      --noea                          Do not copy EA Records
      --noads                         Do not copy Alternative Data Streams (ADS)
      --progress                      Show a progress indicator on the console
  -q, --quiet                         Operation with no output
      --skipfiles                     Don't operate on files, but only on dirs
      --traditional                   Use compatibility mode for remote drives
      --1023safe                      Workaround the 1023 hardlink limit

Samples
  ln sourcefile.txt destination.txt
  ln --recursive x:\dir\dir2 x:\dir\newdir
  ln --recursive x:\dir\dir2 x:\anotherdir
  ln \\local_computer\sourcefile.txt x:\dir_on_local_computer\destination.txt
  ln \\local_computer\sourcefile.txt \\local_computer\destination.txt
  ln --recursive \\local_computer\sourcedir x:\dir\dir2
  ln --recursive \\local_computer\sourcedir \\local_computer\destdir\sample
  ln --enum x:\dir\dir2
  ln --copy x:\source\dir2 x:\dest\dir2
  ln --source x:\src\loc1 --copy x:\source\dir2 x:\dest\dir2
  ln --junction x:\source\junction x:\dest\junction target
  ln --junction x:\source\junction
ErrorLevel == -8

D:\data\cpp\hardlinks\ln>REM

D:\data\cpp\hardlinks\ln>REM SUC: par1 has a trailing \ 

D:\data\cpp\hardlinks\ln>REM

D:\data\cpp\hardlinks\ln>..\bin\X64\Release\ln.exe --automated_test --recursive test\Poi\ test\poi3  1>sortout 


                      Overall
              Total    Copied    Linked   Skipped  Excluded    Failed
    Byte:   133.991         0   133.991         0         0         0
    File:         5         0         5         0         0         0
   Times:        00:00:00.002
  Folder:         3         3         -         0         0         0
 Symlink:         0         -         0         0         0         0
+d D:\data\cpp\hardlinks\ln\test\poi3
+d D:\data\cpp\hardlinks\ln\test\poi3\Res
+d D:\data\cpp\hardlinks\ln\test\poi3\Src
+h D:\data\cpp\hardlinks\ln\test\poi3\history.txt
+h D:\data\cpp\hardlinks\ln\test\poi3\Res\poi.rc
+h D:\data\cpp\hardlinks\ln\test\poi3\Src\function.cxx
+h D:\data\cpp\hardlinks\ln\test\poi3\Src\licence.cxx
+h D:\data\cpp\hardlinks\ln\test\poi3\Src\poitcp.cxx
Junction:         0         -         0         0         0         0
ErrorLevel == 0

D:\data\cpp\hardlinks\ln>REM

D:\data\cpp\hardlinks\ln>REM SUC: Destination is specified with no drive letter 

D:\data\cpp\hardlinks\ln>REM

D:\data\cpp\hardlinks\ln>set DIR=\data\cpp\hardlinks\ln\\test\t 

D:\data\cpp\hardlinks\ln>mkdir \data\cpp\hardlinks\ln\\test\t 

D:\data\cpp\hardlinks\ln>..\bin\X64\Release\ln.exe --automated_test --recursive  test\poi \data\cpp\hardlinks\ln\\test\t  1>sortout 


                      Overall
              Total    Copied    Linked   Skipped  Excluded    Failed
    Byte:   133.991         0   133.991         0         0         0
    File:         5         0         5         0         0         0
   Times:        00:00:00.002
  Folder:         3         3         -         0         0         0
 Symlink:         0         -         0         0         0         0
+d D:\data\cpp\hardlinks\ln\test\t
+d D:\data\cpp\hardlinks\ln\test\t\Res
+d D:\data\cpp\hardlinks\ln\test\t\Src
+h D:\data\cpp\hardlinks\ln\test\t\history.txt
+h D:\data\cpp\hardlinks\ln\test\t\Res\poi.rc
+h D:\data\cpp\hardlinks\ln\test\t\Src\function.cxx
+h D:\data\cpp\hardlinks\ln\test\t\Src\licence.cxx
+h D:\data\cpp\hardlinks\ln\test\t\Src\poitcp.cxx
Junction:         0         -         0         0         0         0
ErrorLevel == 0

D:\data\cpp\hardlinks\ln>REM

D:\data\cpp\hardlinks\ln>REM SUC: --recursive on an empty directory 

D:\data\cpp\hardlinks\ln>REM

D:\data\cpp\hardlinks\ln>..\bin\X64\Release\ln.exe --automated_test --recursive test\poi\empty_src test\poi\empty_dst  1>sortout 


                      Overall
              Total    Copied    Linked   Skipped  Excluded    Failed
    Byte:         0         0         0         0         0         0
    File:         0         0         0         0         0         0
   Times:        00:00:00.002
  Folder:         1         0         -         0         0         0
 Symlink:         0         -         0         0         0         0
Junction:         0         -         0         0         0         0
ErrorLevel == 0
File not found - test\poi\empty_dst

D:\data\cpp\hardlinks\ln>REM

D:\data\cpp\hardlinks\ln>REM SUC: Destination is a path which does not exist 

D:\data\cpp\hardlinks\ln>REM      so call mkdirhier to create the path to the file 

D:\data\cpp\hardlinks\ln>REM

D:\data\cpp\hardlinks\ln>set BASE=test\not 

D:\data\cpp\hardlinks\ln>set DIR=test\not\there\at\all 

D:\data\cpp\hardlinks\ln>..\bin\X64\Release\ln.exe --automated_test test\poi\history.txt test\not\there\at\all\history_link.txt 
test\poi\history.txt
1 file linked
ErrorLevel == 0

D:\data\cpp\hardlinks\ln>REM

D:\data\cpp\hardlinks\ln>REM TODO SUC: Remote Hardlink creation  

D:\data\cpp\hardlinks\ln>REM

D:\data\cpp\hardlinks\ln>REM ln \\ba\file1 \\bla\file2 

D:\data\cpp\hardlinks\ln>REM

D:\data\cpp\hardlinks\ln>REM TODO ERR: Remote Hardlink creation  

D:\data\cpp\hardlinks\ln>REM

D:\data\cpp\hardlinks\ln>REM ln \\blu\file1 \\bla\file2 

D:\data\cpp\hardlinks\ln>REM

D:\data\cpp\hardlinks\ln>REM TODO SUC: Remote Hardlink creation  

D:\data\cpp\hardlinks\ln>REM

D:\data\cpp\hardlinks\ln>REM ln --recursive \\ba\dir1 \\bla\dir2 

D:\data\cpp\hardlinks\ln>REM

D:\data\cpp\hardlinks\ln>REM TODO ERR: Remote Hardlink creation  

D:\data\cpp\hardlinks\ln>REM

D:\data\cpp\hardlinks\ln>REM ln --recursive \\blu\file1 \\bla\file2 

D:\data\cpp\hardlinks\ln>REM

D:\data\cpp\hardlinks\ln>REM TODO ERR: Check enumerate 

D:\data\cpp\hardlinks\ln>REM

D:\data\cpp\hardlinks\ln>REM ln --enum \\blu\file1  

D:\data\cpp\hardlinks\ln>REM

D:\data\cpp\hardlinks\ln>REM SUCC: Enumerate only saturated hardlinks 

D:\data\cpp\hardlinks\ln>REM

D:\data\cpp\hardlinks\ln>..\bin\X64\Release\ln.exe --automated_test --enum test\enum\1 
Saturated Hardlinks
---------------------
D:\data\cpp\hardlinks\ln\test\enum\1\ln.h.0: 7 
D:\data\cpp\hardlinks\ln\test\enum\1\ln.h.1: 7 
D:\data\cpp\hardlinks\ln\test\enum\1\ln.h.2: 7 
D:\data\cpp\hardlinks\ln\test\enum\1\ln.h.3: 7 
D:\data\cpp\hardlinks\ln\test\enum\1\ln.h.4: 7 
D:\data\cpp\hardlinks\ln\test\enum\1\ln.h.5: 7 
D:\data\cpp\hardlinks\ln\test\enum\1\ln.h.6: 7 

UnSaturated Hardlinks
---------------------
No unsaturated hardlinks found.

1 Hardlink Groups found.
ErrorLevel == 0

D:\data\cpp\hardlinks\ln>REM

D:\data\cpp\hardlinks\ln>REM SUCC: Now make the saturated group unsaturated 

D:\data\cpp\hardlinks\ln>REM

D:\data\cpp\hardlinks\ln>..\bin\X64\Release\ln.exe --automated_test --enum test\enum\1 
Saturated Hardlinks
---------------------
No saturated hardlinks found.

UnSaturated Hardlinks
---------------------
D:\data\cpp\hardlinks\ln\test\enum\1\ln.h.0: 8 
D:\data\cpp\hardlinks\ln\test\enum\1\ln.h.1: 8 
D:\data\cpp\hardlinks\ln\test\enum\1\ln.h.2: 8 
D:\data\cpp\hardlinks\ln\test\enum\1\ln.h.3: 8 
D:\data\cpp\hardlinks\ln\test\enum\1\ln.h.4: 8 
D:\data\cpp\hardlinks\ln\test\enum\1\ln.h.5: 8 
D:\data\cpp\hardlinks\ln\test\enum\1\ln.h.6: 8 

1 Hardlink Groups found.
ErrorLevel == 0

D:\data\cpp\hardlinks\ln>REM

D:\data\cpp\hardlinks\ln>REM SUCC: Show both now 

D:\data\cpp\hardlinks\ln>REM

D:\data\cpp\hardlinks\ln>..\bin\X64\Release\ln.exe --automated_test --enum test\enum 
Saturated Hardlinks
---------------------
D:\data\cpp\hardlinks\ln\test\enum\1\ln.h.0: 8 
D:\data\cpp\hardlinks\ln\test\enum\1\ln.h.1: 8 
D:\data\cpp\hardlinks\ln\test\enum\1\ln.h.2: 8 
D:\data\cpp\hardlinks\ln\test\enum\1\ln.h.3: 8 
D:\data\cpp\hardlinks\ln\test\enum\1\ln.h.4: 8 
D:\data\cpp\hardlinks\ln\test\enum\1\ln.h.5: 8 
D:\data\cpp\hardlinks\ln\test\enum\1\ln.h.6: 8 
D:\data\cpp\hardlinks\ln\test\enum\2\ln.h.us1: 8 

UnSaturated Hardlinks
---------------------
No unsaturated hardlinks found.

1 Hardlink Groups found.
ErrorLevel == 0

D:\data\cpp\hardlinks\ln>REM

D:\data\cpp\hardlinks\ln>REM SUCC: Copy Hardlink 

D:\data\cpp\hardlinks\ln>REM

D:\data\cpp\hardlinks\ln>REM Preparation 

D:\data\cpp\hardlinks\ln>REM

D:\data\cpp\hardlinks\ln>..\bin\X64\Release\ln.exe --automated_test --enum test\copy\source\Folder1 
Saturated Hardlinks
---------------------
D:\data\cpp\hardlinks\ln\test\copy\source\Folder1\Folder2\E: 2 
D:\data\cpp\hardlinks\ln\test\copy\source\Folder1\Folder3\F: 2 

UnSaturated Hardlinks
---------------------
D:\data\cpp\hardlinks\ln\test\copy\source\Folder1\C: 3 
D:\data\cpp\hardlinks\ln\test\copy\source\Folder1\Folder2\D: 3 

2 Hardlink Groups found.
ErrorLevel == 0

D:\data\cpp\hardlinks\ln>..\bin\X64\Release\ln.exe --automated_test --enum test\copy\source 
Saturated Hardlinks
---------------------
D:\data\cpp\hardlinks\ln\test\copy\source\Folder1\Folder2\E: 2 
D:\data\cpp\hardlinks\ln\test\copy\source\Folder1\Folder3\F: 2 

D:\data\cpp\hardlinks\ln\test\copy\source\Folder0\A: 3 
D:\data\cpp\hardlinks\ln\test\copy\source\Folder1\C: 3 
D:\data\cpp\hardlinks\ln\test\copy\source\Folder1\Folder2\D: 3 

UnSaturated Hardlinks
---------------------
No unsaturated hardlinks found.

2 Hardlink Groups found.
ErrorLevel == 0

D:\data\cpp\hardlinks\ln>REM ----------------- 

D:\data\cpp\hardlinks\ln>REM

D:\data\cpp\hardlinks\ln>REM SUCC: Copy Hardlink 

D:\data\cpp\hardlinks\ln>REM

D:\data\cpp\hardlinks\ln>..\bin\X64\Release\ln.exe --automated_test --copy test\copy\source\Folder1 test\copy\dest\Folder1  1>sortout 


                      Overall
              Total    Copied    Linked   Skipped  Excluded    Failed
    Byte:     1.340       873       467         0         0         0
    File:         5         3         2         0         0         0
   Times:        00:00:00.002
  Folder:         3         3         -         0         0         0
 Symlink:         0         -         0         0         0         0
*h D:\data\cpp\hardlinks\ln\test\copy\dest\Folder1\Folder2\D
*h D:\data\cpp\hardlinks\ln\test\copy\dest\Folder1\Folder2\E
+d D:\data\cpp\hardlinks\ln\test\copy\dest\Folder1
+d D:\data\cpp\hardlinks\ln\test\copy\dest\Folder1\Folder2
+d D:\data\cpp\hardlinks\ln\test\copy\dest\Folder1\Folder3
+f D:\data\cpp\hardlinks\ln\test\copy\dest\Folder1\B
+f D:\data\cpp\hardlinks\ln\test\copy\dest\Folder1\C
+f D:\data\cpp\hardlinks\ln\test\copy\dest\Folder1\Folder3\F
Junction:         0         -         0         0         0         0
ErrorLevel == 0

D:\data\cpp\hardlinks\ln>..\bin\X64\Release\ln.exe --automated_test --enum test\copy\dest 
Saturated Hardlinks
---------------------
D:\data\cpp\hardlinks\ln\test\copy\dest\Folder1\Folder2\E: 2 
D:\data\cpp\hardlinks\ln\test\copy\dest\Folder1\Folder3\F: 2 

D:\data\cpp\hardlinks\ln\test\copy\dest\Folder1\C: 2 
D:\data\cpp\hardlinks\ln\test\copy\dest\Folder1\Folder2\D: 2 

UnSaturated Hardlinks
---------------------
No unsaturated hardlinks found.

2 Hardlink Groups found.
ErrorLevel == 0

D:\data\cpp\hardlinks\ln>REM  

D:\data\cpp\hardlinks\ln>REM Clean up 

D:\data\cpp\hardlinks\ln>REM

D:\data\cpp\hardlinks\ln>REM ----------------- 

D:\data\cpp\hardlinks\ln>REM

D:\data\cpp\hardlinks\ln>REM SUCC: ln -r but one file is read only 

D:\data\cpp\hardlinks\ln>REM

D:\data\cpp\hardlinks\ln>set TESTROOT=test\hlc03 

D:\data\cpp\hardlinks\ln>set TESTROOTSRC=test\hlc03\source 

D:\data\cpp\hardlinks\ln>set TESTROOTDST=test\hlc03\dest 

D:\data\cpp\hardlinks\ln>mkdir test\hlc03\source\Folder0  1>nul 

D:\data\cpp\hardlinks\ln>mkdir test\hlc03\source\Folder0\Folder1  1>nul 

D:\data\cpp\hardlinks\ln>mkdir test\hlc03\dest  1>nul 

D:\data\cpp\hardlinks\ln>copy test\ln.h "test\hlc03\source\Folder0\Folder1\File A in Folder1"  1>nul 

D:\data\cpp\hardlinks\ln>copy test\ln.h "test\hlc03\source\Folder0\Folder1\File B in Folder1"  1>nul 

D:\data\cpp\hardlinks\ln>attrib +r "test\hlc03\source\Folder0\Folder1\File A in Folder1" 

D:\data\cpp\hardlinks\ln>..\bin\X64\Release\ln.exe --automated_test --recursive test\hlc03\source test\hlc03\dest  1>sortout 


                      Overall
              Total    Copied    Linked   Skipped  Excluded    Failed
    Byte:       928         0       928         0         0         0
    File:         2         0         2         0         0         0
   Times:        00:00:00.002
  Folder:         3         3         -         0         0         0
 Symlink:         0         -         0         0         0         0
+d D:\data\cpp\hardlinks\ln\test\hlc03\dest
+d D:\data\cpp\hardlinks\ln\test\hlc03\dest\Folder0
+d D:\data\cpp\hardlinks\ln\test\hlc03\dest\Folder0\Folder1
+h D:\data\cpp\hardlinks\ln\test\hlc03\dest\Folder0\Folder1\File A in Folder1
+h D:\data\cpp\hardlinks\ln\test\hlc03\dest\Folder0\Folder1\File B in Folder1
Junction:         0         -         0         0         0         0
ErrorLevel == 0

D:\data\cpp\hardlinks\ln>..\Tools\where.exe *.* test\hlc03\dest   | sort  
2 matching file(s) found, using 928 bytes.
D:\data\cpp\hardlinks\ln\test\hlc03\dest\Folder0\Folder1\File A in Folder1
D:\data\cpp\hardlinks\ln\test\hlc03\dest\Folder0\Folder1\File B in Folder1

D:\data\cpp\hardlinks\ln>REM ----------------- 

D:\data\cpp\hardlinks\ln>REM

D:\data\cpp\hardlinks\ln>REM SUCC: ln -r but one file is read only and one is hidden 

D:\data\cpp\hardlinks\ln>REM

D:\data\cpp\hardlinks\ln>set TESTROOT=test\hlc03 

D:\data\cpp\hardlinks\ln>set TESTROOTSRC=test\hlc03\source 

D:\data\cpp\hardlinks\ln>set TESTROOTDST=test\hlc03\dest 

D:\data\cpp\hardlinks\ln>mkdir test\hlc03\source\Folder0  1>nul 

D:\data\cpp\hardlinks\ln>mkdir test\hlc03\source\Folder0\Folder1  1>nul 

D:\data\cpp\hardlinks\ln>mkdir test\hlc03\dest  1>nul 

D:\data\cpp\hardlinks\ln>copy test\ln.h "test\hlc03\source\Folder0\Folder1\File A in Folder1"  1>nul 

D:\data\cpp\hardlinks\ln>copy test\ln.h "test\hlc03\source\Folder0\Folder1\File B in Folder1"  1>nul 

D:\data\cpp\hardlinks\ln>copy test\ln.h "test\hlc03\source\Folder0\Folder1\File C in Folder1"  1>nul 

D:\data\cpp\hardlinks\ln>attrib +r "test\hlc03\source\Folder0\Folder1\File A in Folder1" 

D:\data\cpp\hardlinks\ln>attrib +h "test\hlc03\source\Folder0\Folder1\File B in Folder1" 

D:\data\cpp\hardlinks\ln>..\bin\X64\Release\ln.exe --automated_test --recursive test\hlc03\source test\hlc03\dest  1>sortout 


                      Overall
              Total    Copied    Linked   Skipped  Excluded    Failed
    Byte:     1.392         0     1.392         0         0         0
    File:         3         0         3         0         0         0
   Times:        00:00:00.002
  Folder:         3         3         -         0         0         0
 Symlink:         0         -         0         0         0         0
+d D:\data\cpp\hardlinks\ln\test\hlc03\dest
+d D:\data\cpp\hardlinks\ln\test\hlc03\dest\Folder0
+d D:\data\cpp\hardlinks\ln\test\hlc03\dest\Folder0\Folder1
+h D:\data\cpp\hardlinks\ln\test\hlc03\dest\Folder0\Folder1\File A in Folder1
+h D:\data\cpp\hardlinks\ln\test\hlc03\dest\Folder0\Folder1\File B in Folder1
+h D:\data\cpp\hardlinks\ln\test\hlc03\dest\Folder0\Folder1\File C in Folder1
Junction:         0         -         0         0         0         0
ErrorLevel == 0

D:\data\cpp\hardlinks\ln>..\Tools\where.exe *.* test\hlc03\dest   | sort  
3 matching file(s) found, using 1392 bytes.
D:\data\cpp\hardlinks\ln\test\hlc03\dest\Folder0\Folder1\File A in Folder1
D:\data\cpp\hardlinks\ln\test\hlc03\dest\Folder0\Folder1\File B in Folder1
D:\data\cpp\hardlinks\ln\test\hlc03\dest\Folder0\Folder1\File C in Folder1

D:\data\cpp\hardlinks\ln>REM ----------------- 

D:\data\cpp\hardlinks\ln>REM

D:\data\cpp\hardlinks\ln>REM SUCC: Check if attributes of directories are copied 

D:\data\cpp\hardlinks\ln>REM

D:\data\cpp\hardlinks\ln>set TESTROOT=test\acp 

D:\data\cpp\hardlinks\ln>set TESTROOTSRC=test\acp\source 

D:\data\cpp\hardlinks\ln>set TESTROOTDST=test\acp\dest 

D:\data\cpp\hardlinks\ln>mkdir test\acp\source\Folder0  1>nul 

D:\data\cpp\hardlinks\ln>mkdir test\acp\source\Folder0\Folder1  1>nul 

D:\data\cpp\hardlinks\ln>mkdir test\acp\dest  1>nul 

D:\data\cpp\hardlinks\ln>copy test\ln.h "test\acp\source\Folder0\Folder1\File A in Folder1"  1>nul 

D:\data\cpp\hardlinks\ln>copy test\ln.h "test\acp\source\Folder0\Folder1\File B in Folder1"  1>nul 

D:\data\cpp\hardlinks\ln>attrib +r +h "test\acp\source\Folder0\Folder1" 

D:\data\cpp\hardlinks\ln>attrib +r "test\acp\source\Folder0\Folder1\File A in Folder1" 

D:\data\cpp\hardlinks\ln>..\bin\X64\Release\ln.exe --automated_test --copy test\acp\source test\acp\dest  1>sortout 


                      Overall
              Total    Copied    Linked   Skipped  Excluded    Failed
    Byte:       928       928         0         0         0         0
    File:         2         2         0         0         0         0
   Times:        00:00:00.002
  Folder:         3         2         -         1         0         0
 Symlink:         0         -         0         0         0         0
+d D:\data\cpp\hardlinks\ln\test\acp\dest\Folder0
+d D:\data\cpp\hardlinks\ln\test\acp\dest\Folder0\Folder1
+f D:\data\cpp\hardlinks\ln\test\acp\dest\Folder0\Folder1\File A in Folder1
+f D:\data\cpp\hardlinks\ln\test\acp\dest\Folder0\Folder1\File B in Folder1
=d D:\data\cpp\hardlinks\ln\test\acp\dest
Junction:         0         -         0         0         0         0
ErrorLevel == 0

D:\data\cpp\hardlinks\ln>ATTRIB test\acp\*.* /S /D 
A    R       D:\data\cpp\hardlinks\ln\test\acp\dest\Folder0\Folder1\File A in Folder1
A            D:\data\cpp\hardlinks\ln\test\acp\dest\Folder0\Folder1\File B in Folder1
    HR       D:\data\cpp\hardlinks\ln\test\acp\dest\Folder0\Folder1
             D:\data\cpp\hardlinks\ln\test\acp\dest\Folder0
A    R       D:\data\cpp\hardlinks\ln\test\acp\source\Folder0\Folder1\File A in Folder1
A            D:\data\cpp\hardlinks\ln\test\acp\source\Folder0\Folder1\File B in Folder1
    HR       D:\data\cpp\hardlinks\ln\test\acp\source\Folder0\Folder1
             D:\data\cpp\hardlinks\ln\test\acp\source\Folder0
             D:\data\cpp\hardlinks\ln\test\acp\dest
             D:\data\cpp\hardlinks\ln\test\acp\source

D:\data\cpp\hardlinks\ln>REM ----------------- 

D:\data\cpp\hardlinks\ln>REM

D:\data\cpp\hardlinks\ln>REM SUCC: Check if attributes of directories are cloned 

D:\data\cpp\hardlinks\ln>REM

D:\data\cpp\hardlinks\ln>set TESTROOT=test\acp 

D:\data\cpp\hardlinks\ln>set TESTROOTSRC=test\acp\source 

D:\data\cpp\hardlinks\ln>set TESTROOTDST=test\acp\dest 

D:\data\cpp\hardlinks\ln>mkdir test\acp\source\Folder0  1>nul 

D:\data\cpp\hardlinks\ln>mkdir test\acp\source\Folder0\Folder1  1>nul 

D:\data\cpp\hardlinks\ln>mkdir test\acp\dest  1>nul 

D:\data\cpp\hardlinks\ln>copy test\ln.h "test\acp\source\Folder0\Folder1\File A in Folder1"  1>nul 

D:\data\cpp\hardlinks\ln>copy test\ln.h "test\acp\source\Folder0\Folder1\File B in Folder1"  1>nul 

D:\data\cpp\hardlinks\ln>attrib +r +h "test\acp\source\Folder0\Folder1" 

D:\data\cpp\hardlinks\ln>attrib +r "test\acp\source\Folder0\Folder1\File A in Folder1" 

D:\data\cpp\hardlinks\ln>attrib +r "test\acp\source" 

D:\data\cpp\hardlinks\ln>..\bin\X64\Release\ln.exe --automated_test --recursive test\acp\source test\acp\dest  1>sortout 


                      Overall
              Total    Copied    Linked   Skipped  Excluded    Failed
    Byte:       928         0       928         0         0         0
    File:         2         0         2         0         0         0
   Times:        00:00:00.002
  Folder:         3         3         -         0         0         0
 Symlink:         0         -         0         0         0         0
+d D:\data\cpp\hardlinks\ln\test\acp\dest
+d D:\data\cpp\hardlinks\ln\test\acp\dest\Folder0
+d D:\data\cpp\hardlinks\ln\test\acp\dest\Folder0\Folder1
+h D:\data\cpp\hardlinks\ln\test\acp\dest\Folder0\Folder1\File A in Folder1
+h D:\data\cpp\hardlinks\ln\test\acp\dest\Folder0\Folder1\File B in Folder1
Junction:         0         -         0         0         0         0
ErrorLevel == 0

D:\data\cpp\hardlinks\ln>ATTRIB test\acp\*.* /S /D 
A    R       D:\data\cpp\hardlinks\ln\test\acp\dest\Folder0\Folder1\File A in Folder1
A            D:\data\cpp\hardlinks\ln\test\acp\dest\Folder0\Folder1\File B in Folder1
    HR       D:\data\cpp\hardlinks\ln\test\acp\dest\Folder0\Folder1
             D:\data\cpp\hardlinks\ln\test\acp\dest\Folder0
A    R       D:\data\cpp\hardlinks\ln\test\acp\source\Folder0\Folder1\File A in Folder1
A            D:\data\cpp\hardlinks\ln\test\acp\source\Folder0\Folder1\File B in Folder1
    HR       D:\data\cpp\hardlinks\ln\test\acp\source\Folder0\Folder1
             D:\data\cpp\hardlinks\ln\test\acp\source\Folder0
     R       D:\data\cpp\hardlinks\ln\test\acp\dest
     R       D:\data\cpp\hardlinks\ln\test\acp\source

D:\data\cpp\hardlinks\ln>REM ----------------- 

D:\data\cpp\hardlinks\ln>REM

D:\data\cpp\hardlinks\ln>REM SUCC: Check Copy Junction 

D:\data\cpp\hardlinks\ln>REM

D:\data\cpp\hardlinks\ln>call t_SmartCopy02Preperation.bat test\junction 

D:\data\cpp\hardlinks\ln>REM

D:\data\cpp\hardlinks\ln>REM Preparation for Junction test 

D:\data\cpp\hardlinks\ln>REM

No matching files found.


D:\data\cpp\hardlinks\ln>REM

D:\data\cpp\hardlinks\ln>REM Do the test 

D:\data\cpp\hardlinks\ln>REM

D:\data\cpp\hardlinks\ln>..\bin\X64\Release\ln.exe --automated_test --copy test\junction\000_@_Source test\junction\000_@_SmartKopie 
+d D:\data\cpp\hardlinks\ln\test\junction\000_@_SmartKopie
+d D:\data\cpp\hardlinks\ln\test\junction\000_@_SmartKopie\A_Test
+d D:\data\cpp\hardlinks\ln\test\junction\000_@_SmartKopie\A_Test\AA_Test
+d D:\data\cpp\hardlinks\ln\test\junction\000_@_SmartKopie\B_Test
+j D:\data\cpp\hardlinks\ln\test\junction\000_@_SmartKopie\B_Test\AA_Test

              Total    Copied    Linked   Skipped  Excluded    Failed
  Folder:         4         4         -         0         0         0
    File:         0         0         0         0         0         0
Junction:         1         -         1         0         0         0
 Symlink:         0         -         0         0         0         0
    Byte:         0         0         0         0         0         0

                      Overall
   Times:        00:00:00.002
ErrorLevel == 0

D:\data\cpp\hardlinks\ln>..\Tools\where.exe *.* test\junction   | sort
No matching files found.
