
C:\data\cpp\hardlinks\ln>echo.


C:\data\cpp\hardlinks\ln>set OPTION=--splice 

C:\data\cpp\hardlinks\ln>set REPARSEOPT=--noitcnuj 

C:\data\cpp\hardlinks\ln>if [relative] == [absolute] (SET ABS_REL=--relative )  else (SET ABS_REL= ) 

C:\data\cpp\hardlinks\ln>REM

C:\data\cpp\hardlinks\ln>REM SmartClone 

C:\data\cpp\hardlinks\ln>REM

C:\data\cpp\hardlinks\ln>..\bin\X64\Release\ln.exe --automated_test --splice  --recursive test\DeepDeloreanSplice\Gallia\est\omnis\divisa\in\partes\tres\quarum\unam\incolunt\Belgae\aliam\Aquitani\tertiam\qui\ipsorum\lingua\Celtae\nostra\Galli\appellantur\Hi\omnes\lingua\institutis\legibus\inter\se\differunt\Gallos\ab\Aquitanis\Garumna\flumen\a\Belgis\Matrona\et\Sequana\dividit\Horum\omnium\fortissimi\sunt\source\F3 test\DeepDeloreanSplice\Gallia\est\omnis\divisa\in\partes\tres\quarum\unam\incolunt\Belgae\aliam\Aquitani\tertiam\qui\ipsorum\lingua\Celtae\nostra\Galli\appellantur\Hi\omnes\lingua\institutis\legibus\inter\se\differunt\Gallos\ab\Aquitanis\Garumna\flumen\a\Belgis\Matrona\et\Sequana\dividit\Horum\omnium\fortissimi\sunt\dest  1>sortout 


                      Overall
              Total    Copied    Linked   Skipped  Excluded    Failed
    Byte:       464         0       464         0         0         0
    File:         1         0         1         0         0         0
   Times:        00:00:00.002
  Folder:         3         3         -         0         0         0
 Symlink:         0         -         0         0         0         0
+d C:\data\cpp\hardlinks\ln\test\DeepDeloreanSplice\Gallia\est\omnis\divisa\in\partes\tres\quarum\unam\incolunt\Belgae\aliam\Aquitani\tertiam\qui\ipsorum\lingua\Celtae\nostra\Galli\appellantur\Hi\omnes\lingua\institutis\legibus\inter\se\differunt\Gallos\ab\Aquitanis\Garumna\flumen\a\Belgis\Matrona\et\Sequana\dividit\Horum\omnium\fortissimi\sunt\dest
+d C:\data\cpp\hardlinks\ln\test\DeepDeloreanSplice\Gallia\est\omnis\divisa\in\partes\tres\quarum\unam\incolunt\Belgae\aliam\Aquitani\tertiam\qui\ipsorum\lingua\Celtae\nostra\Galli\appellantur\Hi\omnes\lingua\institutis\legibus\inter\se\differunt\Gallos\ab\Aquitanis\Garumna\flumen\a\Belgis\Matrona\et\Sequana\dividit\Horum\omnium\fortissimi\sunt\dest\F3_F2
+d C:\data\cpp\hardlinks\ln\test\DeepDeloreanSplice\Gallia\est\omnis\divisa\in\partes\tres\quarum\unam\incolunt\Belgae\aliam\Aquitani\tertiam\qui\ipsorum\lingua\Celtae\nostra\Galli\appellantur\Hi\omnes\lingua\institutis\legibus\inter\se\differunt\Gallos\ab\Aquitanis\Garumna\flumen\a\Belgis\Matrona\et\Sequana\dividit\Horum\omnium\fortissimi\sunt\dest\F3_F2\F3_F2_F0
+h C:\data\cpp\hardlinks\ln\test\DeepDeloreanSplice\Gallia\est\omnis\divisa\in\partes\tres\quarum\unam\incolunt\Belgae\aliam\Aquitani\tertiam\qui\ipsorum\lingua\Celtae\nostra\Galli\appellantur\Hi\omnes\lingua\institutis\legibus\inter\se\differunt\Gallos\ab\Aquitanis\Garumna\flumen\a\Belgis\Matrona\et\Sequana\dividit\Horum\omnium\fortissimi\sunt\dest\F3_F2\F3_F2_F0\F3_F2_F0.txt
+j C:\data\cpp\hardlinks\ln\test\DeepDeloreanSplice\Gallia\est\omnis\divisa\in\partes\tres\quarum\unam\incolunt\Belgae\aliam\Aquitani\tertiam\qui\ipsorum\lingua\Celtae\nostra\Galli\appellantur\Hi\omnes\lingua\institutis\legibus\inter\se\differunt\Gallos\ab\Aquitanis\Garumna\flumen\a\Belgis\Matrona\et\Sequana\dividit\Horum\omnium\fortissimi\sunt\dest\F3_F2\F3_F2_J1
+j C:\data\cpp\hardlinks\ln\test\DeepDeloreanSplice\Gallia\est\omnis\divisa\in\partes\tres\quarum\unam\incolunt\Belgae\aliam\Aquitani\tertiam\qui\ipsorum\lingua\Celtae\nostra\Galli\appellantur\Hi\omnes\lingua\institutis\legibus\inter\se\differunt\Gallos\ab\Aquitanis\Garumna\flumen\a\Belgis\Matrona\et\Sequana\dividit\Horum\omnium\fortissimi\sunt\dest\F3_J0
+j C:\data\cpp\hardlinks\ln\test\DeepDeloreanSplice\Gallia\est\omnis\divisa\in\partes\tres\quarum\unam\incolunt\Belgae\aliam\Aquitani\tertiam\qui\ipsorum\lingua\Celtae\nostra\Galli\appellantur\Hi\omnes\lingua\institutis\legibus\inter\se\differunt\Gallos\ab\Aquitanis\Garumna\flumen\a\Belgis\Matrona\et\Sequana\dividit\Horum\omnium\fortissimi\sunt\dest\F3_J1
Junction:         3         -         3         0         0         0
ErrorLevel == 0
C:\data\cpp\hardlinks\ln\test\DeepDeloreanSplice\Gallia\est\omnis\divisa\in\partes\tres\quarum\unam\incolunt\Belgae\aliam\Aquitani\tertiam\qui\ipsorum\lingua\Celtae\nostra\Galli\appellantur\Hi\omnes\lingua\institutis\legibus\inter\se\differunt\Gallos\ab\Aquitanis\Garumna\flumen\a\Belgis\Matrona\et\Sequana\dividit\Horum\omnium\fortissimi\sunt\dest\F3_J0 -> C:\data\cpp\hardlinks\ln\test\DeepDeloreanSplice\Gallia\est\omnis\divisa\in\partes\tres\quarum\unam\incolunt\Belgae\aliam\Aquitani\tertiam\qui\ipsorum\lingua\Celtae\nostra\Galli\appellantur\Hi\omnes\lingua\institutis\legibus\inter\se\differunt\Gallos\ab\Aquitanis\Garumna\flumen\a\Belgis\Matrona\et\Sequana\dividit\Horum\omnium\fortissimi\sunt\source\F2
C:\data\cpp\hardlinks\ln\test\DeepDeloreanSplice\Gallia\est\omnis\divisa\in\partes\tres\quarum\unam\incolunt\Belgae\aliam\Aquitani\tertiam\qui\ipsorum\lingua\Celtae\nostra\Galli\appellantur\Hi\omnes\lingua\institutis\legibus\inter\se\differunt\Gallos\ab\Aquitanis\Garumna\flumen\a\Belgis\Matrona\et\Sequana\dividit\Horum\omnium\fortissimi\sunt\dest\F3_J1 -> C:\data\cpp\hardlinks\ln\test\DeepDeloreanSplice\Gallia\est\omnis\divisa\in\partes\tres\quarum\unam\incolunt\Belgae\aliam\Aquitani\tertiam\qui\ipsorum\lingua\Celtae\nostra\Galli\appellantur\Hi\omnes\lingua\institutis\legibus\inter\se\differunt\Gallos\ab\Aquitanis\Garumna\flumen\a\Belgis\Matrona\et\Sequana\dividit\Horum\omnium\fortissimi\sunt\source\F1\F1_F0
C:\data\cpp\hardlinks\ln\test\DeepDeloreanSplice\Gallia\est\omnis\divisa\in\partes\tres\quarum\unam\incolunt\Belgae\aliam\Aquitani\tertiam\qui\ipsorum\lingua\Celtae\nostra\Galli\appellantur\Hi\omnes\lingua\institutis\legibus\inter\se\differunt\Gallos\ab\Aquitanis\Garumna\flumen\a\Belgis\Matrona\et\Sequana\dividit\Horum\omnium\fortissimi\sunt\dest\F3_F2\F3_F2_J1 -> C:\data\cpp\hardlinks\ln\test\DeepDeloreanSplice\Gallia\est\omnis\divisa\in\partes\tres\quarum\unam\incolunt\Belgae\aliam\Aquitani\tertiam\qui\ipsorum\lingua\Celtae\nostra\Galli\appellantur\Hi\omnes\lingua\institutis\legibus\inter\se\differunt\Gallos\ab\Aquitanis\Garumna\flumen\a\Belgis\Matrona\et\Sequana\dividit\Horum\omnium\fortissimi\sunt\dest\F3_F2\F3_F2_F0

C:\data\cpp\hardlinks\ln>REM

C:\data\cpp\hardlinks\ln>REM Copy 

C:\data\cpp\hardlinks\ln>REM

C:\data\cpp\hardlinks\ln>..\bin\X64\Release\ln.exe --automated_test --splice  --copy test\DeepDeloreanSplice\Gallia\est\omnis\divisa\in\partes\tres\quarum\unam\incolunt\Belgae\aliam\Aquitani\tertiam\qui\ipsorum\lingua\Celtae\nostra\Galli\appellantur\Hi\omnes\lingua\institutis\legibus\inter\se\differunt\Gallos\ab\Aquitanis\Garumna\flumen\a\Belgis\Matrona\et\Sequana\dividit\Horum\omnium\fortissimi\sunt\source\F3 test\DeepDeloreanSplice\Gallia\est\omnis\divisa\in\partes\tres\quarum\unam\incolunt\Belgae\aliam\Aquitani\tertiam\qui\ipsorum\lingua\Celtae\nostra\Galli\appellantur\Hi\omnes\lingua\institutis\legibus\inter\se\differunt\Gallos\ab\Aquitanis\Garumna\flumen\a\Belgis\Matrona\et\Sequana\dividit\Horum\omnium\fortissimi\sunt\dest  1>sortout 


                      Overall
              Total    Copied    Linked   Skipped  Excluded    Failed
    Byte:       464       464         0         0         0         0
    File:         1         1         0         0         0         0
   Times:        00:00:00.002
  Folder:         3         3         -         0         0         0
 Symlink:         0         -         0         0         0         0
+d C:\data\cpp\hardlinks\ln\test\DeepDeloreanSplice\Gallia\est\omnis\divisa\in\partes\tres\quarum\unam\incolunt\Belgae\aliam\Aquitani\tertiam\qui\ipsorum\lingua\Celtae\nostra\Galli\appellantur\Hi\omnes\lingua\institutis\legibus\inter\se\differunt\Gallos\ab\Aquitanis\Garumna\flumen\a\Belgis\Matrona\et\Sequana\dividit\Horum\omnium\fortissimi\sunt\dest
+d C:\data\cpp\hardlinks\ln\test\DeepDeloreanSplice\Gallia\est\omnis\divisa\in\partes\tres\quarum\unam\incolunt\Belgae\aliam\Aquitani\tertiam\qui\ipsorum\lingua\Celtae\nostra\Galli\appellantur\Hi\omnes\lingua\institutis\legibus\inter\se\differunt\Gallos\ab\Aquitanis\Garumna\flumen\a\Belgis\Matrona\et\Sequana\dividit\Horum\omnium\fortissimi\sunt\dest\F3_F2
+d C:\data\cpp\hardlinks\ln\test\DeepDeloreanSplice\Gallia\est\omnis\divisa\in\partes\tres\quarum\unam\incolunt\Belgae\aliam\Aquitani\tertiam\qui\ipsorum\lingua\Celtae\nostra\Galli\appellantur\Hi\omnes\lingua\institutis\legibus\inter\se\differunt\Gallos\ab\Aquitanis\Garumna\flumen\a\Belgis\Matrona\et\Sequana\dividit\Horum\omnium\fortissimi\sunt\dest\F3_F2\F3_F2_F0
+f C:\data\cpp\hardlinks\ln\test\DeepDeloreanSplice\Gallia\est\omnis\divisa\in\partes\tres\quarum\unam\incolunt\Belgae\aliam\Aquitani\tertiam\qui\ipsorum\lingua\Celtae\nostra\Galli\appellantur\Hi\omnes\lingua\institutis\legibus\inter\se\differunt\Gallos\ab\Aquitanis\Garumna\flumen\a\Belgis\Matrona\et\Sequana\dividit\Horum\omnium\fortissimi\sunt\dest\F3_F2\F3_F2_F0\F3_F2_F0.txt
+j C:\data\cpp\hardlinks\ln\test\DeepDeloreanSplice\Gallia\est\omnis\divisa\in\partes\tres\quarum\unam\incolunt\Belgae\aliam\Aquitani\tertiam\qui\ipsorum\lingua\Celtae\nostra\Galli\appellantur\Hi\omnes\lingua\institutis\legibus\inter\se\differunt\Gallos\ab\Aquitanis\Garumna\flumen\a\Belgis\Matrona\et\Sequana\dividit\Horum\omnium\fortissimi\sunt\dest\F3_F2\F3_F2_J1
+j C:\data\cpp\hardlinks\ln\test\DeepDeloreanSplice\Gallia\est\omnis\divisa\in\partes\tres\quarum\unam\incolunt\Belgae\aliam\Aquitani\tertiam\qui\ipsorum\lingua\Celtae\nostra\Galli\appellantur\Hi\omnes\lingua\institutis\legibus\inter\se\differunt\Gallos\ab\Aquitanis\Garumna\flumen\a\Belgis\Matrona\et\Sequana\dividit\Horum\omnium\fortissimi\sunt\dest\F3_J0
+j C:\data\cpp\hardlinks\ln\test\DeepDeloreanSplice\Gallia\est\omnis\divisa\in\partes\tres\quarum\unam\incolunt\Belgae\aliam\Aquitani\tertiam\qui\ipsorum\lingua\Celtae\nostra\Galli\appellantur\Hi\omnes\lingua\institutis\legibus\inter\se\differunt\Gallos\ab\Aquitanis\Garumna\flumen\a\Belgis\Matrona\et\Sequana\dividit\Horum\omnium\fortissimi\sunt\dest\F3_J1
Junction:         3         -         3         0         0         0
ErrorLevel == 0

C:\data\cpp\hardlinks\ln>..\Tools\where.exe *.* test\DeepDeloreanSplice\Gallia\est\omnis\divisa\in\partes\tres\quarum\unam\incolunt\Belgae\aliam\Aquitani\tertiam\qui\ipsorum\lingua\Celtae\nostra\Galli\appellantur\Hi\omnes\lingua\institutis\legibus\inter\se\differunt\Gallos\ab\Aquitanis\Garumna\flumen\a\Belgis\Matrona\et\Sequana\dividit\Horum\omnium\fortissimi\sunt\dest   | sort  
23 matching file(s) found, using 10672 bytes.
C:\data\cpp\hardlinks\ln\test\DeepDeloreanSplice\Gallia\est\omnis\divisa\in\partes\tres\quarum\unam\incolunt\Belgae\aliam\Aquitani\tertiam\qui\ipsorum\lingua\Celtae\nostra\Galli\appellantur\Hi\omnes\lingua\institutis\legibus\inter\se\differunt\Gallos\ab\Aquitanis\Garumna\flumen\a\Belgis\Matrona\et\Sequana\dividit\Horum\omnium\fortissimi\sunt\dest\F3_F2\F3_F2_F0\F3_F2_F0.txt
C:\data\cpp\hardlinks\ln\test\DeepDeloreanSplice\Gallia\est\omnis\divisa\in\partes\tres\quarum\unam\incolunt\Belgae\aliam\Aquitani\tertiam\qui\ipsorum\lingua\Celtae\nostra\Galli\appellantur\Hi\omnes\lingua\institutis\legibus\inter\se\differunt\Gallos\ab\Aquitanis\Garumna\flumen\a\Belgis\Matrona\et\Sequana\dividit\Horum\omnium\fortissimi\sunt\dest\F3_F2\F3_F2_J1\F3_F2_F0.txt
C:\data\cpp\hardlinks\ln\test\DeepDeloreanSplice\Gallia\est\omnis\divisa\in\partes\tres\quarum\unam\incolunt\Belgae\aliam\Aquitani\tertiam\qui\ipsorum\lingua\Celtae\nostra\Galli\appellantur\Hi\omnes\lingua\institutis\legibus\inter\se\differunt\Gallos\ab\Aquitanis\Garumna\flumen\a\Belgis\Matrona\et\Sequana\dividit\Horum\omnium\fortissimi\sunt\dest\F3_J0\F2.txt
C:\data\cpp\hardlinks\ln\test\DeepDeloreanSplice\Gallia\est\omnis\divisa\in\partes\tres\quarum\unam\incolunt\Belgae\aliam\Aquitani\tertiam\qui\ipsorum\lingua\Celtae\nostra\Galli\appellantur\Hi\omnes\lingua\institutis\legibus\inter\se\differunt\Gallos\ab\Aquitanis\Garumna\flumen\a\Belgis\Matrona\et\Sequana\dividit\Horum\omnium\fortissimi\sunt\dest\F3_J0\F2_F1\F2_F1_F0\F2_F1_F0.txt
C:\data\cpp\hardlinks\ln\test\DeepDeloreanSplice\Gallia\est\omnis\divisa\in\partes\tres\quarum\unam\incolunt\Belgae\aliam\Aquitani\tertiam\qui\ipsorum\lingua\Celtae\nostra\Galli\appellantur\Hi\omnes\lingua\institutis\legibus\inter\se\differunt\Gallos\ab\Aquitanis\Garumna\flumen\a\Belgis\Matrona\et\Sequana\dividit\Horum\omnium\fortissimi\sunt\dest\F3_J0\F2_F1\F2_F1_F1\F2_F1_F1.txt
C:\data\cpp\hardlinks\ln\test\DeepDeloreanSplice\Gallia\est\omnis\divisa\in\partes\tres\quarum\unam\incolunt\Belgae\aliam\Aquitani\tertiam\qui\ipsorum\lingua\Celtae\nostra\Galli\appellantur\Hi\omnes\lingua\institutis\legibus\inter\se\differunt\Gallos\ab\Aquitanis\Garumna\flumen\a\Belgis\Matrona\et\Sequana\dividit\Horum\omnium\fortissimi\sunt\dest\F3_J0\F2_F2\F2_F2_F2\F2_F2_F2.txt
C:\data\cpp\hardlinks\ln\test\DeepDeloreanSplice\Gallia\est\omnis\divisa\in\partes\tres\quarum\unam\incolunt\Belgae\aliam\Aquitani\tertiam\qui\ipsorum\lingua\Celtae\nostra\Galli\appellantur\Hi\omnes\lingua\institutis\legibus\inter\se\differunt\Gallos\ab\Aquitanis\Garumna\flumen\a\Belgis\Matrona\et\Sequana\dividit\Horum\omnium\fortissimi\sunt\dest\F3_J0\F2_F2\F2_F2_F3\F2_F2_F3_J0\F2_F2_F2.txt
C:\data\cpp\hardlinks\ln\test\DeepDeloreanSplice\Gallia\est\omnis\divisa\in\partes\tres\quarum\unam\incolunt\Belgae\aliam\Aquitani\tertiam\qui\ipsorum\lingua\Celtae\nostra\Galli\appellantur\Hi\omnes\lingua\institutis\legibus\inter\se\differunt\Gallos\ab\Aquitanis\Garumna\flumen\a\Belgis\Matrona\et\Sequana\dividit\Horum\omnium\fortissimi\sunt\dest\F3_J0\F2_F2\F2_F2_F3\F2_F2_F3_J1\F2_F1_F0.txt
C:\data\cpp\hardlinks\ln\test\DeepDeloreanSplice\Gallia\est\omnis\divisa\in\partes\tres\quarum\unam\incolunt\Belgae\aliam\Aquitani\tertiam\qui\ipsorum\lingua\Celtae\nostra\Galli\appellantur\Hi\omnes\lingua\institutis\legibus\inter\se\differunt\Gallos\ab\Aquitanis\Garumna\flumen\a\Belgis\Matrona\et\Sequana\dividit\Horum\omnium\fortissimi\sunt\dest\F3_J0\F2_F2\F2_F2_J0\F2_F1_F1.txt
C:\data\cpp\hardlinks\ln\test\DeepDeloreanSplice\Gallia\est\omnis\divisa\in\partes\tres\quarum\unam\incolunt\Belgae\aliam\Aquitani\tertiam\qui\ipsorum\lingua\Celtae\nostra\Galli\appellantur\Hi\omnes\lingua\institutis\legibus\inter\se\differunt\Gallos\ab\Aquitanis\Garumna\flumen\a\Belgis\Matrona\et\Sequana\dividit\Horum\omnium\fortissimi\sunt\dest\F3_J0\F2_J0\F1.txt
C:\data\cpp\hardlinks\ln\test\DeepDeloreanSplice\Gallia\est\omnis\divisa\in\partes\tres\quarum\unam\incolunt\Belgae\aliam\Aquitani\tertiam\qui\ipsorum\lingua\Celtae\nostra\Galli\appellantur\Hi\omnes\lingua\institutis\legibus\inter\se\differunt\Gallos\ab\Aquitanis\Garumna\flumen\a\Belgis\Matrona\et\Sequana\dividit\Horum\omnium\fortissimi\sunt\dest\F3_J0\F2_J0\F1_F0\F1_F0.txt
C:\data\cpp\hardlinks\ln\test\DeepDeloreanSplice\Gallia\est\omnis\divisa\in\partes\tres\quarum\unam\incolunt\Belgae\aliam\Aquitani\tertiam\qui\ipsorum\lingua\Celtae\nostra\Galli\appellantur\Hi\omnes\lingua\institutis\legibus\inter\se\differunt\Gallos\ab\Aquitanis\Garumna\flumen\a\Belgis\Matrona\et\Sequana\dividit\Horum\omnium\fortissimi\sunt\dest\F3_J0\F2_J0\F1_F0\F1_F0_F2\F1_F0_F2.txt
C:\data\cpp\hardlinks\ln\test\DeepDeloreanSplice\Gallia\est\omnis\divisa\in\partes\tres\quarum\unam\incolunt\Belgae\aliam\Aquitani\tertiam\qui\ipsorum\lingua\Celtae\nostra\Galli\appellantur\Hi\omnes\lingua\institutis\legibus\inter\se\differunt\Gallos\ab\Aquitanis\Garumna\flumen\a\Belgis\Matrona\et\Sequana\dividit\Horum\omnium\fortissimi\sunt\dest\F3_J0\F2_J0\F1_F0\F1_F0_J0\F0_F1.txt
C:\data\cpp\hardlinks\ln\test\DeepDeloreanSplice\Gallia\est\omnis\divisa\in\partes\tres\quarum\unam\incolunt\Belgae\aliam\Aquitani\tertiam\qui\ipsorum\lingua\Celtae\nostra\Galli\appellantur\Hi\omnes\lingua\institutis\legibus\inter\se\differunt\Gallos\ab\Aquitanis\Garumna\flumen\a\Belgis\Matrona\et\Sequana\dividit\Horum\omnium\fortissimi\sunt\dest\F3_J0\F2_J0\F1_F0\F1_F0_J0\F0_F1_F1\F0_F1_F1.txt
C:\data\cpp\hardlinks\ln\test\DeepDeloreanSplice\Gallia\est\omnis\divisa\in\partes\tres\quarum\unam\incolunt\Belgae\aliam\Aquitani\tertiam\qui\ipsorum\lingua\Celtae\nostra\Galli\appellantur\Hi\omnes\lingua\institutis\legibus\inter\se\differunt\Gallos\ab\Aquitanis\Garumna\flumen\a\Belgis\Matrona\et\Sequana\dividit\Horum\omnium\fortissimi\sunt\dest\F3_J0\F2_J0\F1_F0\F1_F0_J0\F0_F1_J2\F0_F1_F1.txt
C:\data\cpp\hardlinks\ln\test\DeepDeloreanSplice\Gallia\est\omnis\divisa\in\partes\tres\quarum\unam\incolunt\Belgae\aliam\Aquitani\tertiam\qui\ipsorum\lingua\Celtae\nostra\Galli\appellantur\Hi\omnes\lingua\institutis\legibus\inter\se\differunt\Gallos\ab\Aquitanis\Garumna\flumen\a\Belgis\Matrona\et\Sequana\dividit\Horum\omnium\fortissimi\sunt\dest\F3_J0\F2_J0\F1_F0\F1_F0_J1\F1_F0_F2.txt
C:\data\cpp\hardlinks\ln\test\DeepDeloreanSplice\Gallia\est\omnis\divisa\in\partes\tres\quarum\unam\incolunt\Belgae\aliam\Aquitani\tertiam\qui\ipsorum\lingua\Celtae\nostra\Galli\appellantur\Hi\omnes\lingua\institutis\legibus\inter\se\differunt\Gallos\ab\Aquitanis\Garumna\flumen\a\Belgis\Matrona\et\Sequana\dividit\Horum\omnium\fortissimi\sunt\dest\F3_J0\F2_J0\F1_F1\F1_F1_J1\F1_F0_F2.txt
C:\data\cpp\hardlinks\ln\test\DeepDeloreanSplice\Gallia\est\omnis\divisa\in\partes\tres\quarum\unam\incolunt\Belgae\aliam\Aquitani\tertiam\qui\ipsorum\lingua\Celtae\nostra\Galli\appellantur\Hi\omnes\lingua\institutis\legibus\inter\se\differunt\Gallos\ab\Aquitanis\Garumna\flumen\a\Belgis\Matrona\et\Sequana\dividit\Horum\omnium\fortissimi\sunt\dest\F3_J1\F1_F0.txt
C:\data\cpp\hardlinks\ln\test\DeepDeloreanSplice\Gallia\est\omnis\divisa\in\partes\tres\quarum\unam\incolunt\Belgae\aliam\Aquitani\tertiam\qui\ipsorum\lingua\Celtae\nostra\Galli\appellantur\Hi\omnes\lingua\institutis\legibus\inter\se\differunt\Gallos\ab\Aquitanis\Garumna\flumen\a\Belgis\Matrona\et\Sequana\dividit\Horum\omnium\fortissimi\sunt\dest\F3_J1\F1_F0_F2\F1_F0_F2.txt
C:\data\cpp\hardlinks\ln\test\DeepDeloreanSplice\Gallia\est\omnis\divisa\in\partes\tres\quarum\unam\incolunt\Belgae\aliam\Aquitani\tertiam\qui\ipsorum\lingua\Celtae\nostra\Galli\appellantur\Hi\omnes\lingua\institutis\legibus\inter\se\differunt\Gallos\ab\Aquitanis\Garumna\flumen\a\Belgis\Matrona\et\Sequana\dividit\Horum\omnium\fortissimi\sunt\dest\F3_J1\F1_F0_J0\F0_F1.txt
C:\data\cpp\hardlinks\ln\test\DeepDeloreanSplice\Gallia\est\omnis\divisa\in\partes\tres\quarum\unam\incolunt\Belgae\aliam\Aquitani\tertiam\qui\ipsorum\lingua\Celtae\nostra\Galli\appellantur\Hi\omnes\lingua\institutis\legibus\inter\se\differunt\Gallos\ab\Aquitanis\Garumna\flumen\a\Belgis\Matrona\et\Sequana\dividit\Horum\omnium\fortissimi\sunt\dest\F3_J1\F1_F0_J0\F0_F1_F1\F0_F1_F1.txt
C:\data\cpp\hardlinks\ln\test\DeepDeloreanSplice\Gallia\est\omnis\divisa\in\partes\tres\quarum\unam\incolunt\Belgae\aliam\Aquitani\tertiam\qui\ipsorum\lingua\Celtae\nostra\Galli\appellantur\Hi\omnes\lingua\institutis\legibus\inter\se\differunt\Gallos\ab\Aquitanis\Garumna\flumen\a\Belgis\Matrona\et\Sequana\dividit\Horum\omnium\fortissimi\sunt\dest\F3_J1\F1_F0_J0\F0_F1_J2\F0_F1_F1.txt
C:\data\cpp\hardlinks\ln\test\DeepDeloreanSplice\Gallia\est\omnis\divisa\in\partes\tres\quarum\unam\incolunt\Belgae\aliam\Aquitani\tertiam\qui\ipsorum\lingua\Celtae\nostra\Galli\appellantur\Hi\omnes\lingua\institutis\legibus\inter\se\differunt\Gallos\ab\Aquitanis\Garumna\flumen\a\Belgis\Matrona\et\Sequana\dividit\Horum\omnium\fortissimi\sunt\dest\F3_J1\F1_F0_J1\F1_F0_F2.txt

C:\data\cpp\hardlinks\ln>REM

C:\data\cpp\hardlinks\ln>REM Do the timewarp 

C:\data\cpp\hardlinks\ln>REM

C:\data\cpp\hardlinks\ln>..\bin\X64\Release\ln.exe --automated_test --splice  --delorean test\DeepDeloreanSplice\Gallia\est\omnis\divisa\in\partes\tres\quarum\unam\incolunt\Belgae\aliam\Aquitani\tertiam\qui\ipsorum\lingua\Celtae\nostra\Galli\appellantur\Hi\omnes\lingua\institutis\legibus\inter\se\differunt\Gallos\ab\Aquitanis\Garumna\flumen\a\Belgis\Matrona\et\Sequana\dividit\Horum\omnium\fortissimi\sunt\source\F3 test\DeepDeloreanSplice\Gallia\est\omnis\divisa\in\partes\tres\quarum\unam\incolunt\Belgae\aliam\Aquitani\tertiam\qui\ipsorum\lingua\Celtae\nostra\Galli\appellantur\Hi\omnes\lingua\institutis\legibus\inter\se\differunt\Gallos\ab\Aquitanis\Garumna\flumen\a\Belgis\Matrona\et\Sequana\dividit\Horum\omnium\fortissimi\sunt\dest test\DeepDeloreanSplice\Gallia\est\omnis\divisa\in\partes\tres\quarum\unam\incolunt\Belgae\aliam\Aquitani\tertiam\qui\ipsorum\lingua\Celtae\nostra\Galli\appellantur\Hi\omnes\lingua\institutis\legibus\inter\se\differunt\Gallos\ab\Aquitanis\Garumna\flumen\a\Belgis\Matrona\et\Sequana\dividit\Horum\omnium\fortissimi\sunt\bk1  1>sortout 


                      Overall               Clone              Mirror
              Total    Copied    Linked   Skipped   Removed  Excluded    Failed
    Byte:       464         0         0       464         0         0         0
    File:         1         0         0         1         0         0         0
   Times:        00:00:00.002        00:00:00.007        00:00:00.034
  Folder:         3         0         -         3         0         0         0
 Symlink:         0         -         0         0         0         0         0
=d C:\data\cpp\hardlinks\ln\test\DeepDeloreanSplice\Gallia\est\omnis\divisa\in\partes\tres\quarum\unam\incolunt\Belgae\aliam\Aquitani\tertiam\qui\ipsorum\lingua\Celtae\nostra\Galli\appellantur\Hi\omnes\lingua\institutis\legibus\inter\se\differunt\Gallos\ab\Aquitanis\Garumna\flumen\a\Belgis\Matrona\et\Sequana\dividit\Horum\omnium\fortissimi\sunt\bk1
=d C:\data\cpp\hardlinks\ln\test\DeepDeloreanSplice\Gallia\est\omnis\divisa\in\partes\tres\quarum\unam\incolunt\Belgae\aliam\Aquitani\tertiam\qui\ipsorum\lingua\Celtae\nostra\Galli\appellantur\Hi\omnes\lingua\institutis\legibus\inter\se\differunt\Gallos\ab\Aquitanis\Garumna\flumen\a\Belgis\Matrona\et\Sequana\dividit\Horum\omnium\fortissimi\sunt\bk1\F3_F2
=d C:\data\cpp\hardlinks\ln\test\DeepDeloreanSplice\Gallia\est\omnis\divisa\in\partes\tres\quarum\unam\incolunt\Belgae\aliam\Aquitani\tertiam\qui\ipsorum\lingua\Celtae\nostra\Galli\appellantur\Hi\omnes\lingua\institutis\legibus\inter\se\differunt\Gallos\ab\Aquitanis\Garumna\flumen\a\Belgis\Matrona\et\Sequana\dividit\Horum\omnium\fortissimi\sunt\bk1\F3_F2\F3_F2_F0
=f C:\data\cpp\hardlinks\ln\test\DeepDeloreanSplice\Gallia\est\omnis\divisa\in\partes\tres\quarum\unam\incolunt\Belgae\aliam\Aquitani\tertiam\qui\ipsorum\lingua\Celtae\nostra\Galli\appellantur\Hi\omnes\lingua\institutis\legibus\inter\se\differunt\Gallos\ab\Aquitanis\Garumna\flumen\a\Belgis\Matrona\et\Sequana\dividit\Horum\omnium\fortissimi\sunt\bk1\F3_F2\F3_F2_F0\F3_F2_F0.txt
=j C:\data\cpp\hardlinks\ln\test\DeepDeloreanSplice\Gallia\est\omnis\divisa\in\partes\tres\quarum\unam\incolunt\Belgae\aliam\Aquitani\tertiam\qui\ipsorum\lingua\Celtae\nostra\Galli\appellantur\Hi\omnes\lingua\institutis\legibus\inter\se\differunt\Gallos\ab\Aquitanis\Garumna\flumen\a\Belgis\Matrona\et\Sequana\dividit\Horum\omnium\fortissimi\sunt\bk1\F3_F2\F3_F2_J1
=j C:\data\cpp\hardlinks\ln\test\DeepDeloreanSplice\Gallia\est\omnis\divisa\in\partes\tres\quarum\unam\incolunt\Belgae\aliam\Aquitani\tertiam\qui\ipsorum\lingua\Celtae\nostra\Galli\appellantur\Hi\omnes\lingua\institutis\legibus\inter\se\differunt\Gallos\ab\Aquitanis\Garumna\flumen\a\Belgis\Matrona\et\Sequana\dividit\Horum\omnium\fortissimi\sunt\bk1\F3_J0
=j C:\data\cpp\hardlinks\ln\test\DeepDeloreanSplice\Gallia\est\omnis\divisa\in\partes\tres\quarum\unam\incolunt\Belgae\aliam\Aquitani\tertiam\qui\ipsorum\lingua\Celtae\nostra\Galli\appellantur\Hi\omnes\lingua\institutis\legibus\inter\se\differunt\Gallos\ab\Aquitanis\Garumna\flumen\a\Belgis\Matrona\et\Sequana\dividit\Horum\omnium\fortissimi\sunt\bk1\F3_J1
Junction:         3         -         0         3         0         0         0
ErrorLevel == 0
C:\data\cpp\hardlinks\ln\test\DeepDeloreanSplice\Gallia\est\omnis\divisa\in\partes\tres\quarum\unam\incolunt\Belgae\aliam\Aquitani\tertiam\qui\ipsorum\lingua\Celtae\nostra\Galli\appellantur\Hi\omnes\lingua\institutis\legibus\inter\se\differunt\Gallos\ab\Aquitanis\Garumna\flumen\a\Belgis\Matrona\et\Sequana\dividit\Horum\omnium\fortissimi\sunt\dest\F3_F2\F3_F2_J1 -> C:\data\cpp\hardlinks\ln\test\DeepDeloreanSplice\Gallia\est\omnis\divisa\in\partes\tres\quarum\unam\incolunt\Belgae\aliam\Aquitani\tertiam\qui\ipsorum\lingua\Celtae\nostra\Galli\appellantur\Hi\omnes\lingua\institutis\legibus\inter\se\differunt\Gallos\ab\Aquitanis\Garumna\flumen\a\Belgis\Matrona\et\Sequana\dividit\Horum\omnium\fortissimi\sunt\dest\F3_F2\F3_F2_F0
C:\data\cpp\hardlinks\ln\test\DeepDeloreanSplice\Gallia\est\omnis\divisa\in\partes\tres\quarum\unam\incolunt\Belgae\aliam\Aquitani\tertiam\qui\ipsorum\lingua\Celtae\nostra\Galli\appellantur\Hi\omnes\lingua\institutis\legibus\inter\se\differunt\Gallos\ab\Aquitanis\Garumna\flumen\a\Belgis\Matrona\et\Sequana\dividit\Horum\omnium\fortissimi\sunt\dest\F3_J0 -> C:\data\cpp\hardlinks\ln\test\DeepDeloreanSplice\Gallia\est\omnis\divisa\in\partes\tres\quarum\unam\incolunt\Belgae\aliam\Aquitani\tertiam\qui\ipsorum\lingua\Celtae\nostra\Galli\appellantur\Hi\omnes\lingua\institutis\legibus\inter\se\differunt\Gallos\ab\Aquitanis\Garumna\flumen\a\Belgis\Matrona\et\Sequana\dividit\Horum\omnium\fortissimi\sunt\source\F2
C:\data\cpp\hardlinks\ln\test\DeepDeloreanSplice\Gallia\est\omnis\divisa\in\partes\tres\quarum\unam\incolunt\Belgae\aliam\Aquitani\tertiam\qui\ipsorum\lingua\Celtae\nostra\Galli\appellantur\Hi\omnes\lingua\institutis\legibus\inter\se\differunt\Gallos\ab\Aquitanis\Garumna\flumen\a\Belgis\Matrona\et\Sequana\dividit\Horum\omnium\fortissimi\sunt\dest\F3_J1 -> C:\data\cpp\hardlinks\ln\test\DeepDeloreanSplice\Gallia\est\omnis\divisa\in\partes\tres\quarum\unam\incolunt\Belgae\aliam\Aquitani\tertiam\qui\ipsorum\lingua\Celtae\nostra\Galli\appellantur\Hi\omnes\lingua\institutis\legibus\inter\se\differunt\Gallos\ab\Aquitanis\Garumna\flumen\a\Belgis\Matrona\et\Sequana\dividit\Horum\omnium\fortissimi\sunt\source\F1\F1_F0

C:\data\cpp\hardlinks\ln\test\DeepDeloreanSplice\Gallia\est\omnis\divisa\in\partes\tres\quarum\unam\incolunt\Belgae\aliam\Aquitani\tertiam\qui\ipsorum\lingua\Celtae\nostra\Galli\appellantur\Hi\omnes\lingua\institutis\legibus\inter\se\differunt\Gallos\ab\Aquitanis\Garumna\flumen\a\Belgis\Matrona\et\Sequana\dividit\Horum\omnium\fortissimi\sunt\bk1\F3_F2\F3_F2_J1 -> C:\data\cpp\hardlinks\ln\test\DeepDeloreanSplice\Gallia\est\omnis\divisa\in\partes\tres\quarum\unam\incolunt\Belgae\aliam\Aquitani\tertiam\qui\ipsorum\lingua\Celtae\nostra\Galli\appellantur\Hi\omnes\lingua\institutis\legibus\inter\se\differunt\Gallos\ab\Aquitanis\Garumna\flumen\a\Belgis\Matrona\et\Sequana\dividit\Horum\omnium\fortissimi\sunt\bk1\F3_F2\F3_F2_F0
C:\data\cpp\hardlinks\ln\test\DeepDeloreanSplice\Gallia\est\omnis\divisa\in\partes\tres\quarum\unam\incolunt\Belgae\aliam\Aquitani\tertiam\qui\ipsorum\lingua\Celtae\nostra\Galli\appellantur\Hi\omnes\lingua\institutis\legibus\inter\se\differunt\Gallos\ab\Aquitanis\Garumna\flumen\a\Belgis\Matrona\et\Sequana\dividit\Horum\omnium\fortissimi\sunt\bk1\F3_J0 -> C:\data\cpp\hardlinks\ln\test\DeepDeloreanSplice\Gallia\est\omnis\divisa\in\partes\tres\quarum\unam\incolunt\Belgae\aliam\Aquitani\tertiam\qui\ipsorum\lingua\Celtae\nostra\Galli\appellantur\Hi\omnes\lingua\institutis\legibus\inter\se\differunt\Gallos\ab\Aquitanis\Garumna\flumen\a\Belgis\Matrona\et\Sequana\dividit\Horum\omnium\fortissimi\sunt\source\F2
C:\data\cpp\hardlinks\ln\test\DeepDeloreanSplice\Gallia\est\omnis\divisa\in\partes\tres\quarum\unam\incolunt\Belgae\aliam\Aquitani\tertiam\qui\ipsorum\lingua\Celtae\nostra\Galli\appellantur\Hi\omnes\lingua\institutis\legibus\inter\se\differunt\Gallos\ab\Aquitanis\Garumna\flumen\a\Belgis\Matrona\et\Sequana\dividit\Horum\omnium\fortissimi\sunt\bk1\F3_J1 -> C:\data\cpp\hardlinks\ln\test\DeepDeloreanSplice\Gallia\est\omnis\divisa\in\partes\tres\quarum\unam\incolunt\Belgae\aliam\Aquitani\tertiam\qui\ipsorum\lingua\Celtae\nostra\Galli\appellantur\Hi\omnes\lingua\institutis\legibus\inter\se\differunt\Gallos\ab\Aquitanis\Garumna\flumen\a\Belgis\Matrona\et\Sequana\dividit\Horum\omnium\fortissimi\sunt\source\F1\F1_F0

C:\data\cpp\hardlinks\ln>REM

C:\data\cpp\hardlinks\ln>REM Do the timewarp again, to check the error messages already during clone of delorean 

C:\data\cpp\hardlinks\ln>REM

C:\data\cpp\hardlinks\ln>..\bin\X64\Release\ln.exe --automated_test --splice  --delorean test\DeepDeloreanSplice\Gallia\est\omnis\divisa\in\partes\tres\quarum\unam\incolunt\Belgae\aliam\Aquitani\tertiam\qui\ipsorum\lingua\Celtae\nostra\Galli\appellantur\Hi\omnes\lingua\institutis\legibus\inter\se\differunt\Gallos\ab\Aquitanis\Garumna\flumen\a\Belgis\Matrona\et\Sequana\dividit\Horum\omnium\fortissimi\sunt\source\F3 test\DeepDeloreanSplice\Gallia\est\omnis\divisa\in\partes\tres\quarum\unam\incolunt\Belgae\aliam\Aquitani\tertiam\qui\ipsorum\lingua\Celtae\nostra\Galli\appellantur\Hi\omnes\lingua\institutis\legibus\inter\se\differunt\Gallos\ab\Aquitanis\Garumna\flumen\a\Belgis\Matrona\et\Sequana\dividit\Horum\omnium\fortissimi\sunt\dest test\DeepDeloreanSplice\Gallia\est\omnis\divisa\in\partes\tres\quarum\unam\incolunt\Belgae\aliam\Aquitani\tertiam\qui\ipsorum\lingua\Celtae\nostra\Galli\appellantur\Hi\omnes\lingua\institutis\legibus\inter\se\differunt\Gallos\ab\Aquitanis\Garumna\flumen\a\Belgis\Matrona\et\Sequana\dividit\Horum\omnium\fortissimi\sunt\bk1  1>sortout 


                      Overall               Clone              Mirror
              Total    Copied    Linked   Skipped   Removed  Excluded    Failed
    Byte:       464         0         0       464         0         0         0
    File:         1         0         0         1         0         0         0
   Times:        00:00:00.002        00:00:00.007        00:00:00.034
  Folder:         3         0         -         3         0         0         0
 Symlink:         0         -         0         0         0         0         0
=d C:\data\cpp\hardlinks\ln\test\DeepDeloreanSplice\Gallia\est\omnis\divisa\in\partes\tres\quarum\unam\incolunt\Belgae\aliam\Aquitani\tertiam\qui\ipsorum\lingua\Celtae\nostra\Galli\appellantur\Hi\omnes\lingua\institutis\legibus\inter\se\differunt\Gallos\ab\Aquitanis\Garumna\flumen\a\Belgis\Matrona\et\Sequana\dividit\Horum\omnium\fortissimi\sunt\bk1
=d C:\data\cpp\hardlinks\ln\test\DeepDeloreanSplice\Gallia\est\omnis\divisa\in\partes\tres\quarum\unam\incolunt\Belgae\aliam\Aquitani\tertiam\qui\ipsorum\lingua\Celtae\nostra\Galli\appellantur\Hi\omnes\lingua\institutis\legibus\inter\se\differunt\Gallos\ab\Aquitanis\Garumna\flumen\a\Belgis\Matrona\et\Sequana\dividit\Horum\omnium\fortissimi\sunt\bk1\F3_F2
=d C:\data\cpp\hardlinks\ln\test\DeepDeloreanSplice\Gallia\est\omnis\divisa\in\partes\tres\quarum\unam\incolunt\Belgae\aliam\Aquitani\tertiam\qui\ipsorum\lingua\Celtae\nostra\Galli\appellantur\Hi\omnes\lingua\institutis\legibus\inter\se\differunt\Gallos\ab\Aquitanis\Garumna\flumen\a\Belgis\Matrona\et\Sequana\dividit\Horum\omnium\fortissimi\sunt\bk1\F3_F2\F3_F2_F0
=f C:\data\cpp\hardlinks\ln\test\DeepDeloreanSplice\Gallia\est\omnis\divisa\in\partes\tres\quarum\unam\incolunt\Belgae\aliam\Aquitani\tertiam\qui\ipsorum\lingua\Celtae\nostra\Galli\appellantur\Hi\omnes\lingua\institutis\legibus\inter\se\differunt\Gallos\ab\Aquitanis\Garumna\flumen\a\Belgis\Matrona\et\Sequana\dividit\Horum\omnium\fortissimi\sunt\bk1\F3_F2\F3_F2_F0\F3_F2_F0.txt
=j C:\data\cpp\hardlinks\ln\test\DeepDeloreanSplice\Gallia\est\omnis\divisa\in\partes\tres\quarum\unam\incolunt\Belgae\aliam\Aquitani\tertiam\qui\ipsorum\lingua\Celtae\nostra\Galli\appellantur\Hi\omnes\lingua\institutis\legibus\inter\se\differunt\Gallos\ab\Aquitanis\Garumna\flumen\a\Belgis\Matrona\et\Sequana\dividit\Horum\omnium\fortissimi\sunt\bk1\F3_F2\F3_F2_J1
=j C:\data\cpp\hardlinks\ln\test\DeepDeloreanSplice\Gallia\est\omnis\divisa\in\partes\tres\quarum\unam\incolunt\Belgae\aliam\Aquitani\tertiam\qui\ipsorum\lingua\Celtae\nostra\Galli\appellantur\Hi\omnes\lingua\institutis\legibus\inter\se\differunt\Gallos\ab\Aquitanis\Garumna\flumen\a\Belgis\Matrona\et\Sequana\dividit\Horum\omnium\fortissimi\sunt\bk1\F3_J0
=j C:\data\cpp\hardlinks\ln\test\DeepDeloreanSplice\Gallia\est\omnis\divisa\in\partes\tres\quarum\unam\incolunt\Belgae\aliam\Aquitani\tertiam\qui\ipsorum\lingua\Celtae\nostra\Galli\appellantur\Hi\omnes\lingua\institutis\legibus\inter\se\differunt\Gallos\ab\Aquitanis\Garumna\flumen\a\Belgis\Matrona\et\Sequana\dividit\Horum\omnium\fortissimi\sunt\bk1\F3_J1
Junction:         3         -         0         3         0         0         0
ErrorLevel == 0

C:\data\cpp\hardlinks\ln>REM

C:\data\cpp\hardlinks\ln>REM delete a few Junctions from DST and let it regenerate 

C:\data\cpp\hardlinks\ln>REM

C:\data\cpp\hardlinks\ln>..\bin\X64\Release\ln.exe --automated_test --splice  --delorean test\DeepDeloreanSplice\Gallia\est\omnis\divisa\in\partes\tres\quarum\unam\incolunt\Belgae\aliam\Aquitani\tertiam\qui\ipsorum\lingua\Celtae\nostra\Galli\appellantur\Hi\omnes\lingua\institutis\legibus\inter\se\differunt\Gallos\ab\Aquitanis\Garumna\flumen\a\Belgis\Matrona\et\Sequana\dividit\Horum\omnium\fortissimi\sunt\source\F3 test\DeepDeloreanSplice\Gallia\est\omnis\divisa\in\partes\tres\quarum\unam\incolunt\Belgae\aliam\Aquitani\tertiam\qui\ipsorum\lingua\Celtae\nostra\Galli\appellantur\Hi\omnes\lingua\institutis\legibus\inter\se\differunt\Gallos\ab\Aquitanis\Garumna\flumen\a\Belgis\Matrona\et\Sequana\dividit\Horum\omnium\fortissimi\sunt\dest test\DeepDeloreanSplice\Gallia\est\omnis\divisa\in\partes\tres\quarum\unam\incolunt\Belgae\aliam\Aquitani\tertiam\qui\ipsorum\lingua\Celtae\nostra\Galli\appellantur\Hi\omnes\lingua\institutis\legibus\inter\se\differunt\Gallos\ab\Aquitanis\Garumna\flumen\a\Belgis\Matrona\et\Sequana\dividit\Horum\omnium\fortissimi\sunt\bk1  1>sortout 


                      Overall               Clone              Mirror
              Total    Copied    Linked   Skipped   Removed  Excluded    Failed
    Byte:       464         0         0       464         0         0         0
    File:         1         0         0         1         0         0         0
   Times:        00:00:00.002        00:00:00.007        00:00:00.034
  Folder:         3         0         -         3         0         0         0
 Symlink:         0         -         0         0         0         0         0
+j C:\data\cpp\hardlinks\ln\test\DeepDeloreanSplice\Gallia\est\omnis\divisa\in\partes\tres\quarum\unam\incolunt\Belgae\aliam\Aquitani\tertiam\qui\ipsorum\lingua\Celtae\nostra\Galli\appellantur\Hi\omnes\lingua\institutis\legibus\inter\se\differunt\Gallos\ab\Aquitanis\Garumna\flumen\a\Belgis\Matrona\et\Sequana\dividit\Horum\omnium\fortissimi\sunt\bk1\F3_J0
+j C:\data\cpp\hardlinks\ln\test\DeepDeloreanSplice\Gallia\est\omnis\divisa\in\partes\tres\quarum\unam\incolunt\Belgae\aliam\Aquitani\tertiam\qui\ipsorum\lingua\Celtae\nostra\Galli\appellantur\Hi\omnes\lingua\institutis\legibus\inter\se\differunt\Gallos\ab\Aquitanis\Garumna\flumen\a\Belgis\Matrona\et\Sequana\dividit\Horum\omnium\fortissimi\sunt\bk1\F3_J1
=d C:\data\cpp\hardlinks\ln\test\DeepDeloreanSplice\Gallia\est\omnis\divisa\in\partes\tres\quarum\unam\incolunt\Belgae\aliam\Aquitani\tertiam\qui\ipsorum\lingua\Celtae\nostra\Galli\appellantur\Hi\omnes\lingua\institutis\legibus\inter\se\differunt\Gallos\ab\Aquitanis\Garumna\flumen\a\Belgis\Matrona\et\Sequana\dividit\Horum\omnium\fortissimi\sunt\bk1
=d C:\data\cpp\hardlinks\ln\test\DeepDeloreanSplice\Gallia\est\omnis\divisa\in\partes\tres\quarum\unam\incolunt\Belgae\aliam\Aquitani\tertiam\qui\ipsorum\lingua\Celtae\nostra\Galli\appellantur\Hi\omnes\lingua\institutis\legibus\inter\se\differunt\Gallos\ab\Aquitanis\Garumna\flumen\a\Belgis\Matrona\et\Sequana\dividit\Horum\omnium\fortissimi\sunt\bk1\F3_F2
=d C:\data\cpp\hardlinks\ln\test\DeepDeloreanSplice\Gallia\est\omnis\divisa\in\partes\tres\quarum\unam\incolunt\Belgae\aliam\Aquitani\tertiam\qui\ipsorum\lingua\Celtae\nostra\Galli\appellantur\Hi\omnes\lingua\institutis\legibus\inter\se\differunt\Gallos\ab\Aquitanis\Garumna\flumen\a\Belgis\Matrona\et\Sequana\dividit\Horum\omnium\fortissimi\sunt\bk1\F3_F2\F3_F2_F0
=f C:\data\cpp\hardlinks\ln\test\DeepDeloreanSplice\Gallia\est\omnis\divisa\in\partes\tres\quarum\unam\incolunt\Belgae\aliam\Aquitani\tertiam\qui\ipsorum\lingua\Celtae\nostra\Galli\appellantur\Hi\omnes\lingua\institutis\legibus\inter\se\differunt\Gallos\ab\Aquitanis\Garumna\flumen\a\Belgis\Matrona\et\Sequana\dividit\Horum\omnium\fortissimi\sunt\bk1\F3_F2\F3_F2_F0\F3_F2_F0.txt
=j C:\data\cpp\hardlinks\ln\test\DeepDeloreanSplice\Gallia\est\omnis\divisa\in\partes\tres\quarum\unam\incolunt\Belgae\aliam\Aquitani\tertiam\qui\ipsorum\lingua\Celtae\nostra\Galli\appellantur\Hi\omnes\lingua\institutis\legibus\inter\se\differunt\Gallos\ab\Aquitanis\Garumna\flumen\a\Belgis\Matrona\et\Sequana\dividit\Horum\omnium\fortissimi\sunt\bk1\F3_F2\F3_F2_J1
Junction:         3         -         2         1         0         0         0
ErrorLevel == 0
C:\data\cpp\hardlinks\ln\test\DeepDeloreanSplice\Gallia\est\omnis\divisa\in\partes\tres\quarum\unam\incolunt\Belgae\aliam\Aquitani\tertiam\qui\ipsorum\lingua\Celtae\nostra\Galli\appellantur\Hi\omnes\lingua\institutis\legibus\inter\se\differunt\Gallos\ab\Aquitanis\Garumna\flumen\a\Belgis\Matrona\et\Sequana\dividit\Horum\omnium\fortissimi\sunt\bk1\F3_F2\F3_F2_J1 -> C:\data\cpp\hardlinks\ln\test\DeepDeloreanSplice\Gallia\est\omnis\divisa\in\partes\tres\quarum\unam\incolunt\Belgae\aliam\Aquitani\tertiam\qui\ipsorum\lingua\Celtae\nostra\Galli\appellantur\Hi\omnes\lingua\institutis\legibus\inter\se\differunt\Gallos\ab\Aquitanis\Garumna\flumen\a\Belgis\Matrona\et\Sequana\dividit\Horum\omnium\fortissimi\sunt\bk1\F3_F2\F3_F2_F0
C:\data\cpp\hardlinks\ln\test\DeepDeloreanSplice\Gallia\est\omnis\divisa\in\partes\tres\quarum\unam\incolunt\Belgae\aliam\Aquitani\tertiam\qui\ipsorum\lingua\Celtae\nostra\Galli\appellantur\Hi\omnes\lingua\institutis\legibus\inter\se\differunt\Gallos\ab\Aquitanis\Garumna\flumen\a\Belgis\Matrona\et\Sequana\dividit\Horum\omnium\fortissimi\sunt\bk1\F3_J0 -> C:\data\cpp\hardlinks\ln\test\DeepDeloreanSplice\Gallia\est\omnis\divisa\in\partes\tres\quarum\unam\incolunt\Belgae\aliam\Aquitani\tertiam\qui\ipsorum\lingua\Celtae\nostra\Galli\appellantur\Hi\omnes\lingua\institutis\legibus\inter\se\differunt\Gallos\ab\Aquitanis\Garumna\flumen\a\Belgis\Matrona\et\Sequana\dividit\Horum\omnium\fortissimi\sunt\source\F2
C:\data\cpp\hardlinks\ln\test\DeepDeloreanSplice\Gallia\est\omnis\divisa\in\partes\tres\quarum\unam\incolunt\Belgae\aliam\Aquitani\tertiam\qui\ipsorum\lingua\Celtae\nostra\Galli\appellantur\Hi\omnes\lingua\institutis\legibus\inter\se\differunt\Gallos\ab\Aquitanis\Garumna\flumen\a\Belgis\Matrona\et\Sequana\dividit\Horum\omnium\fortissimi\sunt\bk1\F3_J1 -> C:\data\cpp\hardlinks\ln\test\DeepDeloreanSplice\Gallia\est\omnis\divisa\in\partes\tres\quarum\unam\incolunt\Belgae\aliam\Aquitani\tertiam\qui\ipsorum\lingua\Celtae\nostra\Galli\appellantur\Hi\omnes\lingua\institutis\legibus\inter\se\differunt\Gallos\ab\Aquitanis\Garumna\flumen\a\Belgis\Matrona\et\Sequana\dividit\Horum\omnium\fortissimi\sunt\source\F1\F1_F0

C:\data\cpp\hardlinks\ln>REM

C:\data\cpp\hardlinks\ln>REM delete a few Junctions from DST and let it regenerate 

C:\data\cpp\hardlinks\ln>REM delete a few junctions from SRC so that it is removed from 

C:\data\cpp\hardlinks\ln>REM

C:\data\cpp\hardlinks\ln>..\bin\X64\Release\ln.exe --automated_test --move test\DeepDeloreanSplice\Gallia\est\omnis\divisa\in\partes\tres\quarum\unam\incolunt\Belgae\aliam\Aquitani\tertiam\qui\ipsorum\lingua\Celtae\nostra\Galli\appellantur\Hi\omnes\lingua\institutis\legibus\inter\se\differunt\Gallos\ab\Aquitanis\Garumna\flumen\a\Belgis\Matrona\et\Sequana\dividit\Horum\omnium\fortissimi\sunt\bk1 test\DeepDeloreanSplice\Gallia\est\omnis\divisa\in\partes\tres\quarum\unam\incolunt\Belgae\aliam\Aquitani\tertiam\qui\ipsorum\lingua\Celtae\nostra\Galli\appellantur\Hi\omnes\lingua\institutis\legibus\inter\se\differunt\Gallos\ab\Aquitanis\Garumna\flumen\a\Belgis\Matrona\et\Sequana\dividit\Horum\omnium\fortissimi\sunt\dest 
+d C:\data\cpp\hardlinks\ln\test\DeepDeloreanSplice\Gallia\est\omnis\divisa\in\partes\tres\quarum\unam\incolunt\Belgae\aliam\Aquitani\tertiam\qui\ipsorum\lingua\Celtae\nostra\Galli\appellantur\Hi\omnes\lingua\institutis\legibus\inter\se\differunt\Gallos\ab\Aquitanis\Garumna\flumen\a\Belgis\Matrona\et\Sequana\dividit\Horum\omnium\fortissimi\sunt\dest
+j C:\data\cpp\hardlinks\ln\test\DeepDeloreanSplice\Gallia\est\omnis\divisa\in\partes\tres\quarum\unam\incolunt\Belgae\aliam\Aquitani\tertiam\qui\ipsorum\lingua\Celtae\nostra\Galli\appellantur\Hi\omnes\lingua\institutis\legibus\inter\se\differunt\Gallos\ab\Aquitanis\Garumna\flumen\a\Belgis\Matrona\et\Sequana\dividit\Horum\omnium\fortissimi\sunt\bk1\F3_F2\F3_F2_J1

              Total    Copied    Linked   Skipped  Excluded    Failed
  Folder:         3         1         -         0         0         0
    File:         1         0         0         0         0         0
Junction:         3         -         1         0         0         0
 Symlink:         0         -         0         0         0         0
    Byte:       464         0         0         0         0         0

                      Overall
   Times:        00:00:00.002

C:\data\cpp\hardlinks\ln>..\bin\X64\Release\ln.exe --automated_test --splice  --delorean test\DeepDeloreanSplice\Gallia\est\omnis\divisa\in\partes\tres\quarum\unam\incolunt\Belgae\aliam\Aquitani\tertiam\qui\ipsorum\lingua\Celtae\nostra\Galli\appellantur\Hi\omnes\lingua\institutis\legibus\inter\se\differunt\Gallos\ab\Aquitanis\Garumna\flumen\a\Belgis\Matrona\et\Sequana\dividit\Horum\omnium\fortissimi\sunt\source\F3 test\DeepDeloreanSplice\Gallia\est\omnis\divisa\in\partes\tres\quarum\unam\incolunt\Belgae\aliam\Aquitani\tertiam\qui\ipsorum\lingua\Celtae\nostra\Galli\appellantur\Hi\omnes\lingua\institutis\legibus\inter\se\differunt\Gallos\ab\Aquitanis\Garumna\flumen\a\Belgis\Matrona\et\Sequana\dividit\Horum\omnium\fortissimi\sunt\dest test\DeepDeloreanSplice\Gallia\est\omnis\divisa\in\partes\tres\quarum\unam\incolunt\Belgae\aliam\Aquitani\tertiam\qui\ipsorum\lingua\Celtae\nostra\Galli\appellantur\Hi\omnes\lingua\institutis\legibus\inter\se\differunt\Gallos\ab\Aquitanis\Garumna\flumen\a\Belgis\Matrona\et\Sequana\dividit\Horum\omnium\fortissimi\sunt\bk1  1>sortout 


-j C:\data\cpp\hardlinks\ln\test\DeepDeloreanSplice\Gallia\est\omnis\divisa\in\partes\tres\quarum\unam\incolunt\Belgae\aliam\Aquitani\tertiam\qui\ipsorum\lingua\Celtae\nostra\Galli\appellantur\Hi\omnes\lingua\institutis\legibus\inter\se\differunt\Gallos\ab\Aquitanis\Garumna\flumen\a\Belgis\Matrona\et\Sequana\dividit\Horum\omnium\fortissimi\sunt\bk1\F3_J0
                      Overall               Clone              Mirror
              Total    Copied    Linked   Skipped   Removed  Excluded    Failed
    Byte:       464         0         0       464         0         0         0
    File:         1         0         0         1         0         0         0
   Times:        00:00:00.002        00:00:00.007        00:00:00.034
  Folder:         3         0         -         3         0         0         0
 Symlink:         0         -         0         0         0         0         0
+j C:\data\cpp\hardlinks\ln\test\DeepDeloreanSplice\Gallia\est\omnis\divisa\in\partes\tres\quarum\unam\incolunt\Belgae\aliam\Aquitani\tertiam\qui\ipsorum\lingua\Celtae\nostra\Galli\appellantur\Hi\omnes\lingua\institutis\legibus\inter\se\differunt\Gallos\ab\Aquitanis\Garumna\flumen\a\Belgis\Matrona\et\Sequana\dividit\Horum\omnium\fortissimi\sunt\bk1\F3_J1
=d C:\data\cpp\hardlinks\ln\test\DeepDeloreanSplice\Gallia\est\omnis\divisa\in\partes\tres\quarum\unam\incolunt\Belgae\aliam\Aquitani\tertiam\qui\ipsorum\lingua\Celtae\nostra\Galli\appellantur\Hi\omnes\lingua\institutis\legibus\inter\se\differunt\Gallos\ab\Aquitanis\Garumna\flumen\a\Belgis\Matrona\et\Sequana\dividit\Horum\omnium\fortissimi\sunt\bk1
=d C:\data\cpp\hardlinks\ln\test\DeepDeloreanSplice\Gallia\est\omnis\divisa\in\partes\tres\quarum\unam\incolunt\Belgae\aliam\Aquitani\tertiam\qui\ipsorum\lingua\Celtae\nostra\Galli\appellantur\Hi\omnes\lingua\institutis\legibus\inter\se\differunt\Gallos\ab\Aquitanis\Garumna\flumen\a\Belgis\Matrona\et\Sequana\dividit\Horum\omnium\fortissimi\sunt\bk1\F3_F2
=d C:\data\cpp\hardlinks\ln\test\DeepDeloreanSplice\Gallia\est\omnis\divisa\in\partes\tres\quarum\unam\incolunt\Belgae\aliam\Aquitani\tertiam\qui\ipsorum\lingua\Celtae\nostra\Galli\appellantur\Hi\omnes\lingua\institutis\legibus\inter\se\differunt\Gallos\ab\Aquitanis\Garumna\flumen\a\Belgis\Matrona\et\Sequana\dividit\Horum\omnium\fortissimi\sunt\bk1\F3_F2\F3_F2_F0
=f C:\data\cpp\hardlinks\ln\test\DeepDeloreanSplice\Gallia\est\omnis\divisa\in\partes\tres\quarum\unam\incolunt\Belgae\aliam\Aquitani\tertiam\qui\ipsorum\lingua\Celtae\nostra\Galli\appellantur\Hi\omnes\lingua\institutis\legibus\inter\se\differunt\Gallos\ab\Aquitanis\Garumna\flumen\a\Belgis\Matrona\et\Sequana\dividit\Horum\omnium\fortissimi\sunt\bk1\F3_F2\F3_F2_F0\F3_F2_F0.txt
=j C:\data\cpp\hardlinks\ln\test\DeepDeloreanSplice\Gallia\est\omnis\divisa\in\partes\tres\quarum\unam\incolunt\Belgae\aliam\Aquitani\tertiam\qui\ipsorum\lingua\Celtae\nostra\Galli\appellantur\Hi\omnes\lingua\institutis\legibus\inter\se\differunt\Gallos\ab\Aquitanis\Garumna\flumen\a\Belgis\Matrona\et\Sequana\dividit\Horum\omnium\fortissimi\sunt\bk1\F3_F2\F3_F2_J1
Junction:         2         -         1         1         1         0         0
ErrorLevel == 0
C:\data\cpp\hardlinks\ln\test\DeepDeloreanSplice\Gallia\est\omnis\divisa\in\partes\tres\quarum\unam\incolunt\Belgae\aliam\Aquitani\tertiam\qui\ipsorum\lingua\Celtae\nostra\Galli\appellantur\Hi\omnes\lingua\institutis\legibus\inter\se\differunt\Gallos\ab\Aquitanis\Garumna\flumen\a\Belgis\Matrona\et\Sequana\dividit\Horum\omnium\fortissimi\sunt\bk1\F3_F2\F3_F2_J1 -> C:\data\cpp\hardlinks\ln\test\DeepDeloreanSplice\Gallia\est\omnis\divisa\in\partes\tres\quarum\unam\incolunt\Belgae\aliam\Aquitani\tertiam\qui\ipsorum\lingua\Celtae\nostra\Galli\appellantur\Hi\omnes\lingua\institutis\legibus\inter\se\differunt\Gallos\ab\Aquitanis\Garumna\flumen\a\Belgis\Matrona\et\Sequana\dividit\Horum\omnium\fortissimi\sunt\bk1\F3_F2\F3_F2_F0
ERROR: Source directory 'test\DeepDeloreanSplice\Gallia\est\omnis\divisa\in\partes\tres\quarum\unam\incolunt\Belgae\aliam\Aquitani\tertiam\qui\ipsorum\lingua\Celtae\nostra\Galli\appellantur\Hi\omnes\lingua\institutis\legibus\inter\se\differunt\Gallos\ab\Aquitanis\Garumna\flumen\a\Belgis\Matrona\et\Sequana\dividit\Horum\omnium\fortissimi\sunt\bk1\F3_J0' does not exist
C:\data\cpp\hardlinks\ln\test\DeepDeloreanSplice\Gallia\est\omnis\divisa\in\partes\tres\quarum\unam\incolunt\Belgae\aliam\Aquitani\tertiam\qui\ipsorum\lingua\Celtae\nostra\Galli\appellantur\Hi\omnes\lingua\institutis\legibus\inter\se\differunt\Gallos\ab\Aquitanis\Garumna\flumen\a\Belgis\Matrona\et\Sequana\dividit\Horum\omnium\fortissimi\sunt\bk1\F3_J1 -> C:\data\cpp\hardlinks\ln\test\DeepDeloreanSplice\Gallia\est\omnis\divisa\in\partes\tres\quarum\unam\incolunt\Belgae\aliam\Aquitani\tertiam\qui\ipsorum\lingua\Celtae\nostra\Galli\appellantur\Hi\omnes\lingua\institutis\legibus\inter\se\differunt\Gallos\ab\Aquitanis\Garumna\flumen\a\Belgis\Matrona\et\Sequana\dividit\Horum\omnium\fortissimi\sunt\source\F1\F1_F0
 test\DeepDeloreanSplice\Gallia\est\omnis\divisa\in\partes\tres\quarum\unam\incolunt\Belgae\aliam\Aquitani\tertiam\qui\ipsorum\lingua\Celtae\nostra\Galli\appellantur\Hi\omnes\lingua\institutis\legibus\inter\se\differunt\Gallos\ab\Aquitanis\Garumna\flumen\a\Belgis\Matrona\et\Sequana\dividit\Horum\omnium\fortissimi\sunt\bk1 

C:\data\cpp\hardlinks\ln>REM  

C:\data\cpp\hardlinks\ln>REM Clean up 

C:\data\cpp\hardlinks\ln>REM
