
C:\data\cpp\git\hardlinks\ln>REM file -> file 

C:\data\cpp\git\hardlinks\ln>..\bin\X64\Release\ln.exe --automated_test --progress  --symbolic test\ln.h test\ln_symlink.h  1>nul 
test\ln_symlink.h -> ln.h
ErrorLevel == 0

C:\data\cpp\git\hardlinks\ln>REM file -> file - already exists 

C:\data\cpp\git\hardlinks\ln>..\bin\X64\Release\ln.exe --automated_test --progress  --symbolic test\ln.h test\ln_symlink.h 
ERROR: 'test\ln_symlink.h' already exists
ErrorLevel == -3

C:\data\cpp\git\hardlinks\ln>REM not_existant_file -> file 

C:\data\cpp\git\hardlinks\ln>..\bin\X64\Release\ln.exe --automated_test --progress  --symbolic test\ln_not_existant.h test\ln_symlink.h  
ERROR: file 'test\ln_not_existant.h' does not exist
ErrorLevel == -5

C:\data\cpp\git\hardlinks\ln>REM file -> dir/dir 

C:\data\cpp\git\hardlinks\ln>..\bin\X64\Release\ln.exe --automated_test --progress  --symbolic test\ln.h test\symbolic   1>nul 
test\symbolic\ln.h -> ..\ln.h
ErrorLevel == 0

C:\data\cpp\git\hardlinks\ln>REM file -> dir/dir - already exists 

C:\data\cpp\git\hardlinks\ln>..\bin\X64\Release\ln.exe --automated_test --progress  --symbolic test\ln.h test\symbolic  
ERROR: 'test\symbolic\ln.h' already exists
ErrorLevel == -3

C:\data\cpp\git\hardlinks\ln>REM file -> dir 

C:\data\cpp\git\hardlinks\ln\test>..\..\bin\X64\Release\ln.exe --automated_test --progress  --symbolic ln.h symbolic   1>nul 
symbolic\ln.h -> ..\ln.h
ErrorLevel == 0

C:\data\cpp\git\hardlinks\ln>REM not_existant_file -> dir/dir 

C:\data\cpp\git\hardlinks\ln>..\bin\X64\Release\ln.exe --automated_test --progress  --symbolic test\ln_not_existant.h test\symbolic   1>nul 
ERROR: symlink 'test\symbolic\ln.h' does not exist
ErrorLevel == -5

C:\data\cpp\git\hardlinks\ln>REM file -> dir/symlink_dir 

C:\data\cpp\git\hardlinks\ln>..\bin\X64\Release\ln.exe --automated_test --progress  --symbolic test\ln.h test\symlink_dir   1>nul 
test\symlink_dir\ln.h -> ..\ln.h
ErrorLevel == 0

C:\data\cpp\git\hardlinks\ln>REM file -> dir/junction 

C:\data\cpp\git\hardlinks\ln>..\bin\X64\Release\ln.exe --automated_test --progress  --symbolic test\ln.h test\junction   1>nul 
test\junction\ln.h -> ..\ln.h
ErrorLevel == 0

C:\data\cpp\git\hardlinks\ln>REM dir -> dir/dir 

C:\data\cpp\git\hardlinks\ln>..\bin\X64\Release\ln.exe --automated_test --progress  --symbolic test\sym_target test\symbolic 
ERROR: 'test\symbolic' already exists
ErrorLevel == -3

C:\data\cpp\git\hardlinks\ln>REM dir -> dir/dir\  

C:\data\cpp\git\hardlinks\ln>..\bin\X64\Release\ln.exe --automated_test --progress  --symbolic test\sym_target test\symbolic\   1>nul 
test\symbolic\sym_target -> ..\sym_target
ErrorLevel == 0

C:\data\cpp\git\hardlinks\ln>REM dir -> dir/dir\ - already exists 

C:\data\cpp\git\hardlinks\ln>..\bin\X64\Release\ln.exe --automated_test --progress  --symbolic test\sym_target test\symbolic\ 
ERROR: 'test\symbolic\sym_target' already exists
ErrorLevel == -3

C:\data\cpp\git\hardlinks\ln>REM dir -> dir/dir/ 

C:\data\cpp\git\hardlinks\ln>..\bin\X64\Release\ln.exe --automated_test --progress  --symbolic test\sym_target test\symbolic/   1>nul 
test\symbolic\sym_target -> ..\sym_target
ErrorLevel == 0

C:\data\cpp\git\hardlinks\ln>REM dir -> dir/dir/ - already exists 

C:\data\cpp\git\hardlinks\ln>..\bin\X64\Release\ln.exe --automated_test --progress  --symbolic test\sym_target test\symbolic/ 
ERROR: 'test\symbolic/sym_target' already exists
ErrorLevel == -3
