
E:\data\cpp\hardlinks\ln>call t_NetworkDrive01.bat test\netdrive copy symbolic absolute unroll 

E:\data\cpp\hardlinks\ln>echo.


E:\data\cpp\hardlinks\ln>REM

E:\data\cpp\hardlinks\ln>REM Straight forward Smart Copy/Clone 

E:\data\cpp\hardlinks\ln>REM

E:\data\cpp\hardlinks\ln>..\bin\X64\Release\ln.exe --automated_test --absolute --unroll --copy t:\ test\netdrive\1\2\3\4\dest  1>sortout 


              Total    Copied    Linked   Skipped  Excluded    Failed
    Byte:     2.320     2.320         0         0         0         0
    File:         5         5         0         0         0         0
  Folder:         9         9         -         0         0         0
 Symlink:         6         -         6         0         0         0
+d E:\data\cpp\hardlinks\ln\test\netdrive\1\2\3\4\dest
+d E:\data\cpp\hardlinks\ln\test\netdrive\1\2\3\4\dest\F0
+d E:\data\cpp\hardlinks\ln\test\netdrive\1\2\3\4\dest\F0\F0_F1
+d E:\data\cpp\hardlinks\ln\test\netdrive\1\2\3\4\dest\F0\F0_F1\F0_F1_F0
+d E:\data\cpp\hardlinks\ln\test\netdrive\1\2\3\4\dest\F0\F0_F1\F0_F1_F1
+d E:\data\cpp\hardlinks\ln\test\netdrive\1\2\3\4\dest\F1
+d E:\data\cpp\hardlinks\ln\test\netdrive\1\2\3\4\dest\F1\F1_F0
+d E:\data\cpp\hardlinks\ln\test\netdrive\1\2\3\4\dest\F2
+d E:\data\cpp\hardlinks\ln\test\netdrive\1\2\3\4\dest\F3
+f E:\data\cpp\hardlinks\ln\test\netdrive\1\2\3\4\dest\F0\F0.txt
+f E:\data\cpp\hardlinks\ln\test\netdrive\1\2\3\4\dest\F0\F0_F1\F0_F1.txt
+f E:\data\cpp\hardlinks\ln\test\netdrive\1\2\3\4\dest\F0\F0_F1\F0_F1_F1\F0_F1_F1.txt
+f E:\data\cpp\hardlinks\ln\test\netdrive\1\2\3\4\dest\F1\F1.txt
+f E:\data\cpp\hardlinks\ln\test\netdrive\1\2\3\4\dest\F1\F1_F0\F1_F0.txt
+s E:\data\cpp\hardlinks\ln\test\netdrive\1\2\3\4\dest\F0\F0_F1\F0_F1_F0\F0_F1_F0.syl
+s E:\data\cpp\hardlinks\ln\test\netdrive\1\2\3\4\dest\F0\F0_F1\F0_F1_J2
+s E:\data\cpp\hardlinks\ln\test\netdrive\1\2\3\4\dest\F1\F1_F0\F1_F0.syl
+s E:\data\cpp\hardlinks\ln\test\netdrive\1\2\3\4\dest\F1\F1_F0\F1_F0_J0
+s E:\data\cpp\hardlinks\ln\test\netdrive\1\2\3\4\dest\F2\F2_J0
+s E:\data\cpp\hardlinks\ln\test\netdrive\1\2\3\4\dest\F3\F3_J0
Junction:         0         -         0         0         0         0
ErrorLevel == 0
test\netdrive\1\2\3\4\dest\F0\F0_F1\F0_F1_J2 -> E:\data\cpp\hardlinks\ln\test\netdrive\1\2\3\4\dest\F0\F0_F1\F0_F1_F1
test\netdrive\1\2\3\4\dest\F1\F1_F0\F1_F0_J0 -> E:\data\cpp\hardlinks\ln\test\netdrive\1\2\3\4\dest\F0\F0_F1
test\netdrive\1\2\3\4\dest\F2\F2_J0 -> E:\data\cpp\hardlinks\ln\test\netdrive\1\2\3\4\dest\F1
test\netdrive\1\2\3\4\dest\F3\F3_J0 -> E:\data\cpp\hardlinks\ln\test\netdrive\1\2\3\4\dest\F2
test\netdrive\1\2\3\4\dest\F1\F1_F0\F1_F0.syl -> E:\data\cpp\hardlinks\ln\test\netdrive\1\2\3\4\dest\F0\F0_F1\F0_F1.txt
test\netdrive\1\2\3\4\dest\F0\F0_F1\F0_F1_F0\F0_F1_F0.syl -> E:\data\cpp\hardlinks\ln\test\netdrive\1\2\3\4\dest\F0\F0_F1\F0_F1_F1\F0_F1_F1.txt

E:\data\cpp\hardlinks\ln>REM

E:\data\cpp\hardlinks\ln>REM Multiple sources are given for F0/ F3/, so unrolling is prevented,  

E:\data\cpp\hardlinks\ln>REM but to F1/ and F2/ unrolling is neccessary 

E:\data\cpp\hardlinks\ln>REM

E:\data\cpp\hardlinks\ln>..\bin\X64\Release\ln.exe --automated_test --absolute --source t:\F0 --unroll --copy t:\F3 test\netdrive\1\2\3\4\dest  1>sortout 


              Total    Copied    Linked   Skipped  Excluded    Failed
    Byte:     2.320     2.320         0         0         0         0
    File:         5         5         0         0         0         0
  Folder:         8         7         -         0         0         0
 Symlink:         4         -         4         0         0         0
+d E:\data\cpp\hardlinks\ln\test\netdrive\1\2\3\4\dest
+d E:\data\cpp\hardlinks\ln\test\netdrive\1\2\3\4\dest\F0_F1
+d E:\data\cpp\hardlinks\ln\test\netdrive\1\2\3\4\dest\F0_F1\F0_F1_F0
+d E:\data\cpp\hardlinks\ln\test\netdrive\1\2\3\4\dest\F0_F1\F0_F1_F1
+d E:\data\cpp\hardlinks\ln\test\netdrive\1\2\3\4\dest\F3_J0
+d E:\data\cpp\hardlinks\ln\test\netdrive\1\2\3\4\dest\F3_J0\F2_J0
+d E:\data\cpp\hardlinks\ln\test\netdrive\1\2\3\4\dest\F3_J0\F2_J0\F1_F0
+f E:\data\cpp\hardlinks\ln\test\netdrive\1\2\3\4\dest\F0.txt
+f E:\data\cpp\hardlinks\ln\test\netdrive\1\2\3\4\dest\F0_F1\F0_F1.txt
+f E:\data\cpp\hardlinks\ln\test\netdrive\1\2\3\4\dest\F0_F1\F0_F1_F1\F0_F1_F1.txt
+f E:\data\cpp\hardlinks\ln\test\netdrive\1\2\3\4\dest\F3_J0\F2_J0\F1.txt
+f E:\data\cpp\hardlinks\ln\test\netdrive\1\2\3\4\dest\F3_J0\F2_J0\F1_F0\F1_F0.txt
+s E:\data\cpp\hardlinks\ln\test\netdrive\1\2\3\4\dest\F0_F1\F0_F1_F0\F0_F1_F0.syl
+s E:\data\cpp\hardlinks\ln\test\netdrive\1\2\3\4\dest\F0_F1\F0_F1_J2
+s E:\data\cpp\hardlinks\ln\test\netdrive\1\2\3\4\dest\F3_J0\F2_J0\F1_F0\F1_F0.syl
+s E:\data\cpp\hardlinks\ln\test\netdrive\1\2\3\4\dest\F3_J0\F2_J0\F1_F0\F1_F0_J0
Junction:         0         -         0         0         0         0
ErrorLevel == 0
test\netdrive\1\2\3\4\dest\F3_J0\F2_J0\F1_F0\F1_F0_J0 -> E:\data\cpp\hardlinks\ln\test\netdrive\1\2\3\4\dest\F0_F1
test\netdrive\1\2\3\4\dest\F0_F1\F0_F1_J2 -> E:\data\cpp\hardlinks\ln\test\netdrive\1\2\3\4\dest\F0_F1\F0_F1_F1
test\netdrive\1\2\3\4\dest\F3_J0\F2_J0\F1_F0\F1_F0.syl -> E:\data\cpp\hardlinks\ln\test\netdrive\1\2\3\4\dest\F0_F1\F0_F1.txt
test\netdrive\1\2\3\4\dest\F0_F1\F0_F1_F0\F0_F1_F0.syl -> E:\data\cpp\hardlinks\ln\test\netdrive\1\2\3\4\dest\F0_F1\F0_F1_F1\F0_F1_F1.txt

E:\data\cpp\hardlinks\ln>REM

E:\data\cpp\hardlinks\ln>REM Network Delorean:   

E:\data\cpp\hardlinks\ln>REM

E:\data\cpp\hardlinks\ln>..\bin\X64\Release\ln.exe --automated_test --absolute --source t:\F0 --unroll --delorean t:\F3 test\netdrive\1\2\3\4\dest test\netdrive\1\2\3\4\bk1 1>sortout 


              Total    Copied    Linked   Skipped   Removed  Excluded    Failed
    Byte:     2.320         0         0     2.320         0         0         0
    File:         5         0         0         5         0         0         0
  Folder:         8         0         -         8         0         0         0
 Symlink:         4         -         0         4         0         0         0
=d E:\data\cpp\hardlinks\ln\test\netdrive\1\2\3\4\bk1
=d E:\data\cpp\hardlinks\ln\test\netdrive\1\2\3\4\bk1
=d E:\data\cpp\hardlinks\ln\test\netdrive\1\2\3\4\bk1\F0_F1
=d E:\data\cpp\hardlinks\ln\test\netdrive\1\2\3\4\bk1\F0_F1\F0_F1_F0
=d E:\data\cpp\hardlinks\ln\test\netdrive\1\2\3\4\bk1\F0_F1\F0_F1_F1
=d E:\data\cpp\hardlinks\ln\test\netdrive\1\2\3\4\bk1\F3_J0
=d E:\data\cpp\hardlinks\ln\test\netdrive\1\2\3\4\bk1\F3_J0\F2_J0
=d E:\data\cpp\hardlinks\ln\test\netdrive\1\2\3\4\bk1\F3_J0\F2_J0\F1_F0
=f E:\data\cpp\hardlinks\ln\test\netdrive\1\2\3\4\bk1\F0.txt
=f E:\data\cpp\hardlinks\ln\test\netdrive\1\2\3\4\bk1\F0_F1\F0_F1.txt
=f E:\data\cpp\hardlinks\ln\test\netdrive\1\2\3\4\bk1\F0_F1\F0_F1_F1\F0_F1_F1.txt
=f E:\data\cpp\hardlinks\ln\test\netdrive\1\2\3\4\bk1\F3_J0\F2_J0\F1.txt
=f E:\data\cpp\hardlinks\ln\test\netdrive\1\2\3\4\bk1\F3_J0\F2_J0\F1_F0\F1_F0.txt
=s E:\data\cpp\hardlinks\ln\test\netdrive\1\2\3\4\bk1\F0_F1\F0_F1_F0\F0_F1_F0.syl
=s E:\data\cpp\hardlinks\ln\test\netdrive\1\2\3\4\bk1\F0_F1\F0_F1_J2
=s E:\data\cpp\hardlinks\ln\test\netdrive\1\2\3\4\bk1\F3_J0\F2_J0\F1_F0\F1_F0.syl
=s E:\data\cpp\hardlinks\ln\test\netdrive\1\2\3\4\bk1\F3_J0\F2_J0\F1_F0\F1_F0_J0
Junction:         0         -         0         0         0         0         0
ErrorLevel == 0
test\netdrive\1\2\3\4\bk1\F3_J0\F2_J0\F1_F0\F1_F0_J0 -> E:\data\cpp\hardlinks\ln\test\netdrive\1\2\3\4\bk1\F0_F1
test\netdrive\1\2\3\4\bk1\F0_F1\F0_F1_J2 -> E:\data\cpp\hardlinks\ln\test\netdrive\1\2\3\4\bk1\F0_F1\F0_F1_F1
test\netdrive\1\2\3\4\bk1\F3_J0\F2_J0\F1_F0\F1_F0.syl -> E:\data\cpp\hardlinks\ln\test\netdrive\1\2\3\4\bk1\F0_F1\F0_F1.txt
test\netdrive\1\2\3\4\bk1\F0_F1\F0_F1_F0\F0_F1_F0.syl -> E:\data\cpp\hardlinks\ln\test\netdrive\1\2\3\4\bk1\F0_F1\F0_F1_F1\F0_F1_F1.txt

E:\data\cpp\hardlinks\ln>echo.


E:\data\cpp\hardlinks\ln>REM

E:\data\cpp\hardlinks\ln>REM Straight forward Smart Copy/Clone 

E:\data\cpp\hardlinks\ln>REM

E:\data\cpp\hardlinks\ln>..\bin\X64\Release\ln.exe --automated_test  --unroll --copy t:\ test\netdrive\1\2\3\4\dest  1>sortout 


              Total    Copied    Linked   Skipped  Excluded    Failed
    Byte:     2.320     2.320         0         0         0         0
    File:         5         5         0         0         0         0
  Folder:         9         9         -         0         0         0
 Symlink:         6         -         6         0         0         0
+d E:\data\cpp\hardlinks\ln\test\netdrive\1\2\3\4\dest
+d E:\data\cpp\hardlinks\ln\test\netdrive\1\2\3\4\dest\F0
+d E:\data\cpp\hardlinks\ln\test\netdrive\1\2\3\4\dest\F0\F0_F1
+d E:\data\cpp\hardlinks\ln\test\netdrive\1\2\3\4\dest\F0\F0_F1\F0_F1_F0
+d E:\data\cpp\hardlinks\ln\test\netdrive\1\2\3\4\dest\F0\F0_F1\F0_F1_F1
+d E:\data\cpp\hardlinks\ln\test\netdrive\1\2\3\4\dest\F1
+d E:\data\cpp\hardlinks\ln\test\netdrive\1\2\3\4\dest\F1\F1_F0
+d E:\data\cpp\hardlinks\ln\test\netdrive\1\2\3\4\dest\F2
+d E:\data\cpp\hardlinks\ln\test\netdrive\1\2\3\4\dest\F3
+f E:\data\cpp\hardlinks\ln\test\netdrive\1\2\3\4\dest\F0\F0.txt
+f E:\data\cpp\hardlinks\ln\test\netdrive\1\2\3\4\dest\F0\F0_F1\F0_F1.txt
+f E:\data\cpp\hardlinks\ln\test\netdrive\1\2\3\4\dest\F0\F0_F1\F0_F1_F1\F0_F1_F1.txt
+f E:\data\cpp\hardlinks\ln\test\netdrive\1\2\3\4\dest\F1\F1.txt
+f E:\data\cpp\hardlinks\ln\test\netdrive\1\2\3\4\dest\F1\F1_F0\F1_F0.txt
+s E:\data\cpp\hardlinks\ln\test\netdrive\1\2\3\4\dest\F0\F0_F1\F0_F1_F0\F0_F1_F0.syl
+s E:\data\cpp\hardlinks\ln\test\netdrive\1\2\3\4\dest\F0\F0_F1\F0_F1_J2
+s E:\data\cpp\hardlinks\ln\test\netdrive\1\2\3\4\dest\F1\F1_F0\F1_F0.syl
+s E:\data\cpp\hardlinks\ln\test\netdrive\1\2\3\4\dest\F1\F1_F0\F1_F0_J0
+s E:\data\cpp\hardlinks\ln\test\netdrive\1\2\3\4\dest\F2\F2_J0
+s E:\data\cpp\hardlinks\ln\test\netdrive\1\2\3\4\dest\F3\F3_J0
Junction:         0         -         0         0         0         0
ErrorLevel == 0
test\netdrive\1\2\3\4\dest\F0\F0_F1\F0_F1_J2 -> F0_F1_F1
test\netdrive\1\2\3\4\dest\F1\F1_F0\F1_F0_J0 -> ..\..\F0\F0_F1
test\netdrive\1\2\3\4\dest\F2\F2_J0 -> ..\F1
test\netdrive\1\2\3\4\dest\F3\F3_J0 -> ..\F2
test\netdrive\1\2\3\4\dest\F1\F1_F0\F1_F0.syl -> ..\..\F0\F0_F1\F0_F1.txt
test\netdrive\1\2\3\4\dest\F0\F0_F1\F0_F1_F0\F0_F1_F0.syl -> ..\F0_F1_F1\F0_F1_F1.txt

E:\data\cpp\hardlinks\ln>REM

E:\data\cpp\hardlinks\ln>REM Multiple sources are given for F0/ F3/, so unrolling is prevented,  

E:\data\cpp\hardlinks\ln>REM but to F1/ and F2/ unrolling is neccessary 

E:\data\cpp\hardlinks\ln>REM

E:\data\cpp\hardlinks\ln>..\bin\X64\Release\ln.exe --automated_test  --source t:\F0 --unroll --copy t:\F3 test\netdrive\1\2\3\4\dest  1>sortout 


              Total    Copied    Linked   Skipped  Excluded    Failed
    Byte:     2.320     2.320         0         0         0         0
    File:         5         5         0         0         0         0
  Folder:         8         7         -         0         0         0
 Symlink:         4         -         4         0         0         0
+d E:\data\cpp\hardlinks\ln\test\netdrive\1\2\3\4\dest
+d E:\data\cpp\hardlinks\ln\test\netdrive\1\2\3\4\dest\F0_F1
+d E:\data\cpp\hardlinks\ln\test\netdrive\1\2\3\4\dest\F0_F1\F0_F1_F0
+d E:\data\cpp\hardlinks\ln\test\netdrive\1\2\3\4\dest\F0_F1\F0_F1_F1
+d E:\data\cpp\hardlinks\ln\test\netdrive\1\2\3\4\dest\F3_J0
+d E:\data\cpp\hardlinks\ln\test\netdrive\1\2\3\4\dest\F3_J0\F2_J0
+d E:\data\cpp\hardlinks\ln\test\netdrive\1\2\3\4\dest\F3_J0\F2_J0\F1_F0
+f E:\data\cpp\hardlinks\ln\test\netdrive\1\2\3\4\dest\F0.txt
+f E:\data\cpp\hardlinks\ln\test\netdrive\1\2\3\4\dest\F0_F1\F0_F1.txt
+f E:\data\cpp\hardlinks\ln\test\netdrive\1\2\3\4\dest\F0_F1\F0_F1_F1\F0_F1_F1.txt
+f E:\data\cpp\hardlinks\ln\test\netdrive\1\2\3\4\dest\F3_J0\F2_J0\F1.txt
+f E:\data\cpp\hardlinks\ln\test\netdrive\1\2\3\4\dest\F3_J0\F2_J0\F1_F0\F1_F0.txt
+s E:\data\cpp\hardlinks\ln\test\netdrive\1\2\3\4\dest\F0_F1\F0_F1_F0\F0_F1_F0.syl
+s E:\data\cpp\hardlinks\ln\test\netdrive\1\2\3\4\dest\F0_F1\F0_F1_J2
+s E:\data\cpp\hardlinks\ln\test\netdrive\1\2\3\4\dest\F3_J0\F2_J0\F1_F0\F1_F0.syl
+s E:\data\cpp\hardlinks\ln\test\netdrive\1\2\3\4\dest\F3_J0\F2_J0\F1_F0\F1_F0_J0
Junction:         0         -         0         0         0         0
ErrorLevel == 0
test\netdrive\1\2\3\4\dest\F3_J0\F2_J0\F1_F0\F1_F0_J0 -> ..\..\..\F0_F1
test\netdrive\1\2\3\4\dest\F0_F1\F0_F1_J2 -> F0_F1_F1
test\netdrive\1\2\3\4\dest\F3_J0\F2_J0\F1_F0\F1_F0.syl -> ..\..\..\F0_F1\F0_F1.txt
test\netdrive\1\2\3\4\dest\F0_F1\F0_F1_F0\F0_F1_F0.syl -> ..\F0_F1_F1\F0_F1_F1.txt

E:\data\cpp\hardlinks\ln>REM

E:\data\cpp\hardlinks\ln>REM Network Delorean:   

E:\data\cpp\hardlinks\ln>REM

E:\data\cpp\hardlinks\ln>..\bin\X64\Release\ln.exe --automated_test  --source t:\F0 --unroll --delorean t:\F3 test\netdrive\1\2\3\4\dest test\netdrive\1\2\3\4\bk1 1>sortout 


              Total    Copied    Linked   Skipped   Removed  Excluded    Failed
    Byte:     2.320         0         0     2.320         0         0         0
    File:         5         0         0         5         0         0         0
  Folder:         8         0         -         8         0         0         0
 Symlink:         4         -         0         4         0         0         0
=d E:\data\cpp\hardlinks\ln\test\netdrive\1\2\3\4\bk1
=d E:\data\cpp\hardlinks\ln\test\netdrive\1\2\3\4\bk1
=d E:\data\cpp\hardlinks\ln\test\netdrive\1\2\3\4\bk1\F0_F1
=d E:\data\cpp\hardlinks\ln\test\netdrive\1\2\3\4\bk1\F0_F1\F0_F1_F0
=d E:\data\cpp\hardlinks\ln\test\netdrive\1\2\3\4\bk1\F0_F1\F0_F1_F1
=d E:\data\cpp\hardlinks\ln\test\netdrive\1\2\3\4\bk1\F3_J0
=d E:\data\cpp\hardlinks\ln\test\netdrive\1\2\3\4\bk1\F3_J0\F2_J0
=d E:\data\cpp\hardlinks\ln\test\netdrive\1\2\3\4\bk1\F3_J0\F2_J0\F1_F0
=f E:\data\cpp\hardlinks\ln\test\netdrive\1\2\3\4\bk1\F0.txt
=f E:\data\cpp\hardlinks\ln\test\netdrive\1\2\3\4\bk1\F0_F1\F0_F1.txt
=f E:\data\cpp\hardlinks\ln\test\netdrive\1\2\3\4\bk1\F0_F1\F0_F1_F1\F0_F1_F1.txt
=f E:\data\cpp\hardlinks\ln\test\netdrive\1\2\3\4\bk1\F3_J0\F2_J0\F1.txt
=f E:\data\cpp\hardlinks\ln\test\netdrive\1\2\3\4\bk1\F3_J0\F2_J0\F1_F0\F1_F0.txt
=s E:\data\cpp\hardlinks\ln\test\netdrive\1\2\3\4\bk1\F0_F1\F0_F1_F0\F0_F1_F0.syl
=s E:\data\cpp\hardlinks\ln\test\netdrive\1\2\3\4\bk1\F0_F1\F0_F1_J2
=s E:\data\cpp\hardlinks\ln\test\netdrive\1\2\3\4\bk1\F3_J0\F2_J0\F1_F0\F1_F0.syl
=s E:\data\cpp\hardlinks\ln\test\netdrive\1\2\3\4\bk1\F3_J0\F2_J0\F1_F0\F1_F0_J0
Junction:         0         -         0         0         0         0         0
ErrorLevel == 0
test\netdrive\1\2\3\4\bk1\F3_J0\F2_J0\F1_F0\F1_F0_J0 -> ..\..\..\F0_F1
test\netdrive\1\2\3\4\bk1\F0_F1\F0_F1_J2 -> F0_F1_F1
test\netdrive\1\2\3\4\bk1\F3_J0\F2_J0\F1_F0\F1_F0.syl -> ..\..\..\F0_F1\F0_F1.txt
test\netdrive\1\2\3\4\bk1\F0_F1\F0_F1_F0\F0_F1_F0.syl -> ..\F0_F1_F1\F0_F1_F1.txt

E:\data\cpp\hardlinks\ln>echo.


E:\data\cpp\hardlinks\ln>REM

E:\data\cpp\hardlinks\ln>REM Straight forward Smart Copy/Clone 

E:\data\cpp\hardlinks\ln>REM

E:\data\cpp\hardlinks\ln>..\bin\X64\Release\ln.exe --automated_test  --unroll --copy t:\ test\netdrive\1\2\3\4\dest  1>sortout 


              Total    Copied    Linked   Skipped  Excluded    Failed
    Byte:     2.320     2.320         0         0         0         0
    File:         5         5         0         0         0         0
  Folder:         9         9         -         0         0         0
 Symlink:         0         -         0         0         0         0
+d E:\data\cpp\hardlinks\ln\test\netdrive\1\2\3\4\dest
+d E:\data\cpp\hardlinks\ln\test\netdrive\1\2\3\4\dest\F0
+d E:\data\cpp\hardlinks\ln\test\netdrive\1\2\3\4\dest\F0\F0_F1
+d E:\data\cpp\hardlinks\ln\test\netdrive\1\2\3\4\dest\F0\F0_F1\F0_F1_F0
+d E:\data\cpp\hardlinks\ln\test\netdrive\1\2\3\4\dest\F0\F0_F1\F0_F1_F1
+d E:\data\cpp\hardlinks\ln\test\netdrive\1\2\3\4\dest\F1
+d E:\data\cpp\hardlinks\ln\test\netdrive\1\2\3\4\dest\F1\F1_F0
+d E:\data\cpp\hardlinks\ln\test\netdrive\1\2\3\4\dest\F2
+d E:\data\cpp\hardlinks\ln\test\netdrive\1\2\3\4\dest\F3
+f E:\data\cpp\hardlinks\ln\test\netdrive\1\2\3\4\dest\F0\F0.txt
+f E:\data\cpp\hardlinks\ln\test\netdrive\1\2\3\4\dest\F0\F0_F1\F0_F1.txt
+f E:\data\cpp\hardlinks\ln\test\netdrive\1\2\3\4\dest\F0\F0_F1\F0_F1_F1\F0_F1_F1.txt
+f E:\data\cpp\hardlinks\ln\test\netdrive\1\2\3\4\dest\F1\F1.txt
+f E:\data\cpp\hardlinks\ln\test\netdrive\1\2\3\4\dest\F1\F1_F0\F1_F0.txt
+j E:\data\cpp\hardlinks\ln\test\netdrive\1\2\3\4\dest\F0\F0_F1\F0_F1_J2
+j E:\data\cpp\hardlinks\ln\test\netdrive\1\2\3\4\dest\F1\F1_F0\F1_F0_J0
+j E:\data\cpp\hardlinks\ln\test\netdrive\1\2\3\4\dest\F2\F2_J0
+j E:\data\cpp\hardlinks\ln\test\netdrive\1\2\3\4\dest\F3\F3_J0
Junction:         4         -         4         0         0         0
ErrorLevel == 0
E:\data\cpp\hardlinks\ln\test\netdrive\1\2\3\4\dest\F0\F0_F1\F0_F1_J2 -> E:\data\cpp\hardlinks\ln\test\netdrive\1\2\3\4\dest\F0\F0_F1\F0_F1_F1
E:\data\cpp\hardlinks\ln\test\netdrive\1\2\3\4\dest\F1\F1_F0\F1_F0_J0 -> E:\data\cpp\hardlinks\ln\test\netdrive\1\2\3\4\dest\F0\F0_F1
E:\data\cpp\hardlinks\ln\test\netdrive\1\2\3\4\dest\F2\F2_J0 -> E:\data\cpp\hardlinks\ln\test\netdrive\1\2\3\4\dest\F1
E:\data\cpp\hardlinks\ln\test\netdrive\1\2\3\4\dest\F3\F3_J0 -> E:\data\cpp\hardlinks\ln\test\netdrive\1\2\3\4\dest\F2

E:\data\cpp\hardlinks\ln>REM

E:\data\cpp\hardlinks\ln>REM Multiple sources are given for F0/ F3/, so unrolling is prevented,  

E:\data\cpp\hardlinks\ln>REM but to F1/ and F2/ unrolling is neccessary 

E:\data\cpp\hardlinks\ln>REM

E:\data\cpp\hardlinks\ln>..\bin\X64\Release\ln.exe --automated_test  --source t:\F0 --unroll --copy t:\F3 test\netdrive\1\2\3\4\dest  1>sortout 


              Total    Copied    Linked   Skipped  Excluded    Failed
    Byte:     2.320     2.320         0         0         0         0
    File:         5         5         0         0         0         0
  Folder:         8         7         -         0         0         0
 Symlink:         0         -         0         0         0         0
+d E:\data\cpp\hardlinks\ln\test\netdrive\1\2\3\4\dest
+d E:\data\cpp\hardlinks\ln\test\netdrive\1\2\3\4\dest\F0_F1
+d E:\data\cpp\hardlinks\ln\test\netdrive\1\2\3\4\dest\F0_F1\F0_F1_F0
+d E:\data\cpp\hardlinks\ln\test\netdrive\1\2\3\4\dest\F0_F1\F0_F1_F1
+d E:\data\cpp\hardlinks\ln\test\netdrive\1\2\3\4\dest\F3_J0
+d E:\data\cpp\hardlinks\ln\test\netdrive\1\2\3\4\dest\F3_J0\F2_J0
+d E:\data\cpp\hardlinks\ln\test\netdrive\1\2\3\4\dest\F3_J0\F2_J0\F1_F0
+f E:\data\cpp\hardlinks\ln\test\netdrive\1\2\3\4\dest\F0.txt
+f E:\data\cpp\hardlinks\ln\test\netdrive\1\2\3\4\dest\F0_F1\F0_F1.txt
+f E:\data\cpp\hardlinks\ln\test\netdrive\1\2\3\4\dest\F0_F1\F0_F1_F1\F0_F1_F1.txt
+f E:\data\cpp\hardlinks\ln\test\netdrive\1\2\3\4\dest\F3_J0\F2_J0\F1.txt
+f E:\data\cpp\hardlinks\ln\test\netdrive\1\2\3\4\dest\F3_J0\F2_J0\F1_F0\F1_F0.txt
+j E:\data\cpp\hardlinks\ln\test\netdrive\1\2\3\4\dest\F0_F1\F0_F1_J2
+j E:\data\cpp\hardlinks\ln\test\netdrive\1\2\3\4\dest\F3_J0\F2_J0\F1_F0\F1_F0_J0
Junction:         2         -         2         0         0         0
ErrorLevel == 0
E:\data\cpp\hardlinks\ln\test\netdrive\1\2\3\4\dest\F3_J0\F2_J0\F1_F0\F1_F0_J0 -> E:\data\cpp\hardlinks\ln\test\netdrive\1\2\3\4\dest\F0_F1
E:\data\cpp\hardlinks\ln\test\netdrive\1\2\3\4\dest\F0_F1\F0_F1_J2 -> E:\data\cpp\hardlinks\ln\test\netdrive\1\2\3\4\dest\F0_F1\F0_F1_F1

E:\data\cpp\hardlinks\ln>REM

E:\data\cpp\hardlinks\ln>REM Network Delorean:   

E:\data\cpp\hardlinks\ln>REM

E:\data\cpp\hardlinks\ln>..\bin\X64\Release\ln.exe --automated_test  --source t:\F0 --unroll --delorean t:\F3 test\netdrive\1\2\3\4\dest test\netdrive\1\2\3\4\bk1 1>sortout 


              Total    Copied    Linked   Skipped   Removed  Excluded    Failed
    Byte:     2.320         0         0     2.320         0         0         0
    File:         5         0         0         5         0         0         0
  Folder:         8         0         -         8         0         0         0
 Symlink:         0         -         0         0         0         0         0
=d E:\data\cpp\hardlinks\ln\test\netdrive\1\2\3\4\bk1
=d E:\data\cpp\hardlinks\ln\test\netdrive\1\2\3\4\bk1
=d E:\data\cpp\hardlinks\ln\test\netdrive\1\2\3\4\bk1\F0_F1
=d E:\data\cpp\hardlinks\ln\test\netdrive\1\2\3\4\bk1\F0_F1\F0_F1_F0
=d E:\data\cpp\hardlinks\ln\test\netdrive\1\2\3\4\bk1\F0_F1\F0_F1_F1
=d E:\data\cpp\hardlinks\ln\test\netdrive\1\2\3\4\bk1\F3_J0
=d E:\data\cpp\hardlinks\ln\test\netdrive\1\2\3\4\bk1\F3_J0\F2_J0
=d E:\data\cpp\hardlinks\ln\test\netdrive\1\2\3\4\bk1\F3_J0\F2_J0\F1_F0
=f E:\data\cpp\hardlinks\ln\test\netdrive\1\2\3\4\bk1\F0.txt
=f E:\data\cpp\hardlinks\ln\test\netdrive\1\2\3\4\bk1\F0_F1\F0_F1.txt
=f E:\data\cpp\hardlinks\ln\test\netdrive\1\2\3\4\bk1\F0_F1\F0_F1_F1\F0_F1_F1.txt
=f E:\data\cpp\hardlinks\ln\test\netdrive\1\2\3\4\bk1\F3_J0\F2_J0\F1.txt
=f E:\data\cpp\hardlinks\ln\test\netdrive\1\2\3\4\bk1\F3_J0\F2_J0\F1_F0\F1_F0.txt
=j E:\data\cpp\hardlinks\ln\test\netdrive\1\2\3\4\bk1\F0_F1\F0_F1_J2
=j E:\data\cpp\hardlinks\ln\test\netdrive\1\2\3\4\bk1\F3_J0\F2_J0\F1_F0\F1_F0_J0
Junction:         2         -         0         2         0         0         0
ErrorLevel == 0
E:\data\cpp\hardlinks\ln\test\netdrive\1\2\3\4\bk1\F3_J0\F2_J0\F1_F0\F1_F0_J0 -> E:\data\cpp\hardlinks\ln\test\netdrive\1\2\3\4\bk1\F0_F1
E:\data\cpp\hardlinks\ln\test\netdrive\1\2\3\4\bk1\F0_F1\F0_F1_J2 -> E:\data\cpp\hardlinks\ln\test\netdrive\1\2\3\4\bk1\F0_F1\F0_F1_F1

E:\data\cpp\hardlinks\ln>echo.


E:\data\cpp\hardlinks\ln>REM

E:\data\cpp\hardlinks\ln>REM Straight forward Smart Copy/Clone 

E:\data\cpp\hardlinks\ln>REM

E:\data\cpp\hardlinks\ln>..\bin\X64\Release\ln.exe --automated_test --absolute  --copy t:\ test\netdrive\1\2\3\4\dest  1>sortout 


              Total    Copied    Linked   Skipped  Excluded    Failed
    Byte:     2.320     2.320         0         0         0         0
    File:         5         5         0         0         0         0
  Folder:         9         9         -         0         0         0
 Symlink:         6         -         6         0         0         0
+d E:\data\cpp\hardlinks\ln\test\netdrive\1\2\3\4\dest
+d E:\data\cpp\hardlinks\ln\test\netdrive\1\2\3\4\dest\F0
+d E:\data\cpp\hardlinks\ln\test\netdrive\1\2\3\4\dest\F0\F0_F1
+d E:\data\cpp\hardlinks\ln\test\netdrive\1\2\3\4\dest\F0\F0_F1\F0_F1_F0
+d E:\data\cpp\hardlinks\ln\test\netdrive\1\2\3\4\dest\F0\F0_F1\F0_F1_F1
+d E:\data\cpp\hardlinks\ln\test\netdrive\1\2\3\4\dest\F1
+d E:\data\cpp\hardlinks\ln\test\netdrive\1\2\3\4\dest\F1\F1_F0
+d E:\data\cpp\hardlinks\ln\test\netdrive\1\2\3\4\dest\F2
+d E:\data\cpp\hardlinks\ln\test\netdrive\1\2\3\4\dest\F3
+f E:\data\cpp\hardlinks\ln\test\netdrive\1\2\3\4\dest\F0\F0.txt
+f E:\data\cpp\hardlinks\ln\test\netdrive\1\2\3\4\dest\F0\F0_F1\F0_F1.txt
+f E:\data\cpp\hardlinks\ln\test\netdrive\1\2\3\4\dest\F0\F0_F1\F0_F1_F1\F0_F1_F1.txt
+f E:\data\cpp\hardlinks\ln\test\netdrive\1\2\3\4\dest\F1\F1.txt
+f E:\data\cpp\hardlinks\ln\test\netdrive\1\2\3\4\dest\F1\F1_F0\F1_F0.txt
+s E:\data\cpp\hardlinks\ln\test\netdrive\1\2\3\4\dest\F0\F0_F1\F0_F1_F0\F0_F1_F0.syl
+s E:\data\cpp\hardlinks\ln\test\netdrive\1\2\3\4\dest\F0\F0_F1\F0_F1_J2
+s E:\data\cpp\hardlinks\ln\test\netdrive\1\2\3\4\dest\F1\F1_F0\F1_F0.syl
+s E:\data\cpp\hardlinks\ln\test\netdrive\1\2\3\4\dest\F1\F1_F0\F1_F0_J0
+s E:\data\cpp\hardlinks\ln\test\netdrive\1\2\3\4\dest\F2\F2_J0
+s E:\data\cpp\hardlinks\ln\test\netdrive\1\2\3\4\dest\F3\F3_J0
Junction:         0         -         0         0         0         0
ErrorLevel == 0
test\netdrive\1\2\3\4\dest\F0\F0_F1\F0_F1_J2 -> E:\data\cpp\hardlinks\ln\test\netdrive\1\2\3\4\dest\F0\F0_F1\F0_F1_F1
test\netdrive\1\2\3\4\dest\F1\F1_F0\F1_F0_J0 -> E:\data\cpp\hardlinks\ln\test\netdrive\1\2\3\4\dest\F0\F0_F1
test\netdrive\1\2\3\4\dest\F2\F2_J0 -> E:\data\cpp\hardlinks\ln\test\netdrive\1\2\3\4\dest\F1
test\netdrive\1\2\3\4\dest\F3\F3_J0 -> E:\data\cpp\hardlinks\ln\test\netdrive\1\2\3\4\dest\F2
test\netdrive\1\2\3\4\dest\F1\F1_F0\F1_F0.syl -> E:\data\cpp\hardlinks\ln\test\netdrive\1\2\3\4\dest\F0\F0_F1\F0_F1.txt
test\netdrive\1\2\3\4\dest\F0\F0_F1\F0_F1_F0\F0_F1_F0.syl -> E:\data\cpp\hardlinks\ln\test\netdrive\1\2\3\4\dest\F0\F0_F1\F0_F1_F1\F0_F1_F1.txt

E:\data\cpp\hardlinks\ln>REM

E:\data\cpp\hardlinks\ln>REM Multiple sources are given for F0/ F3/, so unrolling is prevented,  

E:\data\cpp\hardlinks\ln>REM but to F1/ and F2/ unrolling is neccessary 

E:\data\cpp\hardlinks\ln>REM

E:\data\cpp\hardlinks\ln>..\bin\X64\Release\ln.exe --automated_test --absolute --source t:\F0  --copy t:\F3 test\netdrive\1\2\3\4\dest  1>sortout 


              Total    Copied    Linked   Skipped  Excluded    Failed
    Byte:     1.392     1.392         0         0         0         0
    File:         3         3         0         0         0         0
  Folder:         5         4         -         0         0         0
 Symlink:         3         -         2         0         1         0
#s t:\F3\F3_J0
+d E:\data\cpp\hardlinks\ln\test\netdrive\1\2\3\4\dest
+d E:\data\cpp\hardlinks\ln\test\netdrive\1\2\3\4\dest\F0_F1
+d E:\data\cpp\hardlinks\ln\test\netdrive\1\2\3\4\dest\F0_F1\F0_F1_F0
+d E:\data\cpp\hardlinks\ln\test\netdrive\1\2\3\4\dest\F0_F1\F0_F1_F1
+f E:\data\cpp\hardlinks\ln\test\netdrive\1\2\3\4\dest\F0.txt
+f E:\data\cpp\hardlinks\ln\test\netdrive\1\2\3\4\dest\F0_F1\F0_F1.txt
+f E:\data\cpp\hardlinks\ln\test\netdrive\1\2\3\4\dest\F0_F1\F0_F1_F1\F0_F1_F1.txt
+s E:\data\cpp\hardlinks\ln\test\netdrive\1\2\3\4\dest\F0_F1\F0_F1_F0\F0_F1_F0.syl
+s E:\data\cpp\hardlinks\ln\test\netdrive\1\2\3\4\dest\F0_F1\F0_F1_J2
Junction:         0         -         0         0         0         0
ErrorLevel == 0
ERROR: symlink 'test\netdrive\1\2\3\4\dest\F3_J0\F2_J0\F1_F0\F1_F0_J0' does not exist
test\netdrive\1\2\3\4\dest\F0_F1\F0_F1_J2 -> E:\data\cpp\hardlinks\ln\test\netdrive\1\2\3\4\dest\F0_F1\F0_F1_F1
ERROR: symlink 'test\netdrive\1\2\3\4\dest\F3_J0\F2_J0\F1_F0\F1_F0.syl' does not exist
test\netdrive\1\2\3\4\dest\F0_F1\F0_F1_F0\F0_F1_F0.syl -> E:\data\cpp\hardlinks\ln\test\netdrive\1\2\3\4\dest\F0_F1\F0_F1_F1\F0_F1_F1.txt

E:\data\cpp\hardlinks\ln>REM

E:\data\cpp\hardlinks\ln>REM Network Delorean:   

E:\data\cpp\hardlinks\ln>REM

E:\data\cpp\hardlinks\ln>..\bin\X64\Release\ln.exe --automated_test --absolute --source t:\F0  --delorean t:\F3 test\netdrive\1\2\3\4\dest test\netdrive\1\2\3\4\bk1 1>sortout 


              Total    Copied    Linked   Skipped   Removed  Excluded    Failed
    Byte:     1.392         0         0     1.392         0         0         0
    File:         3         0         0         3         0         0         0
  Folder:         5         0         -         5         0         0         0
 Symlink:         3         -         0         2         0         1         0
#s t:\F3\F3_J0
=d E:\data\cpp\hardlinks\ln\test\netdrive\1\2\3\4\bk1
=d E:\data\cpp\hardlinks\ln\test\netdrive\1\2\3\4\bk1
=d E:\data\cpp\hardlinks\ln\test\netdrive\1\2\3\4\bk1\F0_F1
=d E:\data\cpp\hardlinks\ln\test\netdrive\1\2\3\4\bk1\F0_F1\F0_F1_F0
=d E:\data\cpp\hardlinks\ln\test\netdrive\1\2\3\4\bk1\F0_F1\F0_F1_F1
=f E:\data\cpp\hardlinks\ln\test\netdrive\1\2\3\4\bk1\F0.txt
=f E:\data\cpp\hardlinks\ln\test\netdrive\1\2\3\4\bk1\F0_F1\F0_F1.txt
=f E:\data\cpp\hardlinks\ln\test\netdrive\1\2\3\4\bk1\F0_F1\F0_F1_F1\F0_F1_F1.txt
=s E:\data\cpp\hardlinks\ln\test\netdrive\1\2\3\4\bk1\F0_F1\F0_F1_F0\F0_F1_F0.syl
=s E:\data\cpp\hardlinks\ln\test\netdrive\1\2\3\4\bk1\F0_F1\F0_F1_J2
Junction:         0         -         0         0         0         0         0
ErrorLevel == 0
ERROR: symlink 'test\netdrive\1\2\3\4\bk1\F3_J0\F2_J0\F1_F0\F1_F0_J0' does not exist
test\netdrive\1\2\3\4\bk1\F0_F1\F0_F1_J2 -> E:\data\cpp\hardlinks\ln\test\netdrive\1\2\3\4\bk1\F0_F1\F0_F1_F1
ERROR: symlink 'test\netdrive\1\2\3\4\bk1\F3_J0\F2_J0\F1_F0\F1_F0.syl' does not exist
test\netdrive\1\2\3\4\bk1\F0_F1\F0_F1_F0\F0_F1_F0.syl -> E:\data\cpp\hardlinks\ln\test\netdrive\1\2\3\4\bk1\F0_F1\F0_F1_F1\F0_F1_F1.txt

E:\data\cpp\hardlinks\ln>echo.


E:\data\cpp\hardlinks\ln>REM

E:\data\cpp\hardlinks\ln>REM Straight forward Smart Copy/Clone 

E:\data\cpp\hardlinks\ln>REM

E:\data\cpp\hardlinks\ln>..\bin\X64\Release\ln.exe --automated_test   --copy t:\ test\netdrive\1\2\3\4\dest  1>sortout 


              Total    Copied    Linked   Skipped  Excluded    Failed
    Byte:     2.320     2.320         0         0         0         0
    File:         5         5         0         0         0         0
  Folder:         9         9         -         0         0         0
 Symlink:         6         -         6         0         0         0
+d E:\data\cpp\hardlinks\ln\test\netdrive\1\2\3\4\dest
+d E:\data\cpp\hardlinks\ln\test\netdrive\1\2\3\4\dest\F0
+d E:\data\cpp\hardlinks\ln\test\netdrive\1\2\3\4\dest\F0\F0_F1
+d E:\data\cpp\hardlinks\ln\test\netdrive\1\2\3\4\dest\F0\F0_F1\F0_F1_F0
+d E:\data\cpp\hardlinks\ln\test\netdrive\1\2\3\4\dest\F0\F0_F1\F0_F1_F1
+d E:\data\cpp\hardlinks\ln\test\netdrive\1\2\3\4\dest\F1
+d E:\data\cpp\hardlinks\ln\test\netdrive\1\2\3\4\dest\F1\F1_F0
+d E:\data\cpp\hardlinks\ln\test\netdrive\1\2\3\4\dest\F2
+d E:\data\cpp\hardlinks\ln\test\netdrive\1\2\3\4\dest\F3
+f E:\data\cpp\hardlinks\ln\test\netdrive\1\2\3\4\dest\F0\F0.txt
+f E:\data\cpp\hardlinks\ln\test\netdrive\1\2\3\4\dest\F0\F0_F1\F0_F1.txt
+f E:\data\cpp\hardlinks\ln\test\netdrive\1\2\3\4\dest\F0\F0_F1\F0_F1_F1\F0_F1_F1.txt
+f E:\data\cpp\hardlinks\ln\test\netdrive\1\2\3\4\dest\F1\F1.txt
+f E:\data\cpp\hardlinks\ln\test\netdrive\1\2\3\4\dest\F1\F1_F0\F1_F0.txt
+s E:\data\cpp\hardlinks\ln\test\netdrive\1\2\3\4\dest\F0\F0_F1\F0_F1_F0\F0_F1_F0.syl
+s E:\data\cpp\hardlinks\ln\test\netdrive\1\2\3\4\dest\F0\F0_F1\F0_F1_J2
+s E:\data\cpp\hardlinks\ln\test\netdrive\1\2\3\4\dest\F1\F1_F0\F1_F0.syl
+s E:\data\cpp\hardlinks\ln\test\netdrive\1\2\3\4\dest\F1\F1_F0\F1_F0_J0
+s E:\data\cpp\hardlinks\ln\test\netdrive\1\2\3\4\dest\F2\F2_J0
+s E:\data\cpp\hardlinks\ln\test\netdrive\1\2\3\4\dest\F3\F3_J0
Junction:         0         -         0         0         0         0
ErrorLevel == 0
test\netdrive\1\2\3\4\dest\F0\F0_F1\F0_F1_J2 -> F0_F1_F1
test\netdrive\1\2\3\4\dest\F1\F1_F0\F1_F0_J0 -> ..\..\F0\F0_F1
test\netdrive\1\2\3\4\dest\F2\F2_J0 -> ..\F1
test\netdrive\1\2\3\4\dest\F3\F3_J0 -> ..\F2
test\netdrive\1\2\3\4\dest\F1\F1_F0\F1_F0.syl -> ..\..\F0\F0_F1\F0_F1.txt
test\netdrive\1\2\3\4\dest\F0\F0_F1\F0_F1_F0\F0_F1_F0.syl -> ..\F0_F1_F1\F0_F1_F1.txt

E:\data\cpp\hardlinks\ln>REM

E:\data\cpp\hardlinks\ln>REM Multiple sources are given for F0/ F3/, so unrolling is prevented,  

E:\data\cpp\hardlinks\ln>REM but to F1/ and F2/ unrolling is neccessary 

E:\data\cpp\hardlinks\ln>REM

E:\data\cpp\hardlinks\ln>..\bin\X64\Release\ln.exe --automated_test  --source t:\F0  --copy t:\F3 test\netdrive\1\2\3\4\dest  1>sortout 


              Total    Copied    Linked   Skipped  Excluded    Failed
    Byte:     1.392     1.392         0         0         0         0
    File:         3         3         0         0         0         0
  Folder:         5         4         -         0         0         0
 Symlink:         3         -         2         0         1         0
#s t:\F3\F3_J0
+d E:\data\cpp\hardlinks\ln\test\netdrive\1\2\3\4\dest
+d E:\data\cpp\hardlinks\ln\test\netdrive\1\2\3\4\dest\F0_F1
+d E:\data\cpp\hardlinks\ln\test\netdrive\1\2\3\4\dest\F0_F1\F0_F1_F0
+d E:\data\cpp\hardlinks\ln\test\netdrive\1\2\3\4\dest\F0_F1\F0_F1_F1
+f E:\data\cpp\hardlinks\ln\test\netdrive\1\2\3\4\dest\F0.txt
+f E:\data\cpp\hardlinks\ln\test\netdrive\1\2\3\4\dest\F0_F1\F0_F1.txt
+f E:\data\cpp\hardlinks\ln\test\netdrive\1\2\3\4\dest\F0_F1\F0_F1_F1\F0_F1_F1.txt
+s E:\data\cpp\hardlinks\ln\test\netdrive\1\2\3\4\dest\F0_F1\F0_F1_F0\F0_F1_F0.syl
+s E:\data\cpp\hardlinks\ln\test\netdrive\1\2\3\4\dest\F0_F1\F0_F1_J2
Junction:         0         -         0         0         0         0
ErrorLevel == 0
ERROR: symlink 'test\netdrive\1\2\3\4\dest\F3_J0\F2_J0\F1_F0\F1_F0_J0' does not exist
test\netdrive\1\2\3\4\dest\F0_F1\F0_F1_J2 -> F0_F1_F1
ERROR: symlink 'test\netdrive\1\2\3\4\dest\F3_J0\F2_J0\F1_F0\F1_F0.syl' does not exist
test\netdrive\1\2\3\4\dest\F0_F1\F0_F1_F0\F0_F1_F0.syl -> ..\F0_F1_F1\F0_F1_F1.txt

E:\data\cpp\hardlinks\ln>REM

E:\data\cpp\hardlinks\ln>REM Network Delorean:   

E:\data\cpp\hardlinks\ln>REM

E:\data\cpp\hardlinks\ln>..\bin\X64\Release\ln.exe --automated_test  --source t:\F0  --delorean t:\F3 test\netdrive\1\2\3\4\dest test\netdrive\1\2\3\4\bk1 1>sortout 


              Total    Copied    Linked   Skipped   Removed  Excluded    Failed
    Byte:     1.392         0         0     1.392         0         0         0
    File:         3         0         0         3         0         0         0
  Folder:         5         0         -         5         0         0         0
 Symlink:         3         -         0         2         0         1         0
#s t:\F3\F3_J0
=d E:\data\cpp\hardlinks\ln\test\netdrive\1\2\3\4\bk1
=d E:\data\cpp\hardlinks\ln\test\netdrive\1\2\3\4\bk1
=d E:\data\cpp\hardlinks\ln\test\netdrive\1\2\3\4\bk1\F0_F1
=d E:\data\cpp\hardlinks\ln\test\netdrive\1\2\3\4\bk1\F0_F1\F0_F1_F0
=d E:\data\cpp\hardlinks\ln\test\netdrive\1\2\3\4\bk1\F0_F1\F0_F1_F1
=f E:\data\cpp\hardlinks\ln\test\netdrive\1\2\3\4\bk1\F0.txt
=f E:\data\cpp\hardlinks\ln\test\netdrive\1\2\3\4\bk1\F0_F1\F0_F1.txt
=f E:\data\cpp\hardlinks\ln\test\netdrive\1\2\3\4\bk1\F0_F1\F0_F1_F1\F0_F1_F1.txt
=s E:\data\cpp\hardlinks\ln\test\netdrive\1\2\3\4\bk1\F0_F1\F0_F1_F0\F0_F1_F0.syl
=s E:\data\cpp\hardlinks\ln\test\netdrive\1\2\3\4\bk1\F0_F1\F0_F1_J2
Junction:         0         -         0         0         0         0         0
ErrorLevel == 0
ERROR: symlink 'test\netdrive\1\2\3\4\bk1\F3_J0\F2_J0\F1_F0\F1_F0_J0' does not exist
test\netdrive\1\2\3\4\bk1\F0_F1\F0_F1_J2 -> F0_F1_F1
ERROR: symlink 'test\netdrive\1\2\3\4\bk1\F3_J0\F2_J0\F1_F0\F1_F0.syl' does not exist
test\netdrive\1\2\3\4\bk1\F0_F1\F0_F1_F0\F0_F1_F0.syl -> ..\F0_F1_F1\F0_F1_F1.txt

E:\data\cpp\hardlinks\ln>echo.


E:\data\cpp\hardlinks\ln>REM

E:\data\cpp\hardlinks\ln>REM Straight forward Smart Copy/Clone 

E:\data\cpp\hardlinks\ln>REM

E:\data\cpp\hardlinks\ln>..\bin\X64\Release\ln.exe --automated_test   --copy t:\ test\netdrive\1\2\3\4\dest  1>sortout 


              Total    Copied    Linked   Skipped  Excluded    Failed
    Byte:     2.320     2.320         0         0         0         0
    File:         5         5         0         0         0         0
  Folder:         9         9         -         0         0         0
 Symlink:         0         -         0         0         0         0
+d E:\data\cpp\hardlinks\ln\test\netdrive\1\2\3\4\dest
+d E:\data\cpp\hardlinks\ln\test\netdrive\1\2\3\4\dest\F0
+d E:\data\cpp\hardlinks\ln\test\netdrive\1\2\3\4\dest\F0\F0_F1
+d E:\data\cpp\hardlinks\ln\test\netdrive\1\2\3\4\dest\F0\F0_F1\F0_F1_F0
+d E:\data\cpp\hardlinks\ln\test\netdrive\1\2\3\4\dest\F0\F0_F1\F0_F1_F1
+d E:\data\cpp\hardlinks\ln\test\netdrive\1\2\3\4\dest\F1
+d E:\data\cpp\hardlinks\ln\test\netdrive\1\2\3\4\dest\F1\F1_F0
+d E:\data\cpp\hardlinks\ln\test\netdrive\1\2\3\4\dest\F2
+d E:\data\cpp\hardlinks\ln\test\netdrive\1\2\3\4\dest\F3
+f E:\data\cpp\hardlinks\ln\test\netdrive\1\2\3\4\dest\F0\F0.txt
+f E:\data\cpp\hardlinks\ln\test\netdrive\1\2\3\4\dest\F0\F0_F1\F0_F1.txt
+f E:\data\cpp\hardlinks\ln\test\netdrive\1\2\3\4\dest\F0\F0_F1\F0_F1_F1\F0_F1_F1.txt
+f E:\data\cpp\hardlinks\ln\test\netdrive\1\2\3\4\dest\F1\F1.txt
+f E:\data\cpp\hardlinks\ln\test\netdrive\1\2\3\4\dest\F1\F1_F0\F1_F0.txt
+j E:\data\cpp\hardlinks\ln\test\netdrive\1\2\3\4\dest\F0\F0_F1\F0_F1_J2
+j E:\data\cpp\hardlinks\ln\test\netdrive\1\2\3\4\dest\F1\F1_F0\F1_F0_J0
+j E:\data\cpp\hardlinks\ln\test\netdrive\1\2\3\4\dest\F2\F2_J0
+j E:\data\cpp\hardlinks\ln\test\netdrive\1\2\3\4\dest\F3\F3_J0
Junction:         4         -         4         0         0         0
ErrorLevel == 0
E:\data\cpp\hardlinks\ln\test\netdrive\1\2\3\4\dest\F0\F0_F1\F0_F1_J2 -> E:\data\cpp\hardlinks\ln\test\netdrive\1\2\3\4\dest\F0\F0_F1\F0_F1_F1
E:\data\cpp\hardlinks\ln\test\netdrive\1\2\3\4\dest\F1\F1_F0\F1_F0_J0 -> E:\data\cpp\hardlinks\ln\test\netdrive\1\2\3\4\dest\F0\F0_F1
E:\data\cpp\hardlinks\ln\test\netdrive\1\2\3\4\dest\F2\F2_J0 -> E:\data\cpp\hardlinks\ln\test\netdrive\1\2\3\4\dest\F1
E:\data\cpp\hardlinks\ln\test\netdrive\1\2\3\4\dest\F3\F3_J0 -> E:\data\cpp\hardlinks\ln\test\netdrive\1\2\3\4\dest\F2

E:\data\cpp\hardlinks\ln>REM

E:\data\cpp\hardlinks\ln>REM Multiple sources are given for F0/ F3/, so unrolling is prevented,  

E:\data\cpp\hardlinks\ln>REM but to F1/ and F2/ unrolling is neccessary 

E:\data\cpp\hardlinks\ln>REM

E:\data\cpp\hardlinks\ln>..\bin\X64\Release\ln.exe --automated_test  --source t:\F0  --copy t:\F3 test\netdrive\1\2\3\4\dest  1>sortout 


              Total    Copied    Linked   Skipped  Excluded    Failed
    Byte:     1.392     1.392         0         0         0         0
    File:         3         3         0         0         0         0
  Folder:         5         4         -         0         0         0
 Symlink:         0         -         0         0         0         0
#j t:\F3\F3_J0
+d E:\data\cpp\hardlinks\ln\test\netdrive\1\2\3\4\dest
+d E:\data\cpp\hardlinks\ln\test\netdrive\1\2\3\4\dest\F0_F1
+d E:\data\cpp\hardlinks\ln\test\netdrive\1\2\3\4\dest\F0_F1\F0_F1_F0
+d E:\data\cpp\hardlinks\ln\test\netdrive\1\2\3\4\dest\F0_F1\F0_F1_F1
+f E:\data\cpp\hardlinks\ln\test\netdrive\1\2\3\4\dest\F0.txt
+f E:\data\cpp\hardlinks\ln\test\netdrive\1\2\3\4\dest\F0_F1\F0_F1.txt
+f E:\data\cpp\hardlinks\ln\test\netdrive\1\2\3\4\dest\F0_F1\F0_F1_F1\F0_F1_F1.txt
+j E:\data\cpp\hardlinks\ln\test\netdrive\1\2\3\4\dest\F0_F1\F0_F1_J2
Junction:         2         -         1         0         1         0
ErrorLevel == 0
ERROR: Source directory 'test\netdrive\1\2\3\4\dest\F3_J0\F2_J0\F1_F0\F1_F0_J0' does not exist
E:\data\cpp\hardlinks\ln\test\netdrive\1\2\3\4\dest\F0_F1\F0_F1_J2 -> E:\data\cpp\hardlinks\ln\test\netdrive\1\2\3\4\dest\F0_F1\F0_F1_F1

E:\data\cpp\hardlinks\ln>REM

E:\data\cpp\hardlinks\ln>REM Network Delorean:   

E:\data\cpp\hardlinks\ln>REM

E:\data\cpp\hardlinks\ln>..\bin\X64\Release\ln.exe --automated_test  --source t:\F0  --delorean t:\F3 test\netdrive\1\2\3\4\dest test\netdrive\1\2\3\4\bk1 1>sortout 


              Total    Copied    Linked   Skipped   Removed  Excluded    Failed
    Byte:     1.392         0         0     1.392         0         0         0
    File:         3         0         0         3         0         0         0
  Folder:         5         0         -         5         0         0         0
 Symlink:         0         -         0         0         0         0         0
#j t:\F3\F3_J0
=d E:\data\cpp\hardlinks\ln\test\netdrive\1\2\3\4\bk1
=d E:\data\cpp\hardlinks\ln\test\netdrive\1\2\3\4\bk1
=d E:\data\cpp\hardlinks\ln\test\netdrive\1\2\3\4\bk1\F0_F1
=d E:\data\cpp\hardlinks\ln\test\netdrive\1\2\3\4\bk1\F0_F1\F0_F1_F0
=d E:\data\cpp\hardlinks\ln\test\netdrive\1\2\3\4\bk1\F0_F1\F0_F1_F1
=f E:\data\cpp\hardlinks\ln\test\netdrive\1\2\3\4\bk1\F0.txt
=f E:\data\cpp\hardlinks\ln\test\netdrive\1\2\3\4\bk1\F0_F1\F0_F1.txt
=f E:\data\cpp\hardlinks\ln\test\netdrive\1\2\3\4\bk1\F0_F1\F0_F1_F1\F0_F1_F1.txt
=j E:\data\cpp\hardlinks\ln\test\netdrive\1\2\3\4\bk1\F0_F1\F0_F1_J2
Junction:         2         -         0         1         0         1         0
ErrorLevel == 0
ERROR: Source directory 'test\netdrive\1\2\3\4\bk1\F3_J0\F2_J0\F1_F0\F1_F0_J0' does not exist
E:\data\cpp\hardlinks\ln\test\netdrive\1\2\3\4\bk1\F0_F1\F0_F1_J2 -> E:\data\cpp\hardlinks\ln\test\netdrive\1\2\3\4\bk1\F0_F1\F0_F1_F1

E:\data\cpp\hardlinks\ln>echo.


E:\data\cpp\hardlinks\ln>REM

E:\data\cpp\hardlinks\ln>REM Straight forward Smart Copy/Clone 

E:\data\cpp\hardlinks\ln>REM

E:\data\cpp\hardlinks\ln>..\bin\X64\Release\ln.exe --automated_test --absolute --splice --copy t:\ test\netdrive\1\2\3\4\dest  1>sortout 


              Total    Copied    Linked   Skipped  Excluded    Failed
    Byte:     2.320     2.320         0         0         0         0
    File:         5         5         0         0         0         0
  Folder:         9         9         -         0         0         0
 Symlink:         6         -         6         0         0         0
+d E:\data\cpp\hardlinks\ln\test\netdrive\1\2\3\4\dest
+d E:\data\cpp\hardlinks\ln\test\netdrive\1\2\3\4\dest\F0
+d E:\data\cpp\hardlinks\ln\test\netdrive\1\2\3\4\dest\F0\F0_F1
+d E:\data\cpp\hardlinks\ln\test\netdrive\1\2\3\4\dest\F0\F0_F1\F0_F1_F0
+d E:\data\cpp\hardlinks\ln\test\netdrive\1\2\3\4\dest\F0\F0_F1\F0_F1_F1
+d E:\data\cpp\hardlinks\ln\test\netdrive\1\2\3\4\dest\F1
+d E:\data\cpp\hardlinks\ln\test\netdrive\1\2\3\4\dest\F1\F1_F0
+d E:\data\cpp\hardlinks\ln\test\netdrive\1\2\3\4\dest\F2
+d E:\data\cpp\hardlinks\ln\test\netdrive\1\2\3\4\dest\F3
+f E:\data\cpp\hardlinks\ln\test\netdrive\1\2\3\4\dest\F0\F0.txt
+f E:\data\cpp\hardlinks\ln\test\netdrive\1\2\3\4\dest\F0\F0_F1\F0_F1.txt
+f E:\data\cpp\hardlinks\ln\test\netdrive\1\2\3\4\dest\F0\F0_F1\F0_F1_F1\F0_F1_F1.txt
+f E:\data\cpp\hardlinks\ln\test\netdrive\1\2\3\4\dest\F1\F1.txt
+f E:\data\cpp\hardlinks\ln\test\netdrive\1\2\3\4\dest\F1\F1_F0\F1_F0.txt
+s E:\data\cpp\hardlinks\ln\test\netdrive\1\2\3\4\dest\F0\F0_F1\F0_F1_F0\F0_F1_F0.syl
+s E:\data\cpp\hardlinks\ln\test\netdrive\1\2\3\4\dest\F0\F0_F1\F0_F1_J2
+s E:\data\cpp\hardlinks\ln\test\netdrive\1\2\3\4\dest\F1\F1_F0\F1_F0.syl
+s E:\data\cpp\hardlinks\ln\test\netdrive\1\2\3\4\dest\F1\F1_F0\F1_F0_J0
+s E:\data\cpp\hardlinks\ln\test\netdrive\1\2\3\4\dest\F2\F2_J0
+s E:\data\cpp\hardlinks\ln\test\netdrive\1\2\3\4\dest\F3\F3_J0
Junction:         0         -         0         0         0         0
ErrorLevel == 0
test\netdrive\1\2\3\4\dest\F0\F0_F1\F0_F1_J2 -> E:\data\cpp\hardlinks\ln\test\netdrive\1\2\3\4\dest\F0\F0_F1\F0_F1_F1
test\netdrive\1\2\3\4\dest\F1\F1_F0\F1_F0_J0 -> E:\data\cpp\hardlinks\ln\test\netdrive\1\2\3\4\dest\F0\F0_F1
test\netdrive\1\2\3\4\dest\F2\F2_J0 -> E:\data\cpp\hardlinks\ln\test\netdrive\1\2\3\4\dest\F1
test\netdrive\1\2\3\4\dest\F3\F3_J0 -> E:\data\cpp\hardlinks\ln\test\netdrive\1\2\3\4\dest\F2
test\netdrive\1\2\3\4\dest\F1\F1_F0\F1_F0.syl -> E:\data\cpp\hardlinks\ln\test\netdrive\1\2\3\4\dest\F0\F0_F1\F0_F1.txt
test\netdrive\1\2\3\4\dest\F0\F0_F1\F0_F1_F0\F0_F1_F0.syl -> E:\data\cpp\hardlinks\ln\test\netdrive\1\2\3\4\dest\F0\F0_F1\F0_F1_F1\F0_F1_F1.txt

E:\data\cpp\hardlinks\ln>REM

E:\data\cpp\hardlinks\ln>REM Multiple sources are given for F0/ F3/, so unrolling is prevented,  

E:\data\cpp\hardlinks\ln>REM but to F1/ and F2/ unrolling is neccessary 

E:\data\cpp\hardlinks\ln>REM

E:\data\cpp\hardlinks\ln>..\bin\X64\Release\ln.exe --automated_test --absolute --source t:\F0 --splice --copy t:\F3 test\netdrive\1\2\3\4\dest  1>sortout 


              Total    Copied    Linked   Skipped  Excluded    Failed
    Byte:     1.392     1.392         0         0         0         0
    File:         3         3         0         0         0         0
  Folder:         5         4         -         0         0         0
 Symlink:         3         -         3         0         0         0
+d E:\data\cpp\hardlinks\ln\test\netdrive\1\2\3\4\dest
+d E:\data\cpp\hardlinks\ln\test\netdrive\1\2\3\4\dest\F0_F1
+d E:\data\cpp\hardlinks\ln\test\netdrive\1\2\3\4\dest\F0_F1\F0_F1_F0
+d E:\data\cpp\hardlinks\ln\test\netdrive\1\2\3\4\dest\F0_F1\F0_F1_F1
+f E:\data\cpp\hardlinks\ln\test\netdrive\1\2\3\4\dest\F0.txt
+f E:\data\cpp\hardlinks\ln\test\netdrive\1\2\3\4\dest\F0_F1\F0_F1.txt
+f E:\data\cpp\hardlinks\ln\test\netdrive\1\2\3\4\dest\F0_F1\F0_F1_F1\F0_F1_F1.txt
+s E:\data\cpp\hardlinks\ln\test\netdrive\1\2\3\4\dest\F0_F1\F0_F1_F0\F0_F1_F0.syl
+s E:\data\cpp\hardlinks\ln\test\netdrive\1\2\3\4\dest\F0_F1\F0_F1_J2
+s E:\data\cpp\hardlinks\ln\test\netdrive\1\2\3\4\dest\F3_J0
Junction:         0         -         0         0         0         0
ErrorLevel == 0
test\netdrive\1\2\3\4\dest\F3_J0 -> t:\F2
test\netdrive\1\2\3\4\dest\F0_F1\F0_F1_J2 -> E:\data\cpp\hardlinks\ln\test\netdrive\1\2\3\4\dest\F0_F1\F0_F1_F1
test\netdrive\1\2\3\4\dest\F0_F1\F0_F1_F0\F0_F1_F0.syl -> E:\data\cpp\hardlinks\ln\test\netdrive\1\2\3\4\dest\F0_F1\F0_F1_F1\F0_F1_F1.txt

E:\data\cpp\hardlinks\ln>REM

E:\data\cpp\hardlinks\ln>REM Network Delorean:   

E:\data\cpp\hardlinks\ln>REM

E:\data\cpp\hardlinks\ln>..\bin\X64\Release\ln.exe --automated_test --absolute --source t:\F0 --splice --delorean t:\F3 test\netdrive\1\2\3\4\dest test\netdrive\1\2\3\4\bk1 1>sortout 


              Total    Copied    Linked   Skipped   Removed  Excluded    Failed
    Byte:     1.392         0         0     1.392         0         0         0
    File:         3         0         0         3         0         0         0
  Folder:         5         0         -         5         0         0         0
 Symlink:         3         -         0         3         0         0         0
=d E:\data\cpp\hardlinks\ln\test\netdrive\1\2\3\4\bk1
=d E:\data\cpp\hardlinks\ln\test\netdrive\1\2\3\4\bk1
=d E:\data\cpp\hardlinks\ln\test\netdrive\1\2\3\4\bk1\F0_F1
=d E:\data\cpp\hardlinks\ln\test\netdrive\1\2\3\4\bk1\F0_F1\F0_F1_F0
=d E:\data\cpp\hardlinks\ln\test\netdrive\1\2\3\4\bk1\F0_F1\F0_F1_F1
=f E:\data\cpp\hardlinks\ln\test\netdrive\1\2\3\4\bk1\F0.txt
=f E:\data\cpp\hardlinks\ln\test\netdrive\1\2\3\4\bk1\F0_F1\F0_F1.txt
=f E:\data\cpp\hardlinks\ln\test\netdrive\1\2\3\4\bk1\F0_F1\F0_F1_F1\F0_F1_F1.txt
=s E:\data\cpp\hardlinks\ln\test\netdrive\1\2\3\4\bk1\F0_F1\F0_F1_F0\F0_F1_F0.syl
=s E:\data\cpp\hardlinks\ln\test\netdrive\1\2\3\4\bk1\F0_F1\F0_F1_J2
=s E:\data\cpp\hardlinks\ln\test\netdrive\1\2\3\4\bk1\F3_J0
Junction:         0         -         0         0         0         0         0
ErrorLevel == 0
test\netdrive\1\2\3\4\bk1\F3_J0 -> t:\F2
test\netdrive\1\2\3\4\bk1\F0_F1\F0_F1_J2 -> E:\data\cpp\hardlinks\ln\test\netdrive\1\2\3\4\bk1\F0_F1\F0_F1_F1
test\netdrive\1\2\3\4\bk1\F0_F1\F0_F1_F0\F0_F1_F0.syl -> E:\data\cpp\hardlinks\ln\test\netdrive\1\2\3\4\bk1\F0_F1\F0_F1_F1\F0_F1_F1.txt

E:\data\cpp\hardlinks\ln>echo.


E:\data\cpp\hardlinks\ln>REM

E:\data\cpp\hardlinks\ln>REM Straight forward Smart Copy/Clone 

E:\data\cpp\hardlinks\ln>REM

E:\data\cpp\hardlinks\ln>..\bin\X64\Release\ln.exe --automated_test  --splice --copy t:\ test\netdrive\1\2\3\4\dest  1>sortout 


              Total    Copied    Linked   Skipped  Excluded    Failed
    Byte:     2.320     2.320         0         0         0         0
    File:         5         5         0         0         0         0
  Folder:         9         9         -         0         0         0
 Symlink:         6         -         6         0         0         0
+d E:\data\cpp\hardlinks\ln\test\netdrive\1\2\3\4\dest
+d E:\data\cpp\hardlinks\ln\test\netdrive\1\2\3\4\dest\F0
+d E:\data\cpp\hardlinks\ln\test\netdrive\1\2\3\4\dest\F0\F0_F1
+d E:\data\cpp\hardlinks\ln\test\netdrive\1\2\3\4\dest\F0\F0_F1\F0_F1_F0
+d E:\data\cpp\hardlinks\ln\test\netdrive\1\2\3\4\dest\F0\F0_F1\F0_F1_F1
+d E:\data\cpp\hardlinks\ln\test\netdrive\1\2\3\4\dest\F1
+d E:\data\cpp\hardlinks\ln\test\netdrive\1\2\3\4\dest\F1\F1_F0
+d E:\data\cpp\hardlinks\ln\test\netdrive\1\2\3\4\dest\F2
+d E:\data\cpp\hardlinks\ln\test\netdrive\1\2\3\4\dest\F3
+f E:\data\cpp\hardlinks\ln\test\netdrive\1\2\3\4\dest\F0\F0.txt
+f E:\data\cpp\hardlinks\ln\test\netdrive\1\2\3\4\dest\F0\F0_F1\F0_F1.txt
+f E:\data\cpp\hardlinks\ln\test\netdrive\1\2\3\4\dest\F0\F0_F1\F0_F1_F1\F0_F1_F1.txt
+f E:\data\cpp\hardlinks\ln\test\netdrive\1\2\3\4\dest\F1\F1.txt
+f E:\data\cpp\hardlinks\ln\test\netdrive\1\2\3\4\dest\F1\F1_F0\F1_F0.txt
+s E:\data\cpp\hardlinks\ln\test\netdrive\1\2\3\4\dest\F0\F0_F1\F0_F1_F0\F0_F1_F0.syl
+s E:\data\cpp\hardlinks\ln\test\netdrive\1\2\3\4\dest\F0\F0_F1\F0_F1_J2
+s E:\data\cpp\hardlinks\ln\test\netdrive\1\2\3\4\dest\F1\F1_F0\F1_F0.syl
+s E:\data\cpp\hardlinks\ln\test\netdrive\1\2\3\4\dest\F1\F1_F0\F1_F0_J0
+s E:\data\cpp\hardlinks\ln\test\netdrive\1\2\3\4\dest\F2\F2_J0
+s E:\data\cpp\hardlinks\ln\test\netdrive\1\2\3\4\dest\F3\F3_J0
Junction:         0         -         0         0         0         0
ErrorLevel == 0
test\netdrive\1\2\3\4\dest\F0\F0_F1\F0_F1_J2 -> F0_F1_F1
test\netdrive\1\2\3\4\dest\F1\F1_F0\F1_F0_J0 -> ..\..\F0\F0_F1
test\netdrive\1\2\3\4\dest\F2\F2_J0 -> ..\F1
test\netdrive\1\2\3\4\dest\F3\F3_J0 -> ..\F2
test\netdrive\1\2\3\4\dest\F1\F1_F0\F1_F0.syl -> ..\..\F0\F0_F1\F0_F1.txt
test\netdrive\1\2\3\4\dest\F0\F0_F1\F0_F1_F0\F0_F1_F0.syl -> ..\F0_F1_F1\F0_F1_F1.txt

E:\data\cpp\hardlinks\ln>REM

E:\data\cpp\hardlinks\ln>REM Multiple sources are given for F0/ F3/, so unrolling is prevented,  

E:\data\cpp\hardlinks\ln>REM but to F1/ and F2/ unrolling is neccessary 

E:\data\cpp\hardlinks\ln>REM

E:\data\cpp\hardlinks\ln>..\bin\X64\Release\ln.exe --automated_test  --source t:\F0 --splice --copy t:\F3 test\netdrive\1\2\3\4\dest  1>sortout 


              Total    Copied    Linked   Skipped  Excluded    Failed
    Byte:     1.392     1.392         0         0         0         0
    File:         3         3         0         0         0         0
  Folder:         5         4         -         0         0         0
 Symlink:         3         -         3         0         0         0
+d E:\data\cpp\hardlinks\ln\test\netdrive\1\2\3\4\dest
+d E:\data\cpp\hardlinks\ln\test\netdrive\1\2\3\4\dest\F0_F1
+d E:\data\cpp\hardlinks\ln\test\netdrive\1\2\3\4\dest\F0_F1\F0_F1_F0
+d E:\data\cpp\hardlinks\ln\test\netdrive\1\2\3\4\dest\F0_F1\F0_F1_F1
+f E:\data\cpp\hardlinks\ln\test\netdrive\1\2\3\4\dest\F0.txt
+f E:\data\cpp\hardlinks\ln\test\netdrive\1\2\3\4\dest\F0_F1\F0_F1.txt
+f E:\data\cpp\hardlinks\ln\test\netdrive\1\2\3\4\dest\F0_F1\F0_F1_F1\F0_F1_F1.txt
+s E:\data\cpp\hardlinks\ln\test\netdrive\1\2\3\4\dest\F0_F1\F0_F1_F0\F0_F1_F0.syl
+s E:\data\cpp\hardlinks\ln\test\netdrive\1\2\3\4\dest\F0_F1\F0_F1_J2
+s E:\data\cpp\hardlinks\ln\test\netdrive\1\2\3\4\dest\F3_J0
Junction:         0         -         0         0         0         0
ErrorLevel == 0
test\netdrive\1\2\3\4\dest\F3_J0 -> t:\F2
test\netdrive\1\2\3\4\dest\F0_F1\F0_F1_J2 -> F0_F1_F1
test\netdrive\1\2\3\4\dest\F0_F1\F0_F1_F0\F0_F1_F0.syl -> ..\F0_F1_F1\F0_F1_F1.txt

E:\data\cpp\hardlinks\ln>REM

E:\data\cpp\hardlinks\ln>REM Network Delorean:   

E:\data\cpp\hardlinks\ln>REM

E:\data\cpp\hardlinks\ln>..\bin\X64\Release\ln.exe --automated_test  --source t:\F0 --splice --delorean t:\F3 test\netdrive\1\2\3\4\dest test\netdrive\1\2\3\4\bk1 1>sortout 


              Total    Copied    Linked   Skipped   Removed  Excluded    Failed
    Byte:     1.392         0         0     1.392         0         0         0
    File:         3         0         0         3         0         0         0
  Folder:         5         0         -         5         0         0         0
 Symlink:         3         -         0         3         0         0         0
=d E:\data\cpp\hardlinks\ln\test\netdrive\1\2\3\4\bk1
=d E:\data\cpp\hardlinks\ln\test\netdrive\1\2\3\4\bk1
=d E:\data\cpp\hardlinks\ln\test\netdrive\1\2\3\4\bk1\F0_F1
=d E:\data\cpp\hardlinks\ln\test\netdrive\1\2\3\4\bk1\F0_F1\F0_F1_F0
=d E:\data\cpp\hardlinks\ln\test\netdrive\1\2\3\4\bk1\F0_F1\F0_F1_F1
=f E:\data\cpp\hardlinks\ln\test\netdrive\1\2\3\4\bk1\F0.txt
=f E:\data\cpp\hardlinks\ln\test\netdrive\1\2\3\4\bk1\F0_F1\F0_F1.txt
=f E:\data\cpp\hardlinks\ln\test\netdrive\1\2\3\4\bk1\F0_F1\F0_F1_F1\F0_F1_F1.txt
=s E:\data\cpp\hardlinks\ln\test\netdrive\1\2\3\4\bk1\F0_F1\F0_F1_F0\F0_F1_F0.syl
=s E:\data\cpp\hardlinks\ln\test\netdrive\1\2\3\4\bk1\F0_F1\F0_F1_J2
=s E:\data\cpp\hardlinks\ln\test\netdrive\1\2\3\4\bk1\F3_J0
Junction:         0         -         0         0         0         0         0
ErrorLevel == 0
test\netdrive\1\2\3\4\bk1\F3_J0 -> t:\F2
test\netdrive\1\2\3\4\bk1\F0_F1\F0_F1_J2 -> F0_F1_F1
test\netdrive\1\2\3\4\bk1\F0_F1\F0_F1_F0\F0_F1_F0.syl -> ..\F0_F1_F1\F0_F1_F1.txt

E:\data\cpp\hardlinks\ln>echo.


E:\data\cpp\hardlinks\ln>REM

E:\data\cpp\hardlinks\ln>REM Straight forward Smart Copy/Clone 

E:\data\cpp\hardlinks\ln>REM

E:\data\cpp\hardlinks\ln>..\bin\X64\Release\ln.exe --automated_test  --splice --copy t:\ test\netdrive\1\2\3\4\dest  1>sortout 


              Total    Copied    Linked   Skipped  Excluded    Failed
    Byte:     2.320     2.320         0         0         0         0
    File:         5         5         0         0         0         0
  Folder:         9         9         -         0         0         0
 Symlink:         0         -         0         0         0         0
+d E:\data\cpp\hardlinks\ln\test\netdrive\1\2\3\4\dest
+d E:\data\cpp\hardlinks\ln\test\netdrive\1\2\3\4\dest\F0
+d E:\data\cpp\hardlinks\ln\test\netdrive\1\2\3\4\dest\F0\F0_F1
+d E:\data\cpp\hardlinks\ln\test\netdrive\1\2\3\4\dest\F0\F0_F1\F0_F1_F0
+d E:\data\cpp\hardlinks\ln\test\netdrive\1\2\3\4\dest\F0\F0_F1\F0_F1_F1
+d E:\data\cpp\hardlinks\ln\test\netdrive\1\2\3\4\dest\F1
+d E:\data\cpp\hardlinks\ln\test\netdrive\1\2\3\4\dest\F1\F1_F0
+d E:\data\cpp\hardlinks\ln\test\netdrive\1\2\3\4\dest\F2
+d E:\data\cpp\hardlinks\ln\test\netdrive\1\2\3\4\dest\F3
+f E:\data\cpp\hardlinks\ln\test\netdrive\1\2\3\4\dest\F0\F0.txt
+f E:\data\cpp\hardlinks\ln\test\netdrive\1\2\3\4\dest\F0\F0_F1\F0_F1.txt
+f E:\data\cpp\hardlinks\ln\test\netdrive\1\2\3\4\dest\F0\F0_F1\F0_F1_F1\F0_F1_F1.txt
+f E:\data\cpp\hardlinks\ln\test\netdrive\1\2\3\4\dest\F1\F1.txt
+f E:\data\cpp\hardlinks\ln\test\netdrive\1\2\3\4\dest\F1\F1_F0\F1_F0.txt
+j E:\data\cpp\hardlinks\ln\test\netdrive\1\2\3\4\dest\F0\F0_F1\F0_F1_J2
+j E:\data\cpp\hardlinks\ln\test\netdrive\1\2\3\4\dest\F1\F1_F0\F1_F0_J0
+j E:\data\cpp\hardlinks\ln\test\netdrive\1\2\3\4\dest\F2\F2_J0
+j E:\data\cpp\hardlinks\ln\test\netdrive\1\2\3\4\dest\F3\F3_J0
Junction:         4         -         4         0         0         0
ErrorLevel == 0
E:\data\cpp\hardlinks\ln\test\netdrive\1\2\3\4\dest\F0\F0_F1\F0_F1_J2 -> E:\data\cpp\hardlinks\ln\test\netdrive\1\2\3\4\dest\F0\F0_F1\F0_F1_F1
E:\data\cpp\hardlinks\ln\test\netdrive\1\2\3\4\dest\F1\F1_F0\F1_F0_J0 -> E:\data\cpp\hardlinks\ln\test\netdrive\1\2\3\4\dest\F0\F0_F1
E:\data\cpp\hardlinks\ln\test\netdrive\1\2\3\4\dest\F2\F2_J0 -> E:\data\cpp\hardlinks\ln\test\netdrive\1\2\3\4\dest\F1
E:\data\cpp\hardlinks\ln\test\netdrive\1\2\3\4\dest\F3\F3_J0 -> E:\data\cpp\hardlinks\ln\test\netdrive\1\2\3\4\dest\F2

E:\data\cpp\hardlinks\ln>REM

E:\data\cpp\hardlinks\ln>REM Multiple sources are given for F0/ F3/, so unrolling is prevented,  

E:\data\cpp\hardlinks\ln>REM but to F1/ and F2/ unrolling is neccessary 

E:\data\cpp\hardlinks\ln>REM

E:\data\cpp\hardlinks\ln>..\bin\X64\Release\ln.exe --automated_test  --source t:\F0 --splice --copy t:\F3 test\netdrive\1\2\3\4\dest  1>sortout 


              Total    Copied    Linked   Skipped  Excluded    Failed
    Byte:     1.392     1.392         0         0         0         0
    File:         3         3         0         0         0         0
  Folder:         5         4         -         0         0         0
 Symlink:         0         -         0         0         0         0
+d E:\data\cpp\hardlinks\ln\test\netdrive\1\2\3\4\dest
+d E:\data\cpp\hardlinks\ln\test\netdrive\1\2\3\4\dest\F0_F1
+d E:\data\cpp\hardlinks\ln\test\netdrive\1\2\3\4\dest\F0_F1\F0_F1_F0
+d E:\data\cpp\hardlinks\ln\test\netdrive\1\2\3\4\dest\F0_F1\F0_F1_F1
+f E:\data\cpp\hardlinks\ln\test\netdrive\1\2\3\4\dest\F0.txt
+f E:\data\cpp\hardlinks\ln\test\netdrive\1\2\3\4\dest\F0_F1\F0_F1.txt
+f E:\data\cpp\hardlinks\ln\test\netdrive\1\2\3\4\dest\F0_F1\F0_F1_F1\F0_F1_F1.txt
+j E:\data\cpp\hardlinks\ln\test\netdrive\1\2\3\4\dest\F0_F1\F0_F1_J2
+j E:\data\cpp\hardlinks\ln\test\netdrive\1\2\3\4\dest\F3_J0
Junction:         2         -         2         0         0         0
ErrorLevel == 0
E:\data\cpp\hardlinks\ln\test\netdrive\1\2\3\4\dest\F3_J0 -> E:\data\cpp\hardlinks\ln\test\netdrive\source\F2
E:\data\cpp\hardlinks\ln\test\netdrive\1\2\3\4\dest\F0_F1\F0_F1_J2 -> E:\data\cpp\hardlinks\ln\test\netdrive\1\2\3\4\dest\F0_F1\F0_F1_F1

E:\data\cpp\hardlinks\ln>REM

E:\data\cpp\hardlinks\ln>REM Network Delorean:   

E:\data\cpp\hardlinks\ln>REM

E:\data\cpp\hardlinks\ln>..\bin\X64\Release\ln.exe --automated_test  --source t:\F0 --splice --delorean t:\F3 test\netdrive\1\2\3\4\dest test\netdrive\1\2\3\4\bk1 1>sortout 


              Total    Copied    Linked   Skipped   Removed  Excluded    Failed
    Byte:     1.392         0         0     1.392         0         0         0
    File:         3         0         0         3         0         0         0
  Folder:         5         0         -         5         0         0         0
 Symlink:         0         -         0         0         0         0         0
=d E:\data\cpp\hardlinks\ln\test\netdrive\1\2\3\4\bk1
=d E:\data\cpp\hardlinks\ln\test\netdrive\1\2\3\4\bk1
=d E:\data\cpp\hardlinks\ln\test\netdrive\1\2\3\4\bk1\F0_F1
=d E:\data\cpp\hardlinks\ln\test\netdrive\1\2\3\4\bk1\F0_F1\F0_F1_F0
=d E:\data\cpp\hardlinks\ln\test\netdrive\1\2\3\4\bk1\F0_F1\F0_F1_F1
=f E:\data\cpp\hardlinks\ln\test\netdrive\1\2\3\4\bk1\F0.txt
=f E:\data\cpp\hardlinks\ln\test\netdrive\1\2\3\4\bk1\F0_F1\F0_F1.txt
=f E:\data\cpp\hardlinks\ln\test\netdrive\1\2\3\4\bk1\F0_F1\F0_F1_F1\F0_F1_F1.txt
=j E:\data\cpp\hardlinks\ln\test\netdrive\1\2\3\4\bk1\F0_F1\F0_F1_J2
=j E:\data\cpp\hardlinks\ln\test\netdrive\1\2\3\4\bk1\F3_J0
Junction:         2         -         0         2         0         0         0
ErrorLevel == 0
E:\data\cpp\hardlinks\ln\test\netdrive\1\2\3\4\bk1\F3_J0 -> E:\data\cpp\hardlinks\ln\test\netdrive\source\F2
E:\data\cpp\hardlinks\ln\test\netdrive\1\2\3\4\bk1\F0_F1\F0_F1_J2 -> E:\data\cpp\hardlinks\ln\test\netdrive\1\2\3\4\bk1\F0_F1\F0_F1_F1

E:\data\cpp\hardlinks\ln>echo.


E:\data\cpp\hardlinks\ln>REM

E:\data\cpp\hardlinks\ln>REM Straight forward Smart Copy/Clone 

E:\data\cpp\hardlinks\ln>REM

E:\data\cpp\hardlinks\ln>..\bin\X64\Release\ln.exe --automated_test --absolute --unroll --symbolic --recursive t:\ test\netdrive\1\2\3\4\dest  1>sortout 


              Total    Copied    Linked   Skipped  Excluded    Failed
    Byte:     2.320         0     2.320         0         0         0
    File:         5         0         5         0         0         0
  Folder:         9         9         -         0         0         0
 Symlink:         6         -         6         0         0         0
+d E:\data\cpp\hardlinks\ln\test\netdrive\1\2\3\4\dest
+d E:\data\cpp\hardlinks\ln\test\netdrive\1\2\3\4\dest\F0
+d E:\data\cpp\hardlinks\ln\test\netdrive\1\2\3\4\dest\F0\F0_F1
+d E:\data\cpp\hardlinks\ln\test\netdrive\1\2\3\4\dest\F0\F0_F1\F0_F1_F0
+d E:\data\cpp\hardlinks\ln\test\netdrive\1\2\3\4\dest\F0\F0_F1\F0_F1_F1
+d E:\data\cpp\hardlinks\ln\test\netdrive\1\2\3\4\dest\F1
+d E:\data\cpp\hardlinks\ln\test\netdrive\1\2\3\4\dest\F1\F1_F0
+d E:\data\cpp\hardlinks\ln\test\netdrive\1\2\3\4\dest\F2
+d E:\data\cpp\hardlinks\ln\test\netdrive\1\2\3\4\dest\F3
+s E:\data\cpp\hardlinks\ln\test\netdrive\1\2\3\4\dest\F0\F0.txt
+s E:\data\cpp\hardlinks\ln\test\netdrive\1\2\3\4\dest\F0\F0_F1\F0_F1.txt
+s E:\data\cpp\hardlinks\ln\test\netdrive\1\2\3\4\dest\F0\F0_F1\F0_F1_F0\F0_F1_F0.syl
+s E:\data\cpp\hardlinks\ln\test\netdrive\1\2\3\4\dest\F0\F0_F1\F0_F1_F1\F0_F1_F1.txt
+s E:\data\cpp\hardlinks\ln\test\netdrive\1\2\3\4\dest\F0\F0_F1\F0_F1_J2
+s E:\data\cpp\hardlinks\ln\test\netdrive\1\2\3\4\dest\F1\F1.txt
+s E:\data\cpp\hardlinks\ln\test\netdrive\1\2\3\4\dest\F1\F1_F0\F1_F0.syl
+s E:\data\cpp\hardlinks\ln\test\netdrive\1\2\3\4\dest\F1\F1_F0\F1_F0.txt
+s E:\data\cpp\hardlinks\ln\test\netdrive\1\2\3\4\dest\F1\F1_F0\F1_F0_J0
+s E:\data\cpp\hardlinks\ln\test\netdrive\1\2\3\4\dest\F2\F2_J0
+s E:\data\cpp\hardlinks\ln\test\netdrive\1\2\3\4\dest\F3\F3_J0
Junction:         0         -         0         0         0         0
ErrorLevel == 0
test\netdrive\1\2\3\4\dest\F0\F0_F1\F0_F1_J2 -> E:\data\cpp\hardlinks\ln\test\netdrive\1\2\3\4\dest\F0\F0_F1\F0_F1_F1
test\netdrive\1\2\3\4\dest\F1\F1_F0\F1_F0_J0 -> E:\data\cpp\hardlinks\ln\test\netdrive\1\2\3\4\dest\F0\F0_F1
test\netdrive\1\2\3\4\dest\F2\F2_J0 -> E:\data\cpp\hardlinks\ln\test\netdrive\1\2\3\4\dest\F1
test\netdrive\1\2\3\4\dest\F3\F3_J0 -> E:\data\cpp\hardlinks\ln\test\netdrive\1\2\3\4\dest\F2
test\netdrive\1\2\3\4\dest\F1\F1_F0\F1_F0.syl -> E:\data\cpp\hardlinks\ln\test\netdrive\1\2\3\4\dest\F0\F0_F1\F0_F1.txt
test\netdrive\1\2\3\4\dest\F0\F0_F1\F0_F1_F0\F0_F1_F0.syl -> E:\data\cpp\hardlinks\ln\test\netdrive\1\2\3\4\dest\F0\F0_F1\F0_F1_F1\F0_F1_F1.txt
test\netdrive\1\2\3\4\dest\F0\F0.txt -> t:\F0\F0.txt
test\netdrive\1\2\3\4\dest\F0\F0_F1\F0_F1.txt -> t:\F0\F0_F1\F0_F1.txt
test\netdrive\1\2\3\4\dest\F0\F0_F1\F0_F1_F1\F0_F1_F1.txt -> t:\F0\F0_F1\F0_F1_F1\F0_F1_F1.txt
test\netdrive\1\2\3\4\dest\F1\F1.txt -> t:\F1\F1.txt
test\netdrive\1\2\3\4\dest\F1\F1_F0\F1_F0.txt -> t:\F1\F1_F0\F1_F0.txt

E:\data\cpp\hardlinks\ln>REM

E:\data\cpp\hardlinks\ln>REM Multiple sources are given for F0/ F3/, so unrolling is prevented,  

E:\data\cpp\hardlinks\ln>REM but to F1/ and F2/ unrolling is neccessary 

E:\data\cpp\hardlinks\ln>REM

E:\data\cpp\hardlinks\ln>..\bin\X64\Release\ln.exe --automated_test --absolute --source t:\F0 --unroll --symbolic --recursive t:\F3 test\netdrive\1\2\3\4\dest  1>sortout 


              Total    Copied    Linked   Skipped  Excluded    Failed
    Byte:     2.320         0     2.320         0         0         0
    File:         5         0         5         0         0         0
  Folder:         8         7         -         0         0         0
 Symlink:         4         -         4         0         0         0
+d E:\data\cpp\hardlinks\ln\test\netdrive\1\2\3\4\dest
+d E:\data\cpp\hardlinks\ln\test\netdrive\1\2\3\4\dest\F0_F1
+d E:\data\cpp\hardlinks\ln\test\netdrive\1\2\3\4\dest\F0_F1\F0_F1_F0
+d E:\data\cpp\hardlinks\ln\test\netdrive\1\2\3\4\dest\F0_F1\F0_F1_F1
+d E:\data\cpp\hardlinks\ln\test\netdrive\1\2\3\4\dest\F3_J0
+d E:\data\cpp\hardlinks\ln\test\netdrive\1\2\3\4\dest\F3_J0\F2_J0
+d E:\data\cpp\hardlinks\ln\test\netdrive\1\2\3\4\dest\F3_J0\F2_J0\F1_F0
+s E:\data\cpp\hardlinks\ln\test\netdrive\1\2\3\4\dest\F0.txt
+s E:\data\cpp\hardlinks\ln\test\netdrive\1\2\3\4\dest\F0_F1\F0_F1.txt
+s E:\data\cpp\hardlinks\ln\test\netdrive\1\2\3\4\dest\F0_F1\F0_F1_F0\F0_F1_F0.syl
+s E:\data\cpp\hardlinks\ln\test\netdrive\1\2\3\4\dest\F0_F1\F0_F1_F1\F0_F1_F1.txt
+s E:\data\cpp\hardlinks\ln\test\netdrive\1\2\3\4\dest\F0_F1\F0_F1_J2
+s E:\data\cpp\hardlinks\ln\test\netdrive\1\2\3\4\dest\F3_J0\F2_J0\F1.txt
+s E:\data\cpp\hardlinks\ln\test\netdrive\1\2\3\4\dest\F3_J0\F2_J0\F1_F0\F1_F0.syl
+s E:\data\cpp\hardlinks\ln\test\netdrive\1\2\3\4\dest\F3_J0\F2_J0\F1_F0\F1_F0.txt
+s E:\data\cpp\hardlinks\ln\test\netdrive\1\2\3\4\dest\F3_J0\F2_J0\F1_F0\F1_F0_J0
Junction:         0         -         0         0         0         0
ErrorLevel == 0
test\netdrive\1\2\3\4\dest\F3_J0\F2_J0\F1_F0\F1_F0_J0 -> E:\data\cpp\hardlinks\ln\test\netdrive\1\2\3\4\dest\F0_F1
test\netdrive\1\2\3\4\dest\F0_F1\F0_F1_J2 -> E:\data\cpp\hardlinks\ln\test\netdrive\1\2\3\4\dest\F0_F1\F0_F1_F1
test\netdrive\1\2\3\4\dest\F3_J0\F2_J0\F1_F0\F1_F0.syl -> E:\data\cpp\hardlinks\ln\test\netdrive\1\2\3\4\dest\F0_F1\F0_F1.txt
test\netdrive\1\2\3\4\dest\F0_F1\F0_F1_F0\F0_F1_F0.syl -> E:\data\cpp\hardlinks\ln\test\netdrive\1\2\3\4\dest\F0_F1\F0_F1_F1\F0_F1_F1.txt
test\netdrive\1\2\3\4\dest\F0.txt -> t:\F0\F0.txt
test\netdrive\1\2\3\4\dest\F0_F1\F0_F1.txt -> t:\F0\F0_F1\F0_F1.txt
test\netdrive\1\2\3\4\dest\F0_F1\F0_F1_F1\F0_F1_F1.txt -> t:\F0\F0_F1\F0_F1_F1\F0_F1_F1.txt
test\netdrive\1\2\3\4\dest\F3_J0\F2_J0\F1.txt -> t:\F3\F3_J0\F2_J0\F1.txt
test\netdrive\1\2\3\4\dest\F3_J0\F2_J0\F1_F0\F1_F0.txt -> t:\F3\F3_J0\F2_J0\F1_F0\F1_F0.txt

E:\data\cpp\hardlinks\ln>echo.


E:\data\cpp\hardlinks\ln>REM

E:\data\cpp\hardlinks\ln>REM Straight forward Smart Copy/Clone 

E:\data\cpp\hardlinks\ln>REM

E:\data\cpp\hardlinks\ln>..\bin\X64\Release\ln.exe --automated_test  --unroll --symbolic --recursive t:\ test\netdrive\1\2\3\4\dest  1>sortout 


              Total    Copied    Linked   Skipped  Excluded    Failed
    Byte:     2.320         0     2.320         0         0         0
    File:         5         0         5         0         0         0
  Folder:         9         9         -         0         0         0
 Symlink:         6         -         6         0         0         0
+d E:\data\cpp\hardlinks\ln\test\netdrive\1\2\3\4\dest
+d E:\data\cpp\hardlinks\ln\test\netdrive\1\2\3\4\dest\F0
+d E:\data\cpp\hardlinks\ln\test\netdrive\1\2\3\4\dest\F0\F0_F1
+d E:\data\cpp\hardlinks\ln\test\netdrive\1\2\3\4\dest\F0\F0_F1\F0_F1_F0
+d E:\data\cpp\hardlinks\ln\test\netdrive\1\2\3\4\dest\F0\F0_F1\F0_F1_F1
+d E:\data\cpp\hardlinks\ln\test\netdrive\1\2\3\4\dest\F1
+d E:\data\cpp\hardlinks\ln\test\netdrive\1\2\3\4\dest\F1\F1_F0
+d E:\data\cpp\hardlinks\ln\test\netdrive\1\2\3\4\dest\F2
+d E:\data\cpp\hardlinks\ln\test\netdrive\1\2\3\4\dest\F3
+s E:\data\cpp\hardlinks\ln\test\netdrive\1\2\3\4\dest\F0\F0.txt
+s E:\data\cpp\hardlinks\ln\test\netdrive\1\2\3\4\dest\F0\F0_F1\F0_F1.txt
+s E:\data\cpp\hardlinks\ln\test\netdrive\1\2\3\4\dest\F0\F0_F1\F0_F1_F0\F0_F1_F0.syl
+s E:\data\cpp\hardlinks\ln\test\netdrive\1\2\3\4\dest\F0\F0_F1\F0_F1_F1\F0_F1_F1.txt
+s E:\data\cpp\hardlinks\ln\test\netdrive\1\2\3\4\dest\F0\F0_F1\F0_F1_J2
+s E:\data\cpp\hardlinks\ln\test\netdrive\1\2\3\4\dest\F1\F1.txt
+s E:\data\cpp\hardlinks\ln\test\netdrive\1\2\3\4\dest\F1\F1_F0\F1_F0.syl
+s E:\data\cpp\hardlinks\ln\test\netdrive\1\2\3\4\dest\F1\F1_F0\F1_F0.txt
+s E:\data\cpp\hardlinks\ln\test\netdrive\1\2\3\4\dest\F1\F1_F0\F1_F0_J0
+s E:\data\cpp\hardlinks\ln\test\netdrive\1\2\3\4\dest\F2\F2_J0
+s E:\data\cpp\hardlinks\ln\test\netdrive\1\2\3\4\dest\F3\F3_J0
Junction:         0         -         0         0         0         0
ErrorLevel == 0
test\netdrive\1\2\3\4\dest\F0\F0_F1\F0_F1_J2 -> F0_F1_F1
test\netdrive\1\2\3\4\dest\F1\F1_F0\F1_F0_J0 -> ..\..\F0\F0_F1
test\netdrive\1\2\3\4\dest\F2\F2_J0 -> ..\F1
test\netdrive\1\2\3\4\dest\F3\F3_J0 -> ..\F2
test\netdrive\1\2\3\4\dest\F1\F1_F0\F1_F0.syl -> ..\..\F0\F0_F1\F0_F1.txt
test\netdrive\1\2\3\4\dest\F0\F0_F1\F0_F1_F0\F0_F1_F0.syl -> ..\F0_F1_F1\F0_F1_F1.txt
test\netdrive\1\2\3\4\dest\F0\F0.txt -> t:\F0\F0.txt
test\netdrive\1\2\3\4\dest\F0\F0_F1\F0_F1.txt -> t:\F0\F0_F1\F0_F1.txt
test\netdrive\1\2\3\4\dest\F0\F0_F1\F0_F1_F1\F0_F1_F1.txt -> t:\F0\F0_F1\F0_F1_F1\F0_F1_F1.txt
test\netdrive\1\2\3\4\dest\F1\F1.txt -> t:\F1\F1.txt
test\netdrive\1\2\3\4\dest\F1\F1_F0\F1_F0.txt -> t:\F1\F1_F0\F1_F0.txt

E:\data\cpp\hardlinks\ln>REM

E:\data\cpp\hardlinks\ln>REM Multiple sources are given for F0/ F3/, so unrolling is prevented,  

E:\data\cpp\hardlinks\ln>REM but to F1/ and F2/ unrolling is neccessary 

E:\data\cpp\hardlinks\ln>REM

E:\data\cpp\hardlinks\ln>..\bin\X64\Release\ln.exe --automated_test  --source t:\F0 --unroll --symbolic --recursive t:\F3 test\netdrive\1\2\3\4\dest  1>sortout 


              Total    Copied    Linked   Skipped  Excluded    Failed
    Byte:     2.320         0     2.320         0         0         0
    File:         5         0         5         0         0         0
  Folder:         8         7         -         0         0         0
 Symlink:         4         -         4         0         0         0
+d E:\data\cpp\hardlinks\ln\test\netdrive\1\2\3\4\dest
+d E:\data\cpp\hardlinks\ln\test\netdrive\1\2\3\4\dest\F0_F1
+d E:\data\cpp\hardlinks\ln\test\netdrive\1\2\3\4\dest\F0_F1\F0_F1_F0
+d E:\data\cpp\hardlinks\ln\test\netdrive\1\2\3\4\dest\F0_F1\F0_F1_F1
+d E:\data\cpp\hardlinks\ln\test\netdrive\1\2\3\4\dest\F3_J0
+d E:\data\cpp\hardlinks\ln\test\netdrive\1\2\3\4\dest\F3_J0\F2_J0
+d E:\data\cpp\hardlinks\ln\test\netdrive\1\2\3\4\dest\F3_J0\F2_J0\F1_F0
+s E:\data\cpp\hardlinks\ln\test\netdrive\1\2\3\4\dest\F0.txt
+s E:\data\cpp\hardlinks\ln\test\netdrive\1\2\3\4\dest\F0_F1\F0_F1.txt
+s E:\data\cpp\hardlinks\ln\test\netdrive\1\2\3\4\dest\F0_F1\F0_F1_F0\F0_F1_F0.syl
+s E:\data\cpp\hardlinks\ln\test\netdrive\1\2\3\4\dest\F0_F1\F0_F1_F1\F0_F1_F1.txt
+s E:\data\cpp\hardlinks\ln\test\netdrive\1\2\3\4\dest\F0_F1\F0_F1_J2
+s E:\data\cpp\hardlinks\ln\test\netdrive\1\2\3\4\dest\F3_J0\F2_J0\F1.txt
+s E:\data\cpp\hardlinks\ln\test\netdrive\1\2\3\4\dest\F3_J0\F2_J0\F1_F0\F1_F0.syl
+s E:\data\cpp\hardlinks\ln\test\netdrive\1\2\3\4\dest\F3_J0\F2_J0\F1_F0\F1_F0.txt
+s E:\data\cpp\hardlinks\ln\test\netdrive\1\2\3\4\dest\F3_J0\F2_J0\F1_F0\F1_F0_J0
Junction:         0         -         0         0         0         0
ErrorLevel == 0
test\netdrive\1\2\3\4\dest\F3_J0\F2_J0\F1_F0\F1_F0_J0 -> ..\..\..\F0_F1
test\netdrive\1\2\3\4\dest\F0_F1\F0_F1_J2 -> F0_F1_F1
test\netdrive\1\2\3\4\dest\F3_J0\F2_J0\F1_F0\F1_F0.syl -> ..\..\..\F0_F1\F0_F1.txt
test\netdrive\1\2\3\4\dest\F0_F1\F0_F1_F0\F0_F1_F0.syl -> ..\F0_F1_F1\F0_F1_F1.txt
test\netdrive\1\2\3\4\dest\F0.txt -> t:\F0\F0.txt
test\netdrive\1\2\3\4\dest\F0_F1\F0_F1.txt -> t:\F0\F0_F1\F0_F1.txt
test\netdrive\1\2\3\4\dest\F0_F1\F0_F1_F1\F0_F1_F1.txt -> t:\F0\F0_F1\F0_F1_F1\F0_F1_F1.txt
test\netdrive\1\2\3\4\dest\F3_J0\F2_J0\F1.txt -> t:\F3\F3_J0\F2_J0\F1.txt
test\netdrive\1\2\3\4\dest\F3_J0\F2_J0\F1_F0\F1_F0.txt -> t:\F3\F3_J0\F2_J0\F1_F0\F1_F0.txt

E:\data\cpp\hardlinks\ln>echo.


E:\data\cpp\hardlinks\ln>REM

E:\data\cpp\hardlinks\ln>REM Straight forward Smart Copy/Clone 

E:\data\cpp\hardlinks\ln>REM

E:\data\cpp\hardlinks\ln>..\bin\X64\Release\ln.exe --automated_test  --unroll --symbolic --recursive t:\ test\netdrive\1\2\3\4\dest  1>sortout 


              Total    Copied    Linked   Skipped  Excluded    Failed
    Byte:     2.320         0     2.320         0         0         0
    File:         5         0         5         0         0         0
  Folder:         9         9         -         0         0         0
 Symlink:         0         -         0         0         0         0
+d E:\data\cpp\hardlinks\ln\test\netdrive\1\2\3\4\dest
+d E:\data\cpp\hardlinks\ln\test\netdrive\1\2\3\4\dest\F0
+d E:\data\cpp\hardlinks\ln\test\netdrive\1\2\3\4\dest\F0\F0_F1
+d E:\data\cpp\hardlinks\ln\test\netdrive\1\2\3\4\dest\F0\F0_F1\F0_F1_F0
+d E:\data\cpp\hardlinks\ln\test\netdrive\1\2\3\4\dest\F0\F0_F1\F0_F1_F1
+d E:\data\cpp\hardlinks\ln\test\netdrive\1\2\3\4\dest\F1
+d E:\data\cpp\hardlinks\ln\test\netdrive\1\2\3\4\dest\F1\F1_F0
+d E:\data\cpp\hardlinks\ln\test\netdrive\1\2\3\4\dest\F2
+d E:\data\cpp\hardlinks\ln\test\netdrive\1\2\3\4\dest\F3
+j E:\data\cpp\hardlinks\ln\test\netdrive\1\2\3\4\dest\F0\F0_F1\F0_F1_J2
+j E:\data\cpp\hardlinks\ln\test\netdrive\1\2\3\4\dest\F1\F1_F0\F1_F0_J0
+j E:\data\cpp\hardlinks\ln\test\netdrive\1\2\3\4\dest\F2\F2_J0
+j E:\data\cpp\hardlinks\ln\test\netdrive\1\2\3\4\dest\F3\F3_J0
+s E:\data\cpp\hardlinks\ln\test\netdrive\1\2\3\4\dest\F0\F0.txt
+s E:\data\cpp\hardlinks\ln\test\netdrive\1\2\3\4\dest\F0\F0_F1\F0_F1.txt
+s E:\data\cpp\hardlinks\ln\test\netdrive\1\2\3\4\dest\F0\F0_F1\F0_F1_F1\F0_F1_F1.txt
+s E:\data\cpp\hardlinks\ln\test\netdrive\1\2\3\4\dest\F1\F1.txt
+s E:\data\cpp\hardlinks\ln\test\netdrive\1\2\3\4\dest\F1\F1_F0\F1_F0.txt
Junction:         4         -         4         0         0         0
ErrorLevel == 0
E:\data\cpp\hardlinks\ln\test\netdrive\1\2\3\4\dest\F0\F0_F1\F0_F1_J2 -> E:\data\cpp\hardlinks\ln\test\netdrive\1\2\3\4\dest\F0\F0_F1\F0_F1_F1
E:\data\cpp\hardlinks\ln\test\netdrive\1\2\3\4\dest\F1\F1_F0\F1_F0_J0 -> E:\data\cpp\hardlinks\ln\test\netdrive\1\2\3\4\dest\F0\F0_F1
E:\data\cpp\hardlinks\ln\test\netdrive\1\2\3\4\dest\F2\F2_J0 -> E:\data\cpp\hardlinks\ln\test\netdrive\1\2\3\4\dest\F1
E:\data\cpp\hardlinks\ln\test\netdrive\1\2\3\4\dest\F3\F3_J0 -> E:\data\cpp\hardlinks\ln\test\netdrive\1\2\3\4\dest\F2
test\netdrive\1\2\3\4\dest\F0\F0.txt -> t:\F0\F0.txt
test\netdrive\1\2\3\4\dest\F0\F0_F1\F0_F1.txt -> t:\F0\F0_F1\F0_F1.txt
test\netdrive\1\2\3\4\dest\F0\F0_F1\F0_F1_F1\F0_F1_F1.txt -> t:\F0\F0_F1\F0_F1_F1\F0_F1_F1.txt
test\netdrive\1\2\3\4\dest\F1\F1.txt -> t:\F1\F1.txt
test\netdrive\1\2\3\4\dest\F1\F1_F0\F1_F0.txt -> t:\F1\F1_F0\F1_F0.txt

E:\data\cpp\hardlinks\ln>REM

E:\data\cpp\hardlinks\ln>REM Multiple sources are given for F0/ F3/, so unrolling is prevented,  

E:\data\cpp\hardlinks\ln>REM but to F1/ and F2/ unrolling is neccessary 

E:\data\cpp\hardlinks\ln>REM

E:\data\cpp\hardlinks\ln>..\bin\X64\Release\ln.exe --automated_test  --source t:\F0 --unroll --symbolic --recursive t:\F3 test\netdrive\1\2\3\4\dest  1>sortout 


              Total    Copied    Linked   Skipped  Excluded    Failed
    Byte:     2.320         0     2.320         0         0         0
    File:         5         0         5         0         0         0
  Folder:         8         7         -         0         0         0
 Symlink:         0         -         0         0         0         0
+d E:\data\cpp\hardlinks\ln\test\netdrive\1\2\3\4\dest
+d E:\data\cpp\hardlinks\ln\test\netdrive\1\2\3\4\dest\F0_F1
+d E:\data\cpp\hardlinks\ln\test\netdrive\1\2\3\4\dest\F0_F1\F0_F1_F0
+d E:\data\cpp\hardlinks\ln\test\netdrive\1\2\3\4\dest\F0_F1\F0_F1_F1
+d E:\data\cpp\hardlinks\ln\test\netdrive\1\2\3\4\dest\F3_J0
+d E:\data\cpp\hardlinks\ln\test\netdrive\1\2\3\4\dest\F3_J0\F2_J0
+d E:\data\cpp\hardlinks\ln\test\netdrive\1\2\3\4\dest\F3_J0\F2_J0\F1_F0
+j E:\data\cpp\hardlinks\ln\test\netdrive\1\2\3\4\dest\F0_F1\F0_F1_J2
+j E:\data\cpp\hardlinks\ln\test\netdrive\1\2\3\4\dest\F3_J0\F2_J0\F1_F0\F1_F0_J0
+s E:\data\cpp\hardlinks\ln\test\netdrive\1\2\3\4\dest\F0.txt
+s E:\data\cpp\hardlinks\ln\test\netdrive\1\2\3\4\dest\F0_F1\F0_F1.txt
+s E:\data\cpp\hardlinks\ln\test\netdrive\1\2\3\4\dest\F0_F1\F0_F1_F1\F0_F1_F1.txt
+s E:\data\cpp\hardlinks\ln\test\netdrive\1\2\3\4\dest\F3_J0\F2_J0\F1.txt
+s E:\data\cpp\hardlinks\ln\test\netdrive\1\2\3\4\dest\F3_J0\F2_J0\F1_F0\F1_F0.txt
Junction:         2         -         2         0         0         0
ErrorLevel == 0
E:\data\cpp\hardlinks\ln\test\netdrive\1\2\3\4\dest\F3_J0\F2_J0\F1_F0\F1_F0_J0 -> E:\data\cpp\hardlinks\ln\test\netdrive\1\2\3\4\dest\F0_F1
E:\data\cpp\hardlinks\ln\test\netdrive\1\2\3\4\dest\F0_F1\F0_F1_J2 -> E:\data\cpp\hardlinks\ln\test\netdrive\1\2\3\4\dest\F0_F1\F0_F1_F1
test\netdrive\1\2\3\4\dest\F0.txt -> t:\F0\F0.txt
test\netdrive\1\2\3\4\dest\F0_F1\F0_F1.txt -> t:\F0\F0_F1\F0_F1.txt
test\netdrive\1\2\3\4\dest\F0_F1\F0_F1_F1\F0_F1_F1.txt -> t:\F0\F0_F1\F0_F1_F1\F0_F1_F1.txt
test\netdrive\1\2\3\4\dest\F3_J0\F2_J0\F1.txt -> t:\F3\F3_J0\F2_J0\F1.txt
test\netdrive\1\2\3\4\dest\F3_J0\F2_J0\F1_F0\F1_F0.txt -> t:\F3\F3_J0\F2_J0\F1_F0\F1_F0.txt

E:\data\cpp\hardlinks\ln>echo.


E:\data\cpp\hardlinks\ln>REM

E:\data\cpp\hardlinks\ln>REM Straight forward Smart Copy/Clone 

E:\data\cpp\hardlinks\ln>REM

E:\data\cpp\hardlinks\ln>..\bin\X64\Release\ln.exe --automated_test --absolute  --symbolic --recursive t:\ test\netdrive\1\2\3\4\dest  1>sortout 


              Total    Copied    Linked   Skipped  Excluded    Failed
    Byte:     2.320         0     2.320         0         0         0
    File:         5         0         5         0         0         0
  Folder:         9         9         -         0         0         0
 Symlink:         6         -         6         0         0         0
+d E:\data\cpp\hardlinks\ln\test\netdrive\1\2\3\4\dest
+d E:\data\cpp\hardlinks\ln\test\netdrive\1\2\3\4\dest\F0
+d E:\data\cpp\hardlinks\ln\test\netdrive\1\2\3\4\dest\F0\F0_F1
+d E:\data\cpp\hardlinks\ln\test\netdrive\1\2\3\4\dest\F0\F0_F1\F0_F1_F0
+d E:\data\cpp\hardlinks\ln\test\netdrive\1\2\3\4\dest\F0\F0_F1\F0_F1_F1
+d E:\data\cpp\hardlinks\ln\test\netdrive\1\2\3\4\dest\F1
+d E:\data\cpp\hardlinks\ln\test\netdrive\1\2\3\4\dest\F1\F1_F0
+d E:\data\cpp\hardlinks\ln\test\netdrive\1\2\3\4\dest\F2
+d E:\data\cpp\hardlinks\ln\test\netdrive\1\2\3\4\dest\F3
+s E:\data\cpp\hardlinks\ln\test\netdrive\1\2\3\4\dest\F0\F0.txt
+s E:\data\cpp\hardlinks\ln\test\netdrive\1\2\3\4\dest\F0\F0_F1\F0_F1.txt
+s E:\data\cpp\hardlinks\ln\test\netdrive\1\2\3\4\dest\F0\F0_F1\F0_F1_F0\F0_F1_F0.syl
+s E:\data\cpp\hardlinks\ln\test\netdrive\1\2\3\4\dest\F0\F0_F1\F0_F1_F1\F0_F1_F1.txt
+s E:\data\cpp\hardlinks\ln\test\netdrive\1\2\3\4\dest\F0\F0_F1\F0_F1_J2
+s E:\data\cpp\hardlinks\ln\test\netdrive\1\2\3\4\dest\F1\F1.txt
+s E:\data\cpp\hardlinks\ln\test\netdrive\1\2\3\4\dest\F1\F1_F0\F1_F0.syl
+s E:\data\cpp\hardlinks\ln\test\netdrive\1\2\3\4\dest\F1\F1_F0\F1_F0.txt
+s E:\data\cpp\hardlinks\ln\test\netdrive\1\2\3\4\dest\F1\F1_F0\F1_F0_J0
+s E:\data\cpp\hardlinks\ln\test\netdrive\1\2\3\4\dest\F2\F2_J0
+s E:\data\cpp\hardlinks\ln\test\netdrive\1\2\3\4\dest\F3\F3_J0
Junction:         0         -         0         0         0         0
ErrorLevel == 0
test\netdrive\1\2\3\4\dest\F0\F0_F1\F0_F1_J2 -> E:\data\cpp\hardlinks\ln\test\netdrive\1\2\3\4\dest\F0\F0_F1\F0_F1_F1
test\netdrive\1\2\3\4\dest\F1\F1_F0\F1_F0_J0 -> E:\data\cpp\hardlinks\ln\test\netdrive\1\2\3\4\dest\F0\F0_F1
test\netdrive\1\2\3\4\dest\F2\F2_J0 -> E:\data\cpp\hardlinks\ln\test\netdrive\1\2\3\4\dest\F1
test\netdrive\1\2\3\4\dest\F3\F3_J0 -> E:\data\cpp\hardlinks\ln\test\netdrive\1\2\3\4\dest\F2
test\netdrive\1\2\3\4\dest\F1\F1_F0\F1_F0.syl -> E:\data\cpp\hardlinks\ln\test\netdrive\1\2\3\4\dest\F0\F0_F1\F0_F1.txt
test\netdrive\1\2\3\4\dest\F0\F0_F1\F0_F1_F0\F0_F1_F0.syl -> E:\data\cpp\hardlinks\ln\test\netdrive\1\2\3\4\dest\F0\F0_F1\F0_F1_F1\F0_F1_F1.txt
test\netdrive\1\2\3\4\dest\F0\F0.txt -> t:\F0\F0.txt
test\netdrive\1\2\3\4\dest\F0\F0_F1\F0_F1.txt -> t:\F0\F0_F1\F0_F1.txt
test\netdrive\1\2\3\4\dest\F0\F0_F1\F0_F1_F1\F0_F1_F1.txt -> t:\F0\F0_F1\F0_F1_F1\F0_F1_F1.txt
test\netdrive\1\2\3\4\dest\F1\F1.txt -> t:\F1\F1.txt
test\netdrive\1\2\3\4\dest\F1\F1_F0\F1_F0.txt -> t:\F1\F1_F0\F1_F0.txt

E:\data\cpp\hardlinks\ln>REM

E:\data\cpp\hardlinks\ln>REM Multiple sources are given for F0/ F3/, so unrolling is prevented,  

E:\data\cpp\hardlinks\ln>REM but to F1/ and F2/ unrolling is neccessary 

E:\data\cpp\hardlinks\ln>REM

E:\data\cpp\hardlinks\ln>..\bin\X64\Release\ln.exe --automated_test --absolute --source t:\F0  --symbolic --recursive t:\F3 test\netdrive\1\2\3\4\dest  1>sortout 


              Total    Copied    Linked   Skipped  Excluded    Failed
    Byte:     1.392         0     1.392         0         0         0
    File:         3         0         3         0         0         0
  Folder:         5         4         -         0         0         0
 Symlink:         3         -         2         0         1         0
#s t:\F3\F3_J0
+d E:\data\cpp\hardlinks\ln\test\netdrive\1\2\3\4\dest
+d E:\data\cpp\hardlinks\ln\test\netdrive\1\2\3\4\dest\F0_F1
+d E:\data\cpp\hardlinks\ln\test\netdrive\1\2\3\4\dest\F0_F1\F0_F1_F0
+d E:\data\cpp\hardlinks\ln\test\netdrive\1\2\3\4\dest\F0_F1\F0_F1_F1
+s E:\data\cpp\hardlinks\ln\test\netdrive\1\2\3\4\dest\F0.txt
+s E:\data\cpp\hardlinks\ln\test\netdrive\1\2\3\4\dest\F0_F1\F0_F1.txt
+s E:\data\cpp\hardlinks\ln\test\netdrive\1\2\3\4\dest\F0_F1\F0_F1_F0\F0_F1_F0.syl
+s E:\data\cpp\hardlinks\ln\test\netdrive\1\2\3\4\dest\F0_F1\F0_F1_F1\F0_F1_F1.txt
+s E:\data\cpp\hardlinks\ln\test\netdrive\1\2\3\4\dest\F0_F1\F0_F1_J2
Junction:         0         -         0         0         0         0
ErrorLevel == 0
ERROR: symlink 'test\netdrive\1\2\3\4\dest\F3_J0\F2_J0\F1_F0\F1_F0_J0' does not exist
test\netdrive\1\2\3\4\dest\F0_F1\F0_F1_J2 -> E:\data\cpp\hardlinks\ln\test\netdrive\1\2\3\4\dest\F0_F1\F0_F1_F1
ERROR: symlink 'test\netdrive\1\2\3\4\dest\F3_J0\F2_J0\F1_F0\F1_F0.syl' does not exist
test\netdrive\1\2\3\4\dest\F0_F1\F0_F1_F0\F0_F1_F0.syl -> E:\data\cpp\hardlinks\ln\test\netdrive\1\2\3\4\dest\F0_F1\F0_F1_F1\F0_F1_F1.txt
test\netdrive\1\2\3\4\dest\F0.txt -> t:\F0\F0.txt
test\netdrive\1\2\3\4\dest\F0_F1\F0_F1.txt -> t:\F0\F0_F1\F0_F1.txt
test\netdrive\1\2\3\4\dest\F0_F1\F0_F1_F1\F0_F1_F1.txt -> t:\F0\F0_F1\F0_F1_F1\F0_F1_F1.txt

E:\data\cpp\hardlinks\ln>echo.


E:\data\cpp\hardlinks\ln>REM

E:\data\cpp\hardlinks\ln>REM Straight forward Smart Copy/Clone 

E:\data\cpp\hardlinks\ln>REM

E:\data\cpp\hardlinks\ln>..\bin\X64\Release\ln.exe --automated_test   --symbolic --recursive t:\ test\netdrive\1\2\3\4\dest  1>sortout 


              Total    Copied    Linked   Skipped  Excluded    Failed
    Byte:     2.320         0     2.320         0         0         0
    File:         5         0         5         0         0         0
  Folder:         9         9         -         0         0         0
 Symlink:         6         -         6         0         0         0
+d E:\data\cpp\hardlinks\ln\test\netdrive\1\2\3\4\dest
+d E:\data\cpp\hardlinks\ln\test\netdrive\1\2\3\4\dest\F0
+d E:\data\cpp\hardlinks\ln\test\netdrive\1\2\3\4\dest\F0\F0_F1
+d E:\data\cpp\hardlinks\ln\test\netdrive\1\2\3\4\dest\F0\F0_F1\F0_F1_F0
+d E:\data\cpp\hardlinks\ln\test\netdrive\1\2\3\4\dest\F0\F0_F1\F0_F1_F1
+d E:\data\cpp\hardlinks\ln\test\netdrive\1\2\3\4\dest\F1
+d E:\data\cpp\hardlinks\ln\test\netdrive\1\2\3\4\dest\F1\F1_F0
+d E:\data\cpp\hardlinks\ln\test\netdrive\1\2\3\4\dest\F2
+d E:\data\cpp\hardlinks\ln\test\netdrive\1\2\3\4\dest\F3
+s E:\data\cpp\hardlinks\ln\test\netdrive\1\2\3\4\dest\F0\F0.txt
+s E:\data\cpp\hardlinks\ln\test\netdrive\1\2\3\4\dest\F0\F0_F1\F0_F1.txt
+s E:\data\cpp\hardlinks\ln\test\netdrive\1\2\3\4\dest\F0\F0_F1\F0_F1_F0\F0_F1_F0.syl
+s E:\data\cpp\hardlinks\ln\test\netdrive\1\2\3\4\dest\F0\F0_F1\F0_F1_F1\F0_F1_F1.txt
+s E:\data\cpp\hardlinks\ln\test\netdrive\1\2\3\4\dest\F0\F0_F1\F0_F1_J2
+s E:\data\cpp\hardlinks\ln\test\netdrive\1\2\3\4\dest\F1\F1.txt
+s E:\data\cpp\hardlinks\ln\test\netdrive\1\2\3\4\dest\F1\F1_F0\F1_F0.syl
+s E:\data\cpp\hardlinks\ln\test\netdrive\1\2\3\4\dest\F1\F1_F0\F1_F0.txt
+s E:\data\cpp\hardlinks\ln\test\netdrive\1\2\3\4\dest\F1\F1_F0\F1_F0_J0
+s E:\data\cpp\hardlinks\ln\test\netdrive\1\2\3\4\dest\F2\F2_J0
+s E:\data\cpp\hardlinks\ln\test\netdrive\1\2\3\4\dest\F3\F3_J0
Junction:         0         -         0         0         0         0
ErrorLevel == 0
test\netdrive\1\2\3\4\dest\F0\F0_F1\F0_F1_J2 -> F0_F1_F1
test\netdrive\1\2\3\4\dest\F1\F1_F0\F1_F0_J0 -> ..\..\F0\F0_F1
test\netdrive\1\2\3\4\dest\F2\F2_J0 -> ..\F1
test\netdrive\1\2\3\4\dest\F3\F3_J0 -> ..\F2
test\netdrive\1\2\3\4\dest\F1\F1_F0\F1_F0.syl -> ..\..\F0\F0_F1\F0_F1.txt
test\netdrive\1\2\3\4\dest\F0\F0_F1\F0_F1_F0\F0_F1_F0.syl -> ..\F0_F1_F1\F0_F1_F1.txt
test\netdrive\1\2\3\4\dest\F0\F0.txt -> t:\F0\F0.txt
test\netdrive\1\2\3\4\dest\F0\F0_F1\F0_F1.txt -> t:\F0\F0_F1\F0_F1.txt
test\netdrive\1\2\3\4\dest\F0\F0_F1\F0_F1_F1\F0_F1_F1.txt -> t:\F0\F0_F1\F0_F1_F1\F0_F1_F1.txt
test\netdrive\1\2\3\4\dest\F1\F1.txt -> t:\F1\F1.txt
test\netdrive\1\2\3\4\dest\F1\F1_F0\F1_F0.txt -> t:\F1\F1_F0\F1_F0.txt

E:\data\cpp\hardlinks\ln>REM

E:\data\cpp\hardlinks\ln>REM Multiple sources are given for F0/ F3/, so unrolling is prevented,  

E:\data\cpp\hardlinks\ln>REM but to F1/ and F2/ unrolling is neccessary 

E:\data\cpp\hardlinks\ln>REM

E:\data\cpp\hardlinks\ln>..\bin\X64\Release\ln.exe --automated_test  --source t:\F0  --symbolic --recursive t:\F3 test\netdrive\1\2\3\4\dest  1>sortout 


              Total    Copied    Linked   Skipped  Excluded    Failed
    Byte:     1.392         0     1.392         0         0         0
    File:         3         0         3         0         0         0
  Folder:         5         4         -         0         0         0
 Symlink:         3         -         2         0         1         0
#s t:\F3\F3_J0
+d E:\data\cpp\hardlinks\ln\test\netdrive\1\2\3\4\dest
+d E:\data\cpp\hardlinks\ln\test\netdrive\1\2\3\4\dest\F0_F1
+d E:\data\cpp\hardlinks\ln\test\netdrive\1\2\3\4\dest\F0_F1\F0_F1_F0
+d E:\data\cpp\hardlinks\ln\test\netdrive\1\2\3\4\dest\F0_F1\F0_F1_F1
+s E:\data\cpp\hardlinks\ln\test\netdrive\1\2\3\4\dest\F0.txt
+s E:\data\cpp\hardlinks\ln\test\netdrive\1\2\3\4\dest\F0_F1\F0_F1.txt
+s E:\data\cpp\hardlinks\ln\test\netdrive\1\2\3\4\dest\F0_F1\F0_F1_F0\F0_F1_F0.syl
+s E:\data\cpp\hardlinks\ln\test\netdrive\1\2\3\4\dest\F0_F1\F0_F1_F1\F0_F1_F1.txt
+s E:\data\cpp\hardlinks\ln\test\netdrive\1\2\3\4\dest\F0_F1\F0_F1_J2
Junction:         0         -         0         0         0         0
ErrorLevel == 0
ERROR: symlink 'test\netdrive\1\2\3\4\dest\F3_J0\F2_J0\F1_F0\F1_F0_J0' does not exist
test\netdrive\1\2\3\4\dest\F0_F1\F0_F1_J2 -> F0_F1_F1
ERROR: symlink 'test\netdrive\1\2\3\4\dest\F3_J0\F2_J0\F1_F0\F1_F0.syl' does not exist
test\netdrive\1\2\3\4\dest\F0_F1\F0_F1_F0\F0_F1_F0.syl -> ..\F0_F1_F1\F0_F1_F1.txt
test\netdrive\1\2\3\4\dest\F0.txt -> t:\F0\F0.txt
test\netdrive\1\2\3\4\dest\F0_F1\F0_F1.txt -> t:\F0\F0_F1\F0_F1.txt
test\netdrive\1\2\3\4\dest\F0_F1\F0_F1_F1\F0_F1_F1.txt -> t:\F0\F0_F1\F0_F1_F1\F0_F1_F1.txt

E:\data\cpp\hardlinks\ln>echo.


E:\data\cpp\hardlinks\ln>REM

E:\data\cpp\hardlinks\ln>REM Straight forward Smart Copy/Clone 

E:\data\cpp\hardlinks\ln>REM

E:\data\cpp\hardlinks\ln>..\bin\X64\Release\ln.exe --automated_test   --symbolic --recursive t:\ test\netdrive\1\2\3\4\dest  1>sortout 


              Total    Copied    Linked   Skipped  Excluded    Failed
    Byte:     2.320         0     2.320         0         0         0
    File:         5         0         5         0         0         0
  Folder:         9         9         -         0         0         0
 Symlink:         0         -         0         0         0         0
+d E:\data\cpp\hardlinks\ln\test\netdrive\1\2\3\4\dest
+d E:\data\cpp\hardlinks\ln\test\netdrive\1\2\3\4\dest\F0
+d E:\data\cpp\hardlinks\ln\test\netdrive\1\2\3\4\dest\F0\F0_F1
+d E:\data\cpp\hardlinks\ln\test\netdrive\1\2\3\4\dest\F0\F0_F1\F0_F1_F0
+d E:\data\cpp\hardlinks\ln\test\netdrive\1\2\3\4\dest\F0\F0_F1\F0_F1_F1
+d E:\data\cpp\hardlinks\ln\test\netdrive\1\2\3\4\dest\F1
+d E:\data\cpp\hardlinks\ln\test\netdrive\1\2\3\4\dest\F1\F1_F0
+d E:\data\cpp\hardlinks\ln\test\netdrive\1\2\3\4\dest\F2
+d E:\data\cpp\hardlinks\ln\test\netdrive\1\2\3\4\dest\F3
+j E:\data\cpp\hardlinks\ln\test\netdrive\1\2\3\4\dest\F0\F0_F1\F0_F1_J2
+j E:\data\cpp\hardlinks\ln\test\netdrive\1\2\3\4\dest\F1\F1_F0\F1_F0_J0
+j E:\data\cpp\hardlinks\ln\test\netdrive\1\2\3\4\dest\F2\F2_J0
+j E:\data\cpp\hardlinks\ln\test\netdrive\1\2\3\4\dest\F3\F3_J0
+s E:\data\cpp\hardlinks\ln\test\netdrive\1\2\3\4\dest\F0\F0.txt
+s E:\data\cpp\hardlinks\ln\test\netdrive\1\2\3\4\dest\F0\F0_F1\F0_F1.txt
+s E:\data\cpp\hardlinks\ln\test\netdrive\1\2\3\4\dest\F0\F0_F1\F0_F1_F1\F0_F1_F1.txt
+s E:\data\cpp\hardlinks\ln\test\netdrive\1\2\3\4\dest\F1\F1.txt
+s E:\data\cpp\hardlinks\ln\test\netdrive\1\2\3\4\dest\F1\F1_F0\F1_F0.txt
Junction:         4         -         4         0         0         0
ErrorLevel == 0
E:\data\cpp\hardlinks\ln\test\netdrive\1\2\3\4\dest\F0\F0_F1\F0_F1_J2 -> E:\data\cpp\hardlinks\ln\test\netdrive\1\2\3\4\dest\F0\F0_F1\F0_F1_F1
E:\data\cpp\hardlinks\ln\test\netdrive\1\2\3\4\dest\F1\F1_F0\F1_F0_J0 -> E:\data\cpp\hardlinks\ln\test\netdrive\1\2\3\4\dest\F0\F0_F1
E:\data\cpp\hardlinks\ln\test\netdrive\1\2\3\4\dest\F2\F2_J0 -> E:\data\cpp\hardlinks\ln\test\netdrive\1\2\3\4\dest\F1
E:\data\cpp\hardlinks\ln\test\netdrive\1\2\3\4\dest\F3\F3_J0 -> E:\data\cpp\hardlinks\ln\test\netdrive\1\2\3\4\dest\F2
test\netdrive\1\2\3\4\dest\F0\F0.txt -> t:\F0\F0.txt
test\netdrive\1\2\3\4\dest\F0\F0_F1\F0_F1.txt -> t:\F0\F0_F1\F0_F1.txt
test\netdrive\1\2\3\4\dest\F0\F0_F1\F0_F1_F1\F0_F1_F1.txt -> t:\F0\F0_F1\F0_F1_F1\F0_F1_F1.txt
test\netdrive\1\2\3\4\dest\F1\F1.txt -> t:\F1\F1.txt
test\netdrive\1\2\3\4\dest\F1\F1_F0\F1_F0.txt -> t:\F1\F1_F0\F1_F0.txt

E:\data\cpp\hardlinks\ln>REM

E:\data\cpp\hardlinks\ln>REM Multiple sources are given for F0/ F3/, so unrolling is prevented,  

E:\data\cpp\hardlinks\ln>REM but to F1/ and F2/ unrolling is neccessary 

E:\data\cpp\hardlinks\ln>REM

E:\data\cpp\hardlinks\ln>..\bin\X64\Release\ln.exe --automated_test  --source t:\F0  --symbolic --recursive t:\F3 test\netdrive\1\2\3\4\dest  1>sortout 


              Total    Copied    Linked   Skipped  Excluded    Failed
    Byte:     1.392         0     1.392         0         0         0
    File:         3         0         3         0         0         0
  Folder:         5         4         -         0         0         0
 Symlink:         0         -         0         0         0         0
#j t:\F3\F3_J0
+d E:\data\cpp\hardlinks\ln\test\netdrive\1\2\3\4\dest
+d E:\data\cpp\hardlinks\ln\test\netdrive\1\2\3\4\dest\F0_F1
+d E:\data\cpp\hardlinks\ln\test\netdrive\1\2\3\4\dest\F0_F1\F0_F1_F0
+d E:\data\cpp\hardlinks\ln\test\netdrive\1\2\3\4\dest\F0_F1\F0_F1_F1
+j E:\data\cpp\hardlinks\ln\test\netdrive\1\2\3\4\dest\F0_F1\F0_F1_J2
+s E:\data\cpp\hardlinks\ln\test\netdrive\1\2\3\4\dest\F0.txt
+s E:\data\cpp\hardlinks\ln\test\netdrive\1\2\3\4\dest\F0_F1\F0_F1.txt
+s E:\data\cpp\hardlinks\ln\test\netdrive\1\2\3\4\dest\F0_F1\F0_F1_F1\F0_F1_F1.txt
Junction:         2         -         1         0         1         0
ErrorLevel == 0
ERROR: Source directory 'test\netdrive\1\2\3\4\dest\F3_J0\F2_J0\F1_F0\F1_F0_J0' does not exist
E:\data\cpp\hardlinks\ln\test\netdrive\1\2\3\4\dest\F0_F1\F0_F1_J2 -> E:\data\cpp\hardlinks\ln\test\netdrive\1\2\3\4\dest\F0_F1\F0_F1_F1
test\netdrive\1\2\3\4\dest\F0.txt -> t:\F0\F0.txt
test\netdrive\1\2\3\4\dest\F0_F1\F0_F1.txt -> t:\F0\F0_F1\F0_F1.txt
test\netdrive\1\2\3\4\dest\F0_F1\F0_F1_F1\F0_F1_F1.txt -> t:\F0\F0_F1\F0_F1_F1\F0_F1_F1.txt

E:\data\cpp\hardlinks\ln>echo.


E:\data\cpp\hardlinks\ln>REM

E:\data\cpp\hardlinks\ln>REM Straight forward Smart Copy/Clone 

E:\data\cpp\hardlinks\ln>REM

E:\data\cpp\hardlinks\ln>..\bin\X64\Release\ln.exe --automated_test --absolute --splice --symbolic --recursive t:\ test\netdrive\1\2\3\4\dest  1>sortout 


              Total    Copied    Linked   Skipped  Excluded    Failed
    Byte:     2.320         0     2.320         0         0         0
    File:         5         0         5         0         0         0
  Folder:         9         9         -         0         0         0
 Symlink:         6         -         6         0         0         0
+d E:\data\cpp\hardlinks\ln\test\netdrive\1\2\3\4\dest
+d E:\data\cpp\hardlinks\ln\test\netdrive\1\2\3\4\dest\F0
+d E:\data\cpp\hardlinks\ln\test\netdrive\1\2\3\4\dest\F0\F0_F1
+d E:\data\cpp\hardlinks\ln\test\netdrive\1\2\3\4\dest\F0\F0_F1\F0_F1_F0
+d E:\data\cpp\hardlinks\ln\test\netdrive\1\2\3\4\dest\F0\F0_F1\F0_F1_F1
+d E:\data\cpp\hardlinks\ln\test\netdrive\1\2\3\4\dest\F1
+d E:\data\cpp\hardlinks\ln\test\netdrive\1\2\3\4\dest\F1\F1_F0
+d E:\data\cpp\hardlinks\ln\test\netdrive\1\2\3\4\dest\F2
+d E:\data\cpp\hardlinks\ln\test\netdrive\1\2\3\4\dest\F3
+s E:\data\cpp\hardlinks\ln\test\netdrive\1\2\3\4\dest\F0\F0.txt
+s E:\data\cpp\hardlinks\ln\test\netdrive\1\2\3\4\dest\F0\F0_F1\F0_F1.txt
+s E:\data\cpp\hardlinks\ln\test\netdrive\1\2\3\4\dest\F0\F0_F1\F0_F1_F0\F0_F1_F0.syl
+s E:\data\cpp\hardlinks\ln\test\netdrive\1\2\3\4\dest\F0\F0_F1\F0_F1_F1\F0_F1_F1.txt
+s E:\data\cpp\hardlinks\ln\test\netdrive\1\2\3\4\dest\F0\F0_F1\F0_F1_J2
+s E:\data\cpp\hardlinks\ln\test\netdrive\1\2\3\4\dest\F1\F1.txt
+s E:\data\cpp\hardlinks\ln\test\netdrive\1\2\3\4\dest\F1\F1_F0\F1_F0.syl
+s E:\data\cpp\hardlinks\ln\test\netdrive\1\2\3\4\dest\F1\F1_F0\F1_F0.txt
+s E:\data\cpp\hardlinks\ln\test\netdrive\1\2\3\4\dest\F1\F1_F0\F1_F0_J0
+s E:\data\cpp\hardlinks\ln\test\netdrive\1\2\3\4\dest\F2\F2_J0
+s E:\data\cpp\hardlinks\ln\test\netdrive\1\2\3\4\dest\F3\F3_J0
Junction:         0         -         0         0         0         0
ErrorLevel == 0
test\netdrive\1\2\3\4\dest\F0\F0_F1\F0_F1_J2 -> E:\data\cpp\hardlinks\ln\test\netdrive\1\2\3\4\dest\F0\F0_F1\F0_F1_F1
test\netdrive\1\2\3\4\dest\F1\F1_F0\F1_F0_J0 -> E:\data\cpp\hardlinks\ln\test\netdrive\1\2\3\4\dest\F0\F0_F1
test\netdrive\1\2\3\4\dest\F2\F2_J0 -> E:\data\cpp\hardlinks\ln\test\netdrive\1\2\3\4\dest\F1
test\netdrive\1\2\3\4\dest\F3\F3_J0 -> E:\data\cpp\hardlinks\ln\test\netdrive\1\2\3\4\dest\F2
test\netdrive\1\2\3\4\dest\F1\F1_F0\F1_F0.syl -> E:\data\cpp\hardlinks\ln\test\netdrive\1\2\3\4\dest\F0\F0_F1\F0_F1.txt
test\netdrive\1\2\3\4\dest\F0\F0_F1\F0_F1_F0\F0_F1_F0.syl -> E:\data\cpp\hardlinks\ln\test\netdrive\1\2\3\4\dest\F0\F0_F1\F0_F1_F1\F0_F1_F1.txt
test\netdrive\1\2\3\4\dest\F0\F0.txt -> t:\F0\F0.txt
test\netdrive\1\2\3\4\dest\F0\F0_F1\F0_F1.txt -> t:\F0\F0_F1\F0_F1.txt
test\netdrive\1\2\3\4\dest\F0\F0_F1\F0_F1_F1\F0_F1_F1.txt -> t:\F0\F0_F1\F0_F1_F1\F0_F1_F1.txt
test\netdrive\1\2\3\4\dest\F1\F1.txt -> t:\F1\F1.txt
test\netdrive\1\2\3\4\dest\F1\F1_F0\F1_F0.txt -> t:\F1\F1_F0\F1_F0.txt

E:\data\cpp\hardlinks\ln>REM

E:\data\cpp\hardlinks\ln>REM Multiple sources are given for F0/ F3/, so unrolling is prevented,  

E:\data\cpp\hardlinks\ln>REM but to F1/ and F2/ unrolling is neccessary 

E:\data\cpp\hardlinks\ln>REM

E:\data\cpp\hardlinks\ln>..\bin\X64\Release\ln.exe --automated_test --absolute --source t:\F0 --splice --symbolic --recursive t:\F3 test\netdrive\1\2\3\4\dest  1>sortout 


              Total    Copied    Linked   Skipped  Excluded    Failed
    Byte:     1.392         0     1.392         0         0         0
    File:         3         0         3         0         0         0
  Folder:         5         4         -         0         0         0
 Symlink:         3         -         3         0         0         0
+d E:\data\cpp\hardlinks\ln\test\netdrive\1\2\3\4\dest
+d E:\data\cpp\hardlinks\ln\test\netdrive\1\2\3\4\dest\F0_F1
+d E:\data\cpp\hardlinks\ln\test\netdrive\1\2\3\4\dest\F0_F1\F0_F1_F0
+d E:\data\cpp\hardlinks\ln\test\netdrive\1\2\3\4\dest\F0_F1\F0_F1_F1
+s E:\data\cpp\hardlinks\ln\test\netdrive\1\2\3\4\dest\F0.txt
+s E:\data\cpp\hardlinks\ln\test\netdrive\1\2\3\4\dest\F0_F1\F0_F1.txt
+s E:\data\cpp\hardlinks\ln\test\netdrive\1\2\3\4\dest\F0_F1\F0_F1_F0\F0_F1_F0.syl
+s E:\data\cpp\hardlinks\ln\test\netdrive\1\2\3\4\dest\F0_F1\F0_F1_F1\F0_F1_F1.txt
+s E:\data\cpp\hardlinks\ln\test\netdrive\1\2\3\4\dest\F0_F1\F0_F1_J2
+s E:\data\cpp\hardlinks\ln\test\netdrive\1\2\3\4\dest\F3_J0
Junction:         0         -         0         0         0         0
ErrorLevel == 0
test\netdrive\1\2\3\4\dest\F3_J0 -> t:\F2
test\netdrive\1\2\3\4\dest\F0_F1\F0_F1_J2 -> E:\data\cpp\hardlinks\ln\test\netdrive\1\2\3\4\dest\F0_F1\F0_F1_F1
test\netdrive\1\2\3\4\dest\F0_F1\F0_F1_F0\F0_F1_F0.syl -> E:\data\cpp\hardlinks\ln\test\netdrive\1\2\3\4\dest\F0_F1\F0_F1_F1\F0_F1_F1.txt
test\netdrive\1\2\3\4\dest\F0.txt -> t:\F0\F0.txt
test\netdrive\1\2\3\4\dest\F0_F1\F0_F1.txt -> t:\F0\F0_F1\F0_F1.txt
test\netdrive\1\2\3\4\dest\F0_F1\F0_F1_F1\F0_F1_F1.txt -> t:\F0\F0_F1\F0_F1_F1\F0_F1_F1.txt

E:\data\cpp\hardlinks\ln>echo.


E:\data\cpp\hardlinks\ln>REM

E:\data\cpp\hardlinks\ln>REM Straight forward Smart Copy/Clone 

E:\data\cpp\hardlinks\ln>REM

E:\data\cpp\hardlinks\ln>..\bin\X64\Release\ln.exe --automated_test  --splice --symbolic --recursive t:\ test\netdrive\1\2\3\4\dest  1>sortout 


              Total    Copied    Linked   Skipped  Excluded    Failed
    Byte:     2.320         0     2.320         0         0         0
    File:         5         0         5         0         0         0
  Folder:         9         9         -         0         0         0
 Symlink:         6         -         6         0         0         0
+d E:\data\cpp\hardlinks\ln\test\netdrive\1\2\3\4\dest
+d E:\data\cpp\hardlinks\ln\test\netdrive\1\2\3\4\dest\F0
+d E:\data\cpp\hardlinks\ln\test\netdrive\1\2\3\4\dest\F0\F0_F1
+d E:\data\cpp\hardlinks\ln\test\netdrive\1\2\3\4\dest\F0\F0_F1\F0_F1_F0
+d E:\data\cpp\hardlinks\ln\test\netdrive\1\2\3\4\dest\F0\F0_F1\F0_F1_F1
+d E:\data\cpp\hardlinks\ln\test\netdrive\1\2\3\4\dest\F1
+d E:\data\cpp\hardlinks\ln\test\netdrive\1\2\3\4\dest\F1\F1_F0
+d E:\data\cpp\hardlinks\ln\test\netdrive\1\2\3\4\dest\F2
+d E:\data\cpp\hardlinks\ln\test\netdrive\1\2\3\4\dest\F3
+s E:\data\cpp\hardlinks\ln\test\netdrive\1\2\3\4\dest\F0\F0.txt
+s E:\data\cpp\hardlinks\ln\test\netdrive\1\2\3\4\dest\F0\F0_F1\F0_F1.txt
+s E:\data\cpp\hardlinks\ln\test\netdrive\1\2\3\4\dest\F0\F0_F1\F0_F1_F0\F0_F1_F0.syl
+s E:\data\cpp\hardlinks\ln\test\netdrive\1\2\3\4\dest\F0\F0_F1\F0_F1_F1\F0_F1_F1.txt
+s E:\data\cpp\hardlinks\ln\test\netdrive\1\2\3\4\dest\F0\F0_F1\F0_F1_J2
+s E:\data\cpp\hardlinks\ln\test\netdrive\1\2\3\4\dest\F1\F1.txt
+s E:\data\cpp\hardlinks\ln\test\netdrive\1\2\3\4\dest\F1\F1_F0\F1_F0.syl
+s E:\data\cpp\hardlinks\ln\test\netdrive\1\2\3\4\dest\F1\F1_F0\F1_F0.txt
+s E:\data\cpp\hardlinks\ln\test\netdrive\1\2\3\4\dest\F1\F1_F0\F1_F0_J0
+s E:\data\cpp\hardlinks\ln\test\netdrive\1\2\3\4\dest\F2\F2_J0
+s E:\data\cpp\hardlinks\ln\test\netdrive\1\2\3\4\dest\F3\F3_J0
Junction:         0         -         0         0         0         0
ErrorLevel == 0
test\netdrive\1\2\3\4\dest\F0\F0_F1\F0_F1_J2 -> F0_F1_F1
test\netdrive\1\2\3\4\dest\F1\F1_F0\F1_F0_J0 -> ..\..\F0\F0_F1
test\netdrive\1\2\3\4\dest\F2\F2_J0 -> ..\F1
test\netdrive\1\2\3\4\dest\F3\F3_J0 -> ..\F2
test\netdrive\1\2\3\4\dest\F1\F1_F0\F1_F0.syl -> ..\..\F0\F0_F1\F0_F1.txt
test\netdrive\1\2\3\4\dest\F0\F0_F1\F0_F1_F0\F0_F1_F0.syl -> ..\F0_F1_F1\F0_F1_F1.txt
test\netdrive\1\2\3\4\dest\F0\F0.txt -> t:\F0\F0.txt
test\netdrive\1\2\3\4\dest\F0\F0_F1\F0_F1.txt -> t:\F0\F0_F1\F0_F1.txt
test\netdrive\1\2\3\4\dest\F0\F0_F1\F0_F1_F1\F0_F1_F1.txt -> t:\F0\F0_F1\F0_F1_F1\F0_F1_F1.txt
test\netdrive\1\2\3\4\dest\F1\F1.txt -> t:\F1\F1.txt
test\netdrive\1\2\3\4\dest\F1\F1_F0\F1_F0.txt -> t:\F1\F1_F0\F1_F0.txt

E:\data\cpp\hardlinks\ln>REM

E:\data\cpp\hardlinks\ln>REM Multiple sources are given for F0/ F3/, so unrolling is prevented,  

E:\data\cpp\hardlinks\ln>REM but to F1/ and F2/ unrolling is neccessary 

E:\data\cpp\hardlinks\ln>REM

E:\data\cpp\hardlinks\ln>..\bin\X64\Release\ln.exe --automated_test  --source t:\F0 --splice --symbolic --recursive t:\F3 test\netdrive\1\2\3\4\dest  1>sortout 


              Total    Copied    Linked   Skipped  Excluded    Failed
    Byte:     1.392         0     1.392         0         0         0
    File:         3         0         3         0         0         0
  Folder:         5         4         -         0         0         0
 Symlink:         3         -         3         0         0         0
+d E:\data\cpp\hardlinks\ln\test\netdrive\1\2\3\4\dest
+d E:\data\cpp\hardlinks\ln\test\netdrive\1\2\3\4\dest\F0_F1
+d E:\data\cpp\hardlinks\ln\test\netdrive\1\2\3\4\dest\F0_F1\F0_F1_F0
+d E:\data\cpp\hardlinks\ln\test\netdrive\1\2\3\4\dest\F0_F1\F0_F1_F1
+s E:\data\cpp\hardlinks\ln\test\netdrive\1\2\3\4\dest\F0.txt
+s E:\data\cpp\hardlinks\ln\test\netdrive\1\2\3\4\dest\F0_F1\F0_F1.txt
+s E:\data\cpp\hardlinks\ln\test\netdrive\1\2\3\4\dest\F0_F1\F0_F1_F0\F0_F1_F0.syl
+s E:\data\cpp\hardlinks\ln\test\netdrive\1\2\3\4\dest\F0_F1\F0_F1_F1\F0_F1_F1.txt
+s E:\data\cpp\hardlinks\ln\test\netdrive\1\2\3\4\dest\F0_F1\F0_F1_J2
+s E:\data\cpp\hardlinks\ln\test\netdrive\1\2\3\4\dest\F3_J0
Junction:         0         -         0         0         0         0
ErrorLevel == 0
test\netdrive\1\2\3\4\dest\F3_J0 -> t:\F2
test\netdrive\1\2\3\4\dest\F0_F1\F0_F1_J2 -> F0_F1_F1
test\netdrive\1\2\3\4\dest\F0_F1\F0_F1_F0\F0_F1_F0.syl -> ..\F0_F1_F1\F0_F1_F1.txt
test\netdrive\1\2\3\4\dest\F0.txt -> t:\F0\F0.txt
test\netdrive\1\2\3\4\dest\F0_F1\F0_F1.txt -> t:\F0\F0_F1\F0_F1.txt
test\netdrive\1\2\3\4\dest\F0_F1\F0_F1_F1\F0_F1_F1.txt -> t:\F0\F0_F1\F0_F1_F1\F0_F1_F1.txt

E:\data\cpp\hardlinks\ln>echo.


E:\data\cpp\hardlinks\ln>REM

E:\data\cpp\hardlinks\ln>REM Straight forward Smart Copy/Clone 

E:\data\cpp\hardlinks\ln>REM

E:\data\cpp\hardlinks\ln>..\bin\X64\Release\ln.exe --automated_test  --splice --symbolic --recursive t:\ test\netdrive\1\2\3\4\dest  1>sortout 


              Total    Copied    Linked   Skipped  Excluded    Failed
    Byte:     2.320         0     2.320         0         0         0
    File:         5         0         5         0         0         0
  Folder:         9         9         -         0         0         0
 Symlink:         0         -         0         0         0         0
+d E:\data\cpp\hardlinks\ln\test\netdrive\1\2\3\4\dest
+d E:\data\cpp\hardlinks\ln\test\netdrive\1\2\3\4\dest\F0
+d E:\data\cpp\hardlinks\ln\test\netdrive\1\2\3\4\dest\F0\F0_F1
+d E:\data\cpp\hardlinks\ln\test\netdrive\1\2\3\4\dest\F0\F0_F1\F0_F1_F0
+d E:\data\cpp\hardlinks\ln\test\netdrive\1\2\3\4\dest\F0\F0_F1\F0_F1_F1
+d E:\data\cpp\hardlinks\ln\test\netdrive\1\2\3\4\dest\F1
+d E:\data\cpp\hardlinks\ln\test\netdrive\1\2\3\4\dest\F1\F1_F0
+d E:\data\cpp\hardlinks\ln\test\netdrive\1\2\3\4\dest\F2
+d E:\data\cpp\hardlinks\ln\test\netdrive\1\2\3\4\dest\F3
+j E:\data\cpp\hardlinks\ln\test\netdrive\1\2\3\4\dest\F0\F0_F1\F0_F1_J2
+j E:\data\cpp\hardlinks\ln\test\netdrive\1\2\3\4\dest\F1\F1_F0\F1_F0_J0
+j E:\data\cpp\hardlinks\ln\test\netdrive\1\2\3\4\dest\F2\F2_J0
+j E:\data\cpp\hardlinks\ln\test\netdrive\1\2\3\4\dest\F3\F3_J0
+s E:\data\cpp\hardlinks\ln\test\netdrive\1\2\3\4\dest\F0\F0.txt
+s E:\data\cpp\hardlinks\ln\test\netdrive\1\2\3\4\dest\F0\F0_F1\F0_F1.txt
+s E:\data\cpp\hardlinks\ln\test\netdrive\1\2\3\4\dest\F0\F0_F1\F0_F1_F1\F0_F1_F1.txt
+s E:\data\cpp\hardlinks\ln\test\netdrive\1\2\3\4\dest\F1\F1.txt
+s E:\data\cpp\hardlinks\ln\test\netdrive\1\2\3\4\dest\F1\F1_F0\F1_F0.txt
Junction:         4         -         4         0         0         0
ErrorLevel == 0
E:\data\cpp\hardlinks\ln\test\netdrive\1\2\3\4\dest\F0\F0_F1\F0_F1_J2 -> E:\data\cpp\hardlinks\ln\test\netdrive\1\2\3\4\dest\F0\F0_F1\F0_F1_F1
E:\data\cpp\hardlinks\ln\test\netdrive\1\2\3\4\dest\F1\F1_F0\F1_F0_J0 -> E:\data\cpp\hardlinks\ln\test\netdrive\1\2\3\4\dest\F0\F0_F1
E:\data\cpp\hardlinks\ln\test\netdrive\1\2\3\4\dest\F2\F2_J0 -> E:\data\cpp\hardlinks\ln\test\netdrive\1\2\3\4\dest\F1
E:\data\cpp\hardlinks\ln\test\netdrive\1\2\3\4\dest\F3\F3_J0 -> E:\data\cpp\hardlinks\ln\test\netdrive\1\2\3\4\dest\F2
test\netdrive\1\2\3\4\dest\F0\F0.txt -> t:\F0\F0.txt
test\netdrive\1\2\3\4\dest\F0\F0_F1\F0_F1.txt -> t:\F0\F0_F1\F0_F1.txt
test\netdrive\1\2\3\4\dest\F0\F0_F1\F0_F1_F1\F0_F1_F1.txt -> t:\F0\F0_F1\F0_F1_F1\F0_F1_F1.txt
test\netdrive\1\2\3\4\dest\F1\F1.txt -> t:\F1\F1.txt
test\netdrive\1\2\3\4\dest\F1\F1_F0\F1_F0.txt -> t:\F1\F1_F0\F1_F0.txt

E:\data\cpp\hardlinks\ln>REM

E:\data\cpp\hardlinks\ln>REM Multiple sources are given for F0/ F3/, so unrolling is prevented,  

E:\data\cpp\hardlinks\ln>REM but to F1/ and F2/ unrolling is neccessary 

E:\data\cpp\hardlinks\ln>REM

E:\data\cpp\hardlinks\ln>..\bin\X64\Release\ln.exe --automated_test  --source t:\F0 --splice --symbolic --recursive t:\F3 test\netdrive\1\2\3\4\dest  1>sortout 


              Total    Copied    Linked   Skipped  Excluded    Failed
    Byte:     1.392         0     1.392         0         0         0
    File:         3         0         3         0         0         0
  Folder:         5         4         -         0         0         0
 Symlink:         0         -         0         0         0         0
+d E:\data\cpp\hardlinks\ln\test\netdrive\1\2\3\4\dest
+d E:\data\cpp\hardlinks\ln\test\netdrive\1\2\3\4\dest\F0_F1
+d E:\data\cpp\hardlinks\ln\test\netdrive\1\2\3\4\dest\F0_F1\F0_F1_F0
+d E:\data\cpp\hardlinks\ln\test\netdrive\1\2\3\4\dest\F0_F1\F0_F1_F1
+j E:\data\cpp\hardlinks\ln\test\netdrive\1\2\3\4\dest\F0_F1\F0_F1_J2
+j E:\data\cpp\hardlinks\ln\test\netdrive\1\2\3\4\dest\F3_J0
+s E:\data\cpp\hardlinks\ln\test\netdrive\1\2\3\4\dest\F0.txt
+s E:\data\cpp\hardlinks\ln\test\netdrive\1\2\3\4\dest\F0_F1\F0_F1.txt
+s E:\data\cpp\hardlinks\ln\test\netdrive\1\2\3\4\dest\F0_F1\F0_F1_F1\F0_F1_F1.txt
Junction:         2         -         2         0         0         0
ErrorLevel == 0
E:\data\cpp\hardlinks\ln\test\netdrive\1\2\3\4\dest\F3_J0 -> E:\data\cpp\hardlinks\ln\test\netdrive\source\F2
E:\data\cpp\hardlinks\ln\test\netdrive\1\2\3\4\dest\F0_F1\F0_F1_J2 -> E:\data\cpp\hardlinks\ln\test\netdrive\1\2\3\4\dest\F0_F1\F0_F1_F1
test\netdrive\1\2\3\4\dest\F0.txt -> t:\F0\F0.txt
test\netdrive\1\2\3\4\dest\F0_F1\F0_F1.txt -> t:\F0\F0_F1\F0_F1.txt
test\netdrive\1\2\3\4\dest\F0_F1\F0_F1_F1\F0_F1_F1.txt -> t:\F0\F0_F1\F0_F1_F1\F0_F1_F1.txt
