Press any key to continue . . . 

D:\data\cpp\hardlinks\ln>REM

D:\data\cpp\hardlinks\ln>REM Do the copy 

D:\data\cpp\hardlinks\ln>REM

D:\data\cpp\hardlinks\ln>..\bin\X64\Release\ln.exe --automated_test --splice  -X "System*" --copy test\RootReparse\src "test\RootReparse\dst"   1>sortout 


                      Overall
              Total    Copied    Linked   Skipped  Excluded    Failed
    Byte:       812       812         0         0         0         0
    File:         2         2         0         0         0         0
   Times:        00:00:00.002
  Folder:         3         3         -         0         0         0
 Symlink:         2         -         2         0         0         0
+d D:\data\cpp\hardlinks\ln\test\RootReparse\dst
+d D:\data\cpp\hardlinks\ln\test\RootReparse\dst\PA_F1
+d D:\data\cpp\hardlinks\ln\test\RootReparse\dst\PA_F3
+f D:\data\cpp\hardlinks\ln\test\RootReparse\dst\PA_F1\PA_F1.txt
+f D:\data\cpp\hardlinks\ln\test\RootReparse\dst\PA_F3\PA_F3.txt
+s D:\data\cpp\hardlinks\ln\test\RootReparse\dst\PA_F1\PA_F1.syl
+s D:\data\cpp\hardlinks\ln\test\RootReparse\dst\PA_J2
Junction:         0         -         0         0         0         0
ErrorLevel == 0

D:\data\cpp\hardlinks\ln>REM  

D:\data\cpp\hardlinks\ln>REM Do a few checks 

D:\data\cpp\hardlinks\ln>REM
test\RootReparse\dst\PA_J2 -> t:\
test\RootReparse\dst\PA_F1\PA_F1.syl -> t:\RD.txt
ErrorLevel == 0

D:\data\cpp\hardlinks\ln>dir /ad /s /b test\RootReparse\dst   | sort
D:\data\cpp\hardlinks\ln\test\RootReparse\dst\PA_F1
D:\data\cpp\hardlinks\ln\test\RootReparse\dst\PA_F3
D:\data\cpp\hardlinks\ln\test\RootReparse\dst\PA_J2
D:\data\cpp\hardlinks\ln\test\RootReparse\dst\PA_J2\RD_F1
D:\data\cpp\hardlinks\ln\test\RootReparse\dst\PA_J2\RD_F3
D:\data\cpp\hardlinks\ln\test\RootReparse\dst\PA_J2\RD_F3\RD_F3_F0
D:\data\cpp\hardlinks\ln\test\RootReparse\dst\PA_J2\RD_F3\RD_F3_J1
D:\data\cpp\hardlinks\ln\test\RootReparse\dst\PA_J2\RD_J2
D:\data\cpp\hardlinks\ln\test\RootReparse\dst\PA_J2\System Volume Information

D:\data\cpp\hardlinks\ln>REM  

D:\data\cpp\hardlinks\ln>REM Double File ID Test 

D:\data\cpp\hardlinks\ln>REM

D:\data\cpp\hardlinks\ln>REM

D:\data\cpp\hardlinks\ln>REM Do it 

D:\data\cpp\hardlinks\ln>REM

D:\data\cpp\hardlinks\ln>..\bin\X64\Release\ln.exe --automated_test --splice  -X "System*" --copy q:\ test\RootReparse\dst   1>sortout 


                      Overall
              Total    Copied    Linked   Skipped  Excluded    Failed
    Byte:   187.054   187.054         0         0         0         0
    File:        86        86         0         0         0         0
   Times:        00:00:00.002
  Folder:         5         4         -         0         1         0
 Symlink:         0         -         0         0         0         0
~d q:\System Volume Information
+d D:\data\cpp\hardlinks\ln\test\RootReparse\dst
+d D:\data\cpp\hardlinks\ln\test\RootReparse\dst\$RECYCLE.BIN
+d D:\data\cpp\hardlinks\ln\test\RootReparse\dst\$RECYCLE.BIN\S-1-5-21-1084424890-2988666912-3776869778-1000
+d D:\data\cpp\hardlinks\ln\test\RootReparse\dst\dir1
+f D:\data\cpp\hardlinks\ln\test\RootReparse\dst\$RECYCLE.BIN\S-1-5-21-1084424890-2988666912-3776869778-1000\desktop.ini
+f D:\data\cpp\hardlinks\ln\test\RootReparse\dst\dir1\addtagl.png
+f D:\data\cpp\hardlinks\ln\test\RootReparse\dst\dir1\addtags.png
+f D:\data\cpp\hardlinks\ln\test\RootReparse\dst\dir1\cdrom.png
+f D:\data\cpp\hardlinks\ln\test\RootReparse\dst\dir1\closedhand22.png
+f D:\data\cpp\hardlinks\ln\test\RootReparse\dst\dir1\crop16.png
+f D:\data\cpp\hardlinks\ln\test\RootReparse\dst\dir1\crop22.png
+f D:\data\cpp\hardlinks\ln\test\RootReparse\dst\dir1\deltagl.png
+f D:\data\cpp\hardlinks\ln\test\RootReparse\dst\dir1\deltags.png
+f D:\data\cpp\hardlinks\ln\test\RootReparse\dst\dir1\deltags.pp2
+f D:\data\cpp\hardlinks\ln\test\RootReparse\dst\dir1\down.png
+f D:\data\cpp\hardlinks\ln\test\RootReparse\dst\dir1\edited.png
+f D:\data\cpp\hardlinks\ln\test\RootReparse\dst\dir1\fileopen.png
+f D:\data\cpp\hardlinks\ln\test\RootReparse\dst\dir1\filesave.png
+f D:\data\cpp\hardlinks\ln\test\RootReparse\dst\dir1\filter.png
+f D:\data\cpp\hardlinks\ln\test\RootReparse\dst\dir1\flame22.png
+f D:\data\cpp\hardlinks\ln\test\RootReparse\dst\dir1\floppy.png
+f D:\data\cpp\hardlinks\ln\test\RootReparse\dst\dir1\folder.png
+f D:\data\cpp\hardlinks\ln\test\RootReparse\dst\dir1\folder_open.png
+f D:\data\cpp\hardlinks\ln\test\RootReparse\dst\dir1\folder_open_r.png
+f D:\data\cpp\hardlinks\ln\test\RootReparse\dst\dir1\folder_orange.png
+f D:\data\cpp\hardlinks\ln\test\RootReparse\dst\dir1\folder_orange_open.png
+f D:\data\cpp\hardlinks\ln\test\RootReparse\dst\dir1\folder_r.png
+f D:\data\cpp\hardlinks\ln\test\RootReparse\dst\dir1\gimp.png
+f D:\data\cpp\hardlinks\ln\test\RootReparse\dst\dir1\grayrated.png
+f D:\data\cpp\hardlinks\ln\test\RootReparse\dst\dir1\green.png
+f D:\data\cpp\hardlinks\ln\test\RootReparse\dst\dir1\gtk-close.png
+f D:\data\cpp\hardlinks\ln\test\RootReparse\dst\dir1\gtk-undo-ltr-big.png
+f D:\data\cpp\hardlinks\ln\test\RootReparse\dst\dir1\gtk-undo-ltr.png
+f D:\data\cpp\hardlinks\ln\test\RootReparse\dst\dir1\gtk-zoom-100.png
+f D:\data\cpp\hardlinks\ln\test\RootReparse\dst\dir1\gtk-zoom-fit.png
+f D:\data\cpp\hardlinks\ln\test\RootReparse\dst\dir1\gtk-zoom-in.png
+f D:\data\cpp\hardlinks\ln\test\RootReparse\dst\dir1\gtk-zoom-out.png
+f D:\data\cpp\hardlinks\ln\test\RootReparse\dst\dir1\hdd.png
+f D:\data\cpp\hardlinks\ln\test\RootReparse\dst\dir1\head.png
+f D:\data\cpp\hardlinks\ln\test\RootReparse\dst\dir1\horizontal.png
+f D:\data\cpp\hardlinks\ln\test\RootReparse\dst\dir1\horizontals.png
+f D:\data\cpp\hardlinks\ln\test\RootReparse\dst\dir1\icon-gears.png
+f D:\data\cpp\hardlinks\ln\test\RootReparse\dst\dir1\info.png
+f D:\data\cpp\hardlinks\ln\test\RootReparse\dst\dir1\left.png
+f D:\data\cpp\hardlinks\ln\test\RootReparse\dst\dir1\list-add.png
+f D:\data\cpp\hardlinks\ln\test\RootReparse\dst\dir1\list-add12.png
+f D:\data\cpp\hardlinks\ln\test\RootReparse\dst\dir1\list-remove.png
+f D:\data\cpp\hardlinks\ln\test\RootReparse\dst\dir1\list-remove12r.png
+f D:\data\cpp\hardlinks\ln\test\RootReparse\dst\dir1\logoicon16.png
+f D:\data\cpp\hardlinks\ln\test\RootReparse\dst\dir1\logoicon16b.png
+f D:\data\cpp\hardlinks\ln\test\RootReparse\dst\dir1\logoicon32.png
+f D:\data\cpp\hardlinks\ln\test\RootReparse\dst\dir1\network.png
+f D:\data\cpp\hardlinks\ln\test\RootReparse\dst\dir1\notrated.png
+f D:\data\cpp\hardlinks\ln\test\RootReparse\dst\dir1\openhand.png
+f D:\data\cpp\hardlinks\ln\test\RootReparse\dst\dir1\openhand22.png
+f D:\data\cpp\hardlinks\ln\test\RootReparse\dst\dir1\processing.png
+f D:\data\cpp\hardlinks\ln\test\RootReparse\dst\dir1\rated.png
+f D:\data\cpp\hardlinks\ln\test\RootReparse\dst\dir1\red.png
+f D:\data\cpp\hardlinks\ln\test\RootReparse\dst\dir1\resize.png
+f D:\data\cpp\hardlinks\ln\test\RootReparse\dst\dir1\saved.png
+f D:\data\cpp\hardlinks\ln\test\RootReparse\dst\dir1\splash.png
+f D:\data\cpp\hardlinks\ln\test\RootReparse\dst\dir1\stock-color-picker-gray-18.png
+f D:\data\cpp\hardlinks\ln\test\RootReparse\dst\dir1\stock-flip-horizontal-16.png
+f D:\data\cpp\hardlinks\ln\test\RootReparse\dst\dir1\stock-flip-vertical-16.png
+f D:\data\cpp\hardlinks\ln\test\RootReparse\dst\dir1\stock-resize-16.png
+f D:\data\cpp\hardlinks\ln\test\RootReparse\dst\dir1\stock-rotate-270-16.png
+f D:\data\cpp\hardlinks\ln\test\RootReparse\dst\dir1\stock-rotate-90-16.png
+f D:\data\cpp\hardlinks\ln\test\RootReparse\dst\dir1\stock-tool-color-picker-22.png
+f D:\data\cpp\hardlinks\ln\test\RootReparse\dst\dir1\stock-tool-crop-16.png
+f D:\data\cpp\hardlinks\ln\test\RootReparse\dst\dir1\stock-tool-crop-22.png
+f D:\data\cpp\hardlinks\ln\test\RootReparse\dst\dir1\stock_clear_24.png
+f D:\data\cpp\hardlinks\ln\test\RootReparse\dst\dir1\stock_down_arrow_24.png
+f D:\data\cpp\hardlinks\ln\test\RootReparse\dst\dir1\stock_left_arrow_24.png
+f D:\data\cpp\hardlinks\ln\test\RootReparse\dst\dir1\stock_right_arrow_24.png
+f D:\data\cpp\hardlinks\ln\test\RootReparse\dst\dir1\stock_up_arrow_24.png
+f D:\data\cpp\hardlinks\ln\test\RootReparse\dst\dir1\straighten16.png
+f D:\data\cpp\hardlinks\ln\test\RootReparse\dst\dir1\straighten22.png
+f D:\data\cpp\hardlinks\ln\test\RootReparse\dst\dir1\tail.png
+f D:\data\cpp\hardlinks\ln\test\RootReparse\dst\dir1\trash.png
+f D:\data\cpp\hardlinks\ln\test\RootReparse\dst\dir1\undelete.png
+f D:\data\cpp\hardlinks\ln\test\RootReparse\dst\dir1\undo.png
+f D:\data\cpp\hardlinks\ln\test\RootReparse\dst\dir1\unrated.png
+f D:\data\cpp\hardlinks\ln\test\RootReparse\dst\dir1\usbpendrive.png
+f D:\data\cpp\hardlinks\ln\test\RootReparse\dst\dir1\vertical.png
+f D:\data\cpp\hardlinks\ln\test\RootReparse\dst\dir1\verticals.png
+f D:\data\cpp\hardlinks\ln\test\RootReparse\dst\dir1\warnhl.png
+f D:\data\cpp\hardlinks\ln\test\RootReparse\dst\dir1\warnsh.png
+f D:\data\cpp\hardlinks\ln\test\RootReparse\dst\dir1\wb22.png
+f D:\data\cpp\hardlinks\ln\test\RootReparse\dst\dir1\wbpicker16.png
+f D:\data\cpp\hardlinks\ln\test\RootReparse\dst\dir1\wbpicker22.png
+j D:\data\cpp\hardlinks\ln\test\RootReparse\dst\JunctionToPTestjunction
Junction:         1         -         1         0         0         0
ErrorLevel == 0
D:\data\cpp\hardlinks\ln\test\RootReparse\dst\JunctionToPTestjunction -> P:\Testjunction

D:\data\cpp\hardlinks\ln>REM

D:\data\cpp\hardlinks\ln>REM Do it 

D:\data\cpp\hardlinks\ln>REM

D:\data\cpp\hardlinks\ln>..\bin\X64\Release\ln.exe --automated_test --splice  -X "System*" --copy test\RootReparse\src "test\RootReparse\dst"   1>sortout 


                      Overall
              Total    Copied    Linked   Skipped  Excluded    Failed
    Byte:         0         0         0         0         0         0
    File:         0         0         0         0         0         0
   Times:        00:00:00.002
  Folder:         1         1         -         0         0         0
 Symlink:         1         -         1         0         0         0
+d D:\data\cpp\hardlinks\ln\test\RootReparse\dst
+s D:\data\cpp\hardlinks\ln\test\RootReparse\dst\J0
Junction:         0         -         0         0         0         0
ErrorLevel == 0
test\RootReparse\dst\J0 -> t:\

D:\data\cpp\hardlinks\ln>..\Tools\where.exe *.* test\RootReparse\dst   | sort
10 matching file(s) found, using 3666 bytes.
D:\data\cpp\hardlinks\ln\test\RootReparse\dst\J0\F0\RD00.txt
D:\data\cpp\hardlinks\ln\test\RootReparse\dst\J0\F0\RD01.txt
D:\data\cpp\hardlinks\ln\test\RootReparse\dst\J0\F0\RD02.txt
D:\data\cpp\hardlinks\ln\test\RootReparse\dst\J0\F1\RD00.txt
D:\data\cpp\hardlinks\ln\test\RootReparse\dst\J0\F1\RD01.txt
D:\data\cpp\hardlinks\ln\test\RootReparse\dst\J0\F1\RD02.txt
D:\data\cpp\hardlinks\ln\test\RootReparse\dst\J0\RD00.txt
D:\data\cpp\hardlinks\ln\test\RootReparse\dst\J0\RD01.txt
D:\data\cpp\hardlinks\ln\test\RootReparse\dst\J0\RD02.txt
D:\data\cpp\hardlinks\ln\test\RootReparse\dst\J0\System Volume Information\WPSettings.dat

D:\data\cpp\hardlinks\ln>REM

D:\data\cpp\hardlinks\ln>REM Do it 

D:\data\cpp\hardlinks\ln>REM

D:\data\cpp\hardlinks\ln>..\bin\X64\Release\ln.exe --automated_test --splice  -X "System*" --copy test\RootReparse\src test\RootReparse\dst   1>sortout 


                      Overall
              Total    Copied    Linked   Skipped  Excluded    Failed
    Byte:         0         0         0         0         0         0
    File:         0         0         0         0         0         0
   Times:        00:00:00.002
  Folder:         1         1         -         0         0         0
 Symlink:         2         -         2         0         0         0
+d D:\data\cpp\hardlinks\ln\test\RootReparse\dst
+s D:\data\cpp\hardlinks\ln\test\RootReparse\dst\J0
+s D:\data\cpp\hardlinks\ln\test\RootReparse\dst\J1
Junction:         0         -         0         0         0         0
ErrorLevel == 0
test\RootReparse\dst\J0 -> t:\F0
test\RootReparse\dst\J1 -> t:\F1

D:\data\cpp\hardlinks\ln>..\Tools\where.exe *.* test\RootReparse\dst   | sort
8 matching file(s) found, using 3248 bytes.
D:\data\cpp\hardlinks\ln\test\RootReparse\dst\J0\F0_F0\RD_F0_F0.txt
D:\data\cpp\hardlinks\ln\test\RootReparse\dst\J0\RD00.txt
D:\data\cpp\hardlinks\ln\test\RootReparse\dst\J0\RD01.txt
D:\data\cpp\hardlinks\ln\test\RootReparse\dst\J0\RD02.txt
D:\data\cpp\hardlinks\ln\test\RootReparse\dst\J1\F1_F0\RD_F1_F0.txt
D:\data\cpp\hardlinks\ln\test\RootReparse\dst\J1\RD00.txt
D:\data\cpp\hardlinks\ln\test\RootReparse\dst\J1\RD01.txt
D:\data\cpp\hardlinks\ln\test\RootReparse\dst\J1\RD02.txt

D:\data\cpp\hardlinks\ln>..\bin\X64\Release\ln.exe --automated_test --splice  -X "System*" --delorean test\RootReparse\src test\RootReparse\dst test\RootReparse\bkp  1>sortout 


                      Overall               Clone              Mirror
              Total    Copied    Linked   Skipped   Removed  Excluded    Failed
    Byte:         0         0         0         0         0         0         0
    File:         0         0         0         0         0         0         0
   Times:        00:00:00.002        00:00:00.007        00:00:00.034
  Folder:         1         0         -         1         0         0         0
 Symlink:         2         -         0         2         0         0         0
=d D:\data\cpp\hardlinks\ln\test\RootReparse\bkp
=s D:\data\cpp\hardlinks\ln\test\RootReparse\bkp\J0
=s D:\data\cpp\hardlinks\ln\test\RootReparse\bkp\J1
Junction:         0         -         0         0         0         0         0
ErrorLevel == 0
test\RootReparse\bkp\J0 -> t:\F0
test\RootReparse\bkp\J1 -> t:\F1

D:\data\cpp\hardlinks\ln>..\Tools\where.exe *.* test\RootReparse\bkp   | sort
8 matching file(s) found, using 3248 bytes.
D:\data\cpp\hardlinks\ln\test\RootReparse\bkp\J0\F0_F0\RD_F0_F0.txt
D:\data\cpp\hardlinks\ln\test\RootReparse\bkp\J0\RD00.txt
D:\data\cpp\hardlinks\ln\test\RootReparse\bkp\J0\RD01.txt
D:\data\cpp\hardlinks\ln\test\RootReparse\bkp\J0\RD02.txt
D:\data\cpp\hardlinks\ln\test\RootReparse\bkp\J1\F1_F0\RD_F1_F0.txt
D:\data\cpp\hardlinks\ln\test\RootReparse\bkp\J1\RD00.txt
D:\data\cpp\hardlinks\ln\test\RootReparse\bkp\J1\RD01.txt
D:\data\cpp\hardlinks\ln\test\RootReparse\bkp\J1\RD02.txt

D:\data\cpp\hardlinks\ln>REM

D:\data\cpp\hardlinks\ln>REM Do it 

D:\data\cpp\hardlinks\ln>REM

D:\data\cpp\hardlinks\ln>..\bin\X64\Release\ln.exe --automated_test --splice  -X "System*" --copy q:\ test\RootReparse\dst   1>sortout 


                      Overall
              Total    Copied    Linked   Skipped  Excluded    Failed
    Byte:         0         0         0         0         0         0
    File:         0         0         0         0         0         0
   Times:        00:00:00.002
  Folder:         4         3         -         0         1         0
 Symlink:         5         -         5         0         0         0
~d q:\System Volume Information
+d D:\data\cpp\hardlinks\ln\test\RootReparse\dst
+d D:\data\cpp\hardlinks\ln\test\RootReparse\dst\F0
+d D:\data\cpp\hardlinks\ln\test\RootReparse\dst\F1
+s D:\data\cpp\hardlinks\ln\test\RootReparse\dst\F0\F0_J2
+s D:\data\cpp\hardlinks\ln\test\RootReparse\dst\F1\F1_J2
+s D:\data\cpp\hardlinks\ln\test\RootReparse\dst\J0
+s D:\data\cpp\hardlinks\ln\test\RootReparse\dst\J1
+s D:\data\cpp\hardlinks\ln\test\RootReparse\dst\J2
Junction:         0         -         0         0         0         0
ErrorLevel == 0
test\RootReparse\dst\J0 -> t:\F0
test\RootReparse\dst\J1 -> t:\F1
test\RootReparse\dst\F0\F0_J2 -> t:\F0\F0_F0
test\RootReparse\dst\F1\F1_J2 -> t:\F1\F1_F0

D:\data\cpp\hardlinks\ln>..\Tools\where.exe *.* test\RootReparse\dst   | sort
16 matching file(s) found, using 6496 bytes.
D:\data\cpp\hardlinks\ln\test\RootReparse\dst\F0\F0_J2\F0_F0_F0\F0_F0_F0.txt
D:\data\cpp\hardlinks\ln\test\RootReparse\dst\F0\F0_J2\RD_F0_F0.txt
D:\data\cpp\hardlinks\ln\test\RootReparse\dst\F1\F1_J2\F1_F0_F0\F1_F0_F0.txt
D:\data\cpp\hardlinks\ln\test\RootReparse\dst\F1\F1_J2\RD_F1_F0.txt
D:\data\cpp\hardlinks\ln\test\RootReparse\dst\J0\F0_F0\F0_F0_F0\F0_F0_F0.txt
D:\data\cpp\hardlinks\ln\test\RootReparse\dst\J0\F0_F0\RD_F0_F0.txt
D:\data\cpp\hardlinks\ln\test\RootReparse\dst\J0\RD00.txt
D:\data\cpp\hardlinks\ln\test\RootReparse\dst\J0\RD01.txt
D:\data\cpp\hardlinks\ln\test\RootReparse\dst\J0\RD02.txt
D:\data\cpp\hardlinks\ln\test\RootReparse\dst\J1\F1_F0\F1_F0_F0\F1_F0_F0.txt
D:\data\cpp\hardlinks\ln\test\RootReparse\dst\J1\F1_F0\RD_F1_F0.txt
D:\data\cpp\hardlinks\ln\test\RootReparse\dst\J1\RD00.txt
D:\data\cpp\hardlinks\ln\test\RootReparse\dst\J1\RD01.txt
D:\data\cpp\hardlinks\ln\test\RootReparse\dst\J1\RD02.txt
D:\data\cpp\hardlinks\ln\test\RootReparse\dst\J2\F0_F0_F0\F0_F0_F0.txt
D:\data\cpp\hardlinks\ln\test\RootReparse\dst\J2\RD_F0_F0.txt

D:\data\cpp\hardlinks\ln>..\bin\X64\Release\ln.exe --automated_test --splice  -X "System*" --delorean q:\ test\RootReparse\dst test\RootReparse\bkp  1>sortout 


                      Overall               Clone              Mirror
              Total    Copied    Linked   Skipped   Removed  Excluded    Failed
    Byte:         0         0         0         0         0         0         0
    File:         0         0         0         0         0         0         0
   Times:        00:00:00.002        00:00:00.007        00:00:00.034
  Folder:         4         0         -         3         0         1         0
 Symlink:         5         -         0         5         0         0         0
~d q:\System Volume Information
=d D:\data\cpp\hardlinks\ln\test\RootReparse\bkp\
=d D:\data\cpp\hardlinks\ln\test\RootReparse\bkp\F0
=d D:\data\cpp\hardlinks\ln\test\RootReparse\bkp\F1
=s D:\data\cpp\hardlinks\ln\test\RootReparse\bkp\F0\F0_J2
=s D:\data\cpp\hardlinks\ln\test\RootReparse\bkp\F1\F1_J2
=s D:\data\cpp\hardlinks\ln\test\RootReparse\bkp\J0
=s D:\data\cpp\hardlinks\ln\test\RootReparse\bkp\J1
=s D:\data\cpp\hardlinks\ln\test\RootReparse\bkp\J2
Junction:         0         -         0         0         0         0         0
ErrorLevel == 0
test\RootReparse\bkp\J0 -> t:\F0
test\RootReparse\bkp\J1 -> t:\F1
test\RootReparse\bkp\F0\F0_J2 -> t:\F0\F0_F0
test\RootReparse\bkp\F1\F1_J2 -> t:\F1\F1_F0

D:\data\cpp\hardlinks\ln>..\Tools\where.exe *.* test\RootReparse\bkp   | sort
16 matching file(s) found, using 6496 bytes.
D:\data\cpp\hardlinks\ln\test\RootReparse\bkp\F0\F0_J2\F0_F0_F0\F0_F0_F0.txt
D:\data\cpp\hardlinks\ln\test\RootReparse\bkp\F0\F0_J2\RD_F0_F0.txt
D:\data\cpp\hardlinks\ln\test\RootReparse\bkp\F1\F1_J2\F1_F0_F0\F1_F0_F0.txt
D:\data\cpp\hardlinks\ln\test\RootReparse\bkp\F1\F1_J2\RD_F1_F0.txt
D:\data\cpp\hardlinks\ln\test\RootReparse\bkp\J0\F0_F0\F0_F0_F0\F0_F0_F0.txt
D:\data\cpp\hardlinks\ln\test\RootReparse\bkp\J0\F0_F0\RD_F0_F0.txt
D:\data\cpp\hardlinks\ln\test\RootReparse\bkp\J0\RD00.txt
D:\data\cpp\hardlinks\ln\test\RootReparse\bkp\J0\RD01.txt
D:\data\cpp\hardlinks\ln\test\RootReparse\bkp\J0\RD02.txt
D:\data\cpp\hardlinks\ln\test\RootReparse\bkp\J1\F1_F0\F1_F0_F0\F1_F0_F0.txt
D:\data\cpp\hardlinks\ln\test\RootReparse\bkp\J1\F1_F0\RD_F1_F0.txt
D:\data\cpp\hardlinks\ln\test\RootReparse\bkp\J1\RD00.txt
D:\data\cpp\hardlinks\ln\test\RootReparse\bkp\J1\RD01.txt
D:\data\cpp\hardlinks\ln\test\RootReparse\bkp\J1\RD02.txt
D:\data\cpp\hardlinks\ln\test\RootReparse\bkp\J2\F0_F0_F0\F0_F0_F0.txt
D:\data\cpp\hardlinks\ln\test\RootReparse\bkp\J2\RD_F0_F0.txt
