
E:\data\cpp\hardlinks\ln>REM

E:\data\cpp\hardlinks\ln>REM SUCC: Outer Reparse Points on rootdrive 

E:\data\cpp\hardlinks\ln>REM

E:\data\cpp\hardlinks\ln>REM

E:\data\cpp\hardlinks\ln>REM Do the copy 

E:\data\cpp\hardlinks\ln>REM

E:\data\cpp\hardlinks\ln>..\bin\X64\Release\ln.exe --automated_test --unroll  -X "System*" --copy test\RootReparse\src "test\RootReparse\dst"   1>sortout 


              Total    Copied    Linked   Skipped  Excluded    Failed
    Byte:     2.436     2.436         0         0         0         0
    File:         6         6         0         0         0         0
  Folder:         8         7         -         0         1         0
 Symlink:         0         -         0         0         0         0
~d E:\data\cpp\hardlinks\ln\test\RootReparse\src\PA_J2\System Volume Information
+d E:\data\cpp\hardlinks\ln\test\RootReparse\dst
+d E:\data\cpp\hardlinks\ln\test\RootReparse\dst\PA_F1
+d E:\data\cpp\hardlinks\ln\test\RootReparse\dst\PA_F3
+d E:\data\cpp\hardlinks\ln\test\RootReparse\dst\PA_J2
+d E:\data\cpp\hardlinks\ln\test\RootReparse\dst\PA_J2\RD_F1
+d E:\data\cpp\hardlinks\ln\test\RootReparse\dst\PA_J2\RD_F3
+d E:\data\cpp\hardlinks\ln\test\RootReparse\dst\PA_J2\RD_F3\RD_F3_F0
+f E:\data\cpp\hardlinks\ln\test\RootReparse\dst\PA_F1\PA_F1.txt
+f E:\data\cpp\hardlinks\ln\test\RootReparse\dst\PA_F3\PA_F3.txt
+f E:\data\cpp\hardlinks\ln\test\RootReparse\dst\PA_J2\RD.txt
+f E:\data\cpp\hardlinks\ln\test\RootReparse\dst\PA_J2\RD_F1\RD_F1.txt
+f E:\data\cpp\hardlinks\ln\test\RootReparse\dst\PA_J2\RD_F3\RD_F3.txt
+f E:\data\cpp\hardlinks\ln\test\RootReparse\dst\PA_J2\RD_F3\RD_F3_F0\RD_F3_F0.txt
+j E:\data\cpp\hardlinks\ln\test\RootReparse\dst\PA_J2\RD_F3\RD_F3_J1
+j E:\data\cpp\hardlinks\ln\test\RootReparse\dst\PA_J2\RD_J2
Junction:         2         -         2         0         0         0
ErrorLevel == 0

E:\data\cpp\hardlinks\ln>REM  

E:\data\cpp\hardlinks\ln>REM Do a few checks 

E:\data\cpp\hardlinks\ln>REM
E:\data\cpp\hardlinks\ln\test\RootReparse\dst\PA_J2\RD_F3\RD_F3_J1 -> E:\data\cpp\hardlinks\ln\test\RootReparse\dst\PA_J2\RD_F3\RD_F3_F0
E:\data\cpp\hardlinks\ln\test\RootReparse\dst\PA_J2\RD_J2 -> E:\data\cpp\hardlinks\ln\test\RootReparse\dst\PA_J2\RD_F1
ErrorLevel == 0

E:\data\cpp\hardlinks\ln>dir /ad /s /b test\RootReparse\dst   | sort
E:\data\cpp\hardlinks\ln\test\RootReparse\dst\PA_F1
E:\data\cpp\hardlinks\ln\test\RootReparse\dst\PA_F3
E:\data\cpp\hardlinks\ln\test\RootReparse\dst\PA_J2
E:\data\cpp\hardlinks\ln\test\RootReparse\dst\PA_J2\RD_F1
E:\data\cpp\hardlinks\ln\test\RootReparse\dst\PA_J2\RD_F3
E:\data\cpp\hardlinks\ln\test\RootReparse\dst\PA_J2\RD_F3\RD_F3_F0
E:\data\cpp\hardlinks\ln\test\RootReparse\dst\PA_J2\RD_F3\RD_F3_J1
E:\data\cpp\hardlinks\ln\test\RootReparse\dst\PA_J2\RD_J2

E:\data\cpp\hardlinks\ln>REM  

E:\data\cpp\hardlinks\ln>REM Double File ID Test 

E:\data\cpp\hardlinks\ln>REM

E:\data\cpp\hardlinks\ln>REM

E:\data\cpp\hardlinks\ln>REM Do it 

E:\data\cpp\hardlinks\ln>REM

E:\data\cpp\hardlinks\ln>..\bin\X64\Release\ln.exe --automated_test --unroll  -X "System*" --copy q:\ test\RootReparse\dst   1>sortout 


              Total    Copied    Linked   Skipped  Excluded    Failed
    Byte:   635.196   635.196         0         0         0         0
    File:       162       162         0         0         0         0
  Folder:         6         5         -         0         1         0
 Symlink:         0         -         0         0         0         0
~d q:\System Volume Information
+d E:\data\cpp\hardlinks\ln\test\RootReparse\dst
+d E:\data\cpp\hardlinks\ln\test\RootReparse\dst\$RECYCLE.BIN
+d E:\data\cpp\hardlinks\ln\test\RootReparse\dst\$RECYCLE.BIN\S-1-5-21-1084424890-2988666912-3776869778-1000
+d E:\data\cpp\hardlinks\ln\test\RootReparse\dst\dir1
+d E:\data\cpp\hardlinks\ln\test\RootReparse\dst\JunctionToPTestjunction
+f E:\data\cpp\hardlinks\ln\test\RootReparse\dst\$RECYCLE.BIN\S-1-5-21-1084424890-2988666912-3776869778-1000\desktop.ini
+f E:\data\cpp\hardlinks\ln\test\RootReparse\dst\dir1\addtagl.png
+f E:\data\cpp\hardlinks\ln\test\RootReparse\dst\dir1\addtags.png
+f E:\data\cpp\hardlinks\ln\test\RootReparse\dst\dir1\cdrom.png
+f E:\data\cpp\hardlinks\ln\test\RootReparse\dst\dir1\closedhand22.png
+f E:\data\cpp\hardlinks\ln\test\RootReparse\dst\dir1\crop16.png
+f E:\data\cpp\hardlinks\ln\test\RootReparse\dst\dir1\crop22.png
+f E:\data\cpp\hardlinks\ln\test\RootReparse\dst\dir1\deltagl.png
+f E:\data\cpp\hardlinks\ln\test\RootReparse\dst\dir1\deltags.png
+f E:\data\cpp\hardlinks\ln\test\RootReparse\dst\dir1\deltags.pp2
+f E:\data\cpp\hardlinks\ln\test\RootReparse\dst\dir1\down.png
+f E:\data\cpp\hardlinks\ln\test\RootReparse\dst\dir1\edited.png
+f E:\data\cpp\hardlinks\ln\test\RootReparse\dst\dir1\fileopen.png
+f E:\data\cpp\hardlinks\ln\test\RootReparse\dst\dir1\filesave.png
+f E:\data\cpp\hardlinks\ln\test\RootReparse\dst\dir1\filter.png
+f E:\data\cpp\hardlinks\ln\test\RootReparse\dst\dir1\flame22.png
+f E:\data\cpp\hardlinks\ln\test\RootReparse\dst\dir1\floppy.png
+f E:\data\cpp\hardlinks\ln\test\RootReparse\dst\dir1\folder.png
+f E:\data\cpp\hardlinks\ln\test\RootReparse\dst\dir1\folder_open.png
+f E:\data\cpp\hardlinks\ln\test\RootReparse\dst\dir1\folder_open_r.png
+f E:\data\cpp\hardlinks\ln\test\RootReparse\dst\dir1\folder_orange.png
+f E:\data\cpp\hardlinks\ln\test\RootReparse\dst\dir1\folder_orange_open.png
+f E:\data\cpp\hardlinks\ln\test\RootReparse\dst\dir1\folder_r.png
+f E:\data\cpp\hardlinks\ln\test\RootReparse\dst\dir1\gimp.png
+f E:\data\cpp\hardlinks\ln\test\RootReparse\dst\dir1\grayrated.png
+f E:\data\cpp\hardlinks\ln\test\RootReparse\dst\dir1\green.png
+f E:\data\cpp\hardlinks\ln\test\RootReparse\dst\dir1\gtk-close.png
+f E:\data\cpp\hardlinks\ln\test\RootReparse\dst\dir1\gtk-undo-ltr-big.png
+f E:\data\cpp\hardlinks\ln\test\RootReparse\dst\dir1\gtk-undo-ltr.png
+f E:\data\cpp\hardlinks\ln\test\RootReparse\dst\dir1\gtk-zoom-100.png
+f E:\data\cpp\hardlinks\ln\test\RootReparse\dst\dir1\gtk-zoom-fit.png
+f E:\data\cpp\hardlinks\ln\test\RootReparse\dst\dir1\gtk-zoom-in.png
+f E:\data\cpp\hardlinks\ln\test\RootReparse\dst\dir1\gtk-zoom-out.png
+f E:\data\cpp\hardlinks\ln\test\RootReparse\dst\dir1\hdd.png
+f E:\data\cpp\hardlinks\ln\test\RootReparse\dst\dir1\head.png
+f E:\data\cpp\hardlinks\ln\test\RootReparse\dst\dir1\horizontal.png
+f E:\data\cpp\hardlinks\ln\test\RootReparse\dst\dir1\horizontals.png
+f E:\data\cpp\hardlinks\ln\test\RootReparse\dst\dir1\icon-gears.png
+f E:\data\cpp\hardlinks\ln\test\RootReparse\dst\dir1\info.png
+f E:\data\cpp\hardlinks\ln\test\RootReparse\dst\dir1\left.png
+f E:\data\cpp\hardlinks\ln\test\RootReparse\dst\dir1\list-add.png
+f E:\data\cpp\hardlinks\ln\test\RootReparse\dst\dir1\list-add12.png
+f E:\data\cpp\hardlinks\ln\test\RootReparse\dst\dir1\list-remove.png
+f E:\data\cpp\hardlinks\ln\test\RootReparse\dst\dir1\list-remove12r.png
+f E:\data\cpp\hardlinks\ln\test\RootReparse\dst\dir1\logoicon16.png
+f E:\data\cpp\hardlinks\ln\test\RootReparse\dst\dir1\logoicon16b.png
+f E:\data\cpp\hardlinks\ln\test\RootReparse\dst\dir1\logoicon32.png
+f E:\data\cpp\hardlinks\ln\test\RootReparse\dst\dir1\network.png
+f E:\data\cpp\hardlinks\ln\test\RootReparse\dst\dir1\notrated.png
+f E:\data\cpp\hardlinks\ln\test\RootReparse\dst\dir1\openhand.png
+f E:\data\cpp\hardlinks\ln\test\RootReparse\dst\dir1\openhand22.png
+f E:\data\cpp\hardlinks\ln\test\RootReparse\dst\dir1\processing.png
+f E:\data\cpp\hardlinks\ln\test\RootReparse\dst\dir1\rated.png
+f E:\data\cpp\hardlinks\ln\test\RootReparse\dst\dir1\red.png
+f E:\data\cpp\hardlinks\ln\test\RootReparse\dst\dir1\resize.png
+f E:\data\cpp\hardlinks\ln\test\RootReparse\dst\dir1\saved.png
+f E:\data\cpp\hardlinks\ln\test\RootReparse\dst\dir1\splash.png
+f E:\data\cpp\hardlinks\ln\test\RootReparse\dst\dir1\stock-color-picker-gray-18.png
+f E:\data\cpp\hardlinks\ln\test\RootReparse\dst\dir1\stock-flip-horizontal-16.png
+f E:\data\cpp\hardlinks\ln\test\RootReparse\dst\dir1\stock-flip-vertical-16.png
+f E:\data\cpp\hardlinks\ln\test\RootReparse\dst\dir1\stock-resize-16.png
+f E:\data\cpp\hardlinks\ln\test\RootReparse\dst\dir1\stock-rotate-270-16.png
+f E:\data\cpp\hardlinks\ln\test\RootReparse\dst\dir1\stock-rotate-90-16.png
+f E:\data\cpp\hardlinks\ln\test\RootReparse\dst\dir1\stock-tool-color-picker-22.png
+f E:\data\cpp\hardlinks\ln\test\RootReparse\dst\dir1\stock-tool-crop-16.png
+f E:\data\cpp\hardlinks\ln\test\RootReparse\dst\dir1\stock-tool-crop-22.png
+f E:\data\cpp\hardlinks\ln\test\RootReparse\dst\dir1\stock_clear_24.png
+f E:\data\cpp\hardlinks\ln\test\RootReparse\dst\dir1\stock_down_arrow_24.png
+f E:\data\cpp\hardlinks\ln\test\RootReparse\dst\dir1\stock_left_arrow_24.png
+f E:\data\cpp\hardlinks\ln\test\RootReparse\dst\dir1\stock_right_arrow_24.png
+f E:\data\cpp\hardlinks\ln\test\RootReparse\dst\dir1\stock_up_arrow_24.png
+f E:\data\cpp\hardlinks\ln\test\RootReparse\dst\dir1\straighten16.png
+f E:\data\cpp\hardlinks\ln\test\RootReparse\dst\dir1\straighten22.png
+f E:\data\cpp\hardlinks\ln\test\RootReparse\dst\dir1\tail.png
+f E:\data\cpp\hardlinks\ln\test\RootReparse\dst\dir1\trash.png
+f E:\data\cpp\hardlinks\ln\test\RootReparse\dst\dir1\undelete.png
+f E:\data\cpp\hardlinks\ln\test\RootReparse\dst\dir1\undo.png
+f E:\data\cpp\hardlinks\ln\test\RootReparse\dst\dir1\unrated.png
+f E:\data\cpp\hardlinks\ln\test\RootReparse\dst\dir1\usbpendrive.png
+f E:\data\cpp\hardlinks\ln\test\RootReparse\dst\dir1\vertical.png
+f E:\data\cpp\hardlinks\ln\test\RootReparse\dst\dir1\verticals.png
+f E:\data\cpp\hardlinks\ln\test\RootReparse\dst\dir1\warnhl.png
+f E:\data\cpp\hardlinks\ln\test\RootReparse\dst\dir1\warnsh.png
+f E:\data\cpp\hardlinks\ln\test\RootReparse\dst\dir1\wb22.png
+f E:\data\cpp\hardlinks\ln\test\RootReparse\dst\dir1\wbpicker16.png
+f E:\data\cpp\hardlinks\ln\test\RootReparse\dst\dir1\wbpicker22.png
+f E:\data\cpp\hardlinks\ln\test\RootReparse\dst\JunctionToPTestjunction\asp-perl
+f E:\data\cpp\hardlinks\ln\test\RootReparse\dst\JunctionToPTestjunction\asp-perl.bat
+f E:\data\cpp\hardlinks\ln\test\RootReparse\dst\JunctionToPTestjunction\config_data
+f E:\data\cpp\hardlinks\ln\test\RootReparse\dst\JunctionToPTestjunction\config_data.bat
+f E:\data\cpp\hardlinks\ln\test\RootReparse\dst\JunctionToPTestjunction\corelist
+f E:\data\cpp\hardlinks\ln\test\RootReparse\dst\JunctionToPTestjunction\corelist.bat
+f E:\data\cpp\hardlinks\ln\test\RootReparse\dst\JunctionToPTestjunction\cpan
+f E:\data\cpp\hardlinks\ln\test\RootReparse\dst\JunctionToPTestjunction\cpan.bat
+f E:\data\cpp\hardlinks\ln\test\RootReparse\dst\JunctionToPTestjunction\cpanp
+f E:\data\cpp\hardlinks\ln\test\RootReparse\dst\JunctionToPTestjunction\cpanp-run-perl
+f E:\data\cpp\hardlinks\ln\test\RootReparse\dst\JunctionToPTestjunction\cpanp-run-perl.bat
+f E:\data\cpp\hardlinks\ln\test\RootReparse\dst\JunctionToPTestjunction\cpanp.bat
+f E:\data\cpp\hardlinks\ln\test\RootReparse\dst\JunctionToPTestjunction\crc32
+f E:\data\cpp\hardlinks\ln\test\RootReparse\dst\JunctionToPTestjunction\crc32.bat
+f E:\data\cpp\hardlinks\ln\test\RootReparse\dst\JunctionToPTestjunction\dbilogstrip
+f E:\data\cpp\hardlinks\ln\test\RootReparse\dst\JunctionToPTestjunction\dbilogstrip.bat
+f E:\data\cpp\hardlinks\ln\test\RootReparse\dst\JunctionToPTestjunction\dbiprof
+f E:\data\cpp\hardlinks\ln\test\RootReparse\dst\JunctionToPTestjunction\dbiprof.bat
+f E:\data\cpp\hardlinks\ln\test\RootReparse\dst\JunctionToPTestjunction\dbiproxy
+f E:\data\cpp\hardlinks\ln\test\RootReparse\dst\JunctionToPTestjunction\dbiproxy.bat
+f E:\data\cpp\hardlinks\ln\test\RootReparse\dst\JunctionToPTestjunction\exetype.bat
+f E:\data\cpp\hardlinks\ln\test\RootReparse\dst\JunctionToPTestjunction\instmodsh
+f E:\data\cpp\hardlinks\ln\test\RootReparse\dst\JunctionToPTestjunction\instmodsh.bat
+f E:\data\cpp\hardlinks\ln\test\RootReparse\dst\JunctionToPTestjunction\libnetcfg.bat
+f E:\data\cpp\hardlinks\ln\test\RootReparse\dst\JunctionToPTestjunction\lwp-download
+f E:\data\cpp\hardlinks\ln\test\RootReparse\dst\JunctionToPTestjunction\lwp-download.bat
+f E:\data\cpp\hardlinks\ln\test\RootReparse\dst\JunctionToPTestjunction\lwp-dump
+f E:\data\cpp\hardlinks\ln\test\RootReparse\dst\JunctionToPTestjunction\lwp-dump.bat
+f E:\data\cpp\hardlinks\ln\test\RootReparse\dst\JunctionToPTestjunction\lwp-mirror
+f E:\data\cpp\hardlinks\ln\test\RootReparse\dst\JunctionToPTestjunction\lwp-mirror.bat
+f E:\data\cpp\hardlinks\ln\test\RootReparse\dst\JunctionToPTestjunction\lwp-request
+f E:\data\cpp\hardlinks\ln\test\RootReparse\dst\JunctionToPTestjunction\lwp-request.bat
+f E:\data\cpp\hardlinks\ln\test\RootReparse\dst\JunctionToPTestjunction\lwp-rget
+f E:\data\cpp\hardlinks\ln\test\RootReparse\dst\JunctionToPTestjunction\lwp-rget.bat
+f E:\data\cpp\hardlinks\ln\test\RootReparse\dst\JunctionToPTestjunction\mp2bug
+f E:\data\cpp\hardlinks\ln\test\RootReparse\dst\JunctionToPTestjunction\mp2bug.bat
+f E:\data\cpp\hardlinks\ln\test\RootReparse\dst\JunctionToPTestjunction\NMAKE.ERR
+f E:\data\cpp\hardlinks\ln\test\RootReparse\dst\JunctionToPTestjunction\perldoc
+f E:\data\cpp\hardlinks\ln\test\RootReparse\dst\JunctionToPTestjunction\perldoc.bat
+f E:\data\cpp\hardlinks\ln\test\RootReparse\dst\JunctionToPTestjunction\perlglob.bat
+f E:\data\cpp\hardlinks\ln\test\RootReparse\dst\JunctionToPTestjunction\perlglob.exe
+f E:\data\cpp\hardlinks\ln\test\RootReparse\dst\JunctionToPTestjunction\perlinfo
+f E:\data\cpp\hardlinks\ln\test\RootReparse\dst\JunctionToPTestjunction\perlinfo.bat
+f E:\data\cpp\hardlinks\ln\test\RootReparse\dst\JunctionToPTestjunction\perlivp.bat
+f E:\data\cpp\hardlinks\ln\test\RootReparse\dst\JunctionToPTestjunction\perllocal.bat
+f E:\data\cpp\hardlinks\ln\test\RootReparse\dst\JunctionToPTestjunction\piconv
+f E:\data\cpp\hardlinks\ln\test\RootReparse\dst\JunctionToPTestjunction\piconv.bat
+f E:\data\cpp\hardlinks\ln\test\RootReparse\dst\JunctionToPTestjunction\pl2bat.bat
+f E:\data\cpp\hardlinks\ln\test\RootReparse\dst\JunctionToPTestjunction\pl2pm.bat
+f E:\data\cpp\hardlinks\ln\test\RootReparse\dst\JunctionToPTestjunction\pod2html.bat
+f E:\data\cpp\hardlinks\ln\test\RootReparse\dst\JunctionToPTestjunction\pod2latex.bat
+f E:\data\cpp\hardlinks\ln\test\RootReparse\dst\JunctionToPTestjunction\pod2text
+f E:\data\cpp\hardlinks\ln\test\RootReparse\dst\JunctionToPTestjunction\pod2text.bat
+f E:\data\cpp\hardlinks\ln\test\RootReparse\dst\JunctionToPTestjunction\pod2usage
+f E:\data\cpp\hardlinks\ln\test\RootReparse\dst\JunctionToPTestjunction\pod2usage.bat
+f E:\data\cpp\hardlinks\ln\test\RootReparse\dst\JunctionToPTestjunction\podchecker
+f E:\data\cpp\hardlinks\ln\test\RootReparse\dst\JunctionToPTestjunction\podchecker.bat
+f E:\data\cpp\hardlinks\ln\test\RootReparse\dst\JunctionToPTestjunction\podselect
+f E:\data\cpp\hardlinks\ln\test\RootReparse\dst\JunctionToPTestjunction\podselect.bat
+f E:\data\cpp\hardlinks\ln\test\RootReparse\dst\JunctionToPTestjunction\prove
+f E:\data\cpp\hardlinks\ln\test\RootReparse\dst\JunctionToPTestjunction\prove.bat
+f E:\data\cpp\hardlinks\ln\test\RootReparse\dst\JunctionToPTestjunction\ptar
+f E:\data\cpp\hardlinks\ln\test\RootReparse\dst\JunctionToPTestjunction\ptar.bat
+f E:\data\cpp\hardlinks\ln\test\RootReparse\dst\JunctionToPTestjunction\ptardiff
+f E:\data\cpp\hardlinks\ln\test\RootReparse\dst\JunctionToPTestjunction\ptardiff.bat
+f E:\data\cpp\hardlinks\ln\test\RootReparse\dst\JunctionToPTestjunction\runperl.bat
+f E:\data\cpp\hardlinks\ln\test\RootReparse\dst\JunctionToPTestjunction\shasum
+f E:\data\cpp\hardlinks\ln\test\RootReparse\dst\JunctionToPTestjunction\shasum.bat
+f E:\data\cpp\hardlinks\ln\test\RootReparse\dst\JunctionToPTestjunction\SOAPsh.bat
+f E:\data\cpp\hardlinks\ln\test\RootReparse\dst\JunctionToPTestjunction\SOAPsh.pl
+f E:\data\cpp\hardlinks\ln\test\RootReparse\dst\JunctionToPTestjunction\splain.bat
+f E:\data\cpp\hardlinks\ln\test\RootReparse\dst\JunctionToPTestjunction\stubmaker.bat
+f E:\data\cpp\hardlinks\ln\test\RootReparse\dst\JunctionToPTestjunction\stubmaker.pl
+f E:\data\cpp\hardlinks\ln\test\RootReparse\dst\JunctionToPTestjunction\XMLRPCsh.bat
+f E:\data\cpp\hardlinks\ln\test\RootReparse\dst\JunctionToPTestjunction\XMLRPCsh.pl
+f E:\data\cpp\hardlinks\ln\test\RootReparse\dst\JunctionToPTestjunction\xsubpp.bat
Junction:         0         -         0         0         0         0
ErrorLevel == 0

E:\data\cpp\hardlinks\ln>REM

E:\data\cpp\hardlinks\ln>REM Do it 

E:\data\cpp\hardlinks\ln>REM

E:\data\cpp\hardlinks\ln>..\bin\X64\Release\ln.exe --automated_test --unroll  -X "System*" --copy test\RootReparse\src "test\RootReparse\dst"   1>sortout 


              Total    Copied    Linked   Skipped  Excluded    Failed
    Byte:     3.654     3.654         0         0         0         0
    File:         9         9         0         0         0         0
  Folder:         4         4         -         0         0         0
 Symlink:         0         -         0         0         0         0
+d E:\data\cpp\hardlinks\ln\test\RootReparse\dst
+d E:\data\cpp\hardlinks\ln\test\RootReparse\dst\J0
+d E:\data\cpp\hardlinks\ln\test\RootReparse\dst\J0\F0
+d E:\data\cpp\hardlinks\ln\test\RootReparse\dst\J0\F1
+f E:\data\cpp\hardlinks\ln\test\RootReparse\dst\J0\F0\RD00.txt
+f E:\data\cpp\hardlinks\ln\test\RootReparse\dst\J0\F0\RD01.txt
+f E:\data\cpp\hardlinks\ln\test\RootReparse\dst\J0\F0\RD02.txt
+f E:\data\cpp\hardlinks\ln\test\RootReparse\dst\J0\F1\RD00.txt
+f E:\data\cpp\hardlinks\ln\test\RootReparse\dst\J0\F1\RD01.txt
+f E:\data\cpp\hardlinks\ln\test\RootReparse\dst\J0\F1\RD02.txt
+f E:\data\cpp\hardlinks\ln\test\RootReparse\dst\J0\RD00.txt
+f E:\data\cpp\hardlinks\ln\test\RootReparse\dst\J0\RD01.txt
+f E:\data\cpp\hardlinks\ln\test\RootReparse\dst\J0\RD02.txt
Junction:         0         -         0         0         0         0
ErrorLevel == 0

E:\data\cpp\hardlinks\ln>..\Tools\where.exe *.* test\RootReparse\dst   | sort
9 matching file(s) found, using 3654 bytes.
E:\data\cpp\hardlinks\ln\test\RootReparse\dst\J0\F0\RD00.txt
E:\data\cpp\hardlinks\ln\test\RootReparse\dst\J0\F0\RD01.txt
E:\data\cpp\hardlinks\ln\test\RootReparse\dst\J0\F0\RD02.txt
E:\data\cpp\hardlinks\ln\test\RootReparse\dst\J0\F1\RD00.txt
E:\data\cpp\hardlinks\ln\test\RootReparse\dst\J0\F1\RD01.txt
E:\data\cpp\hardlinks\ln\test\RootReparse\dst\J0\F1\RD02.txt
E:\data\cpp\hardlinks\ln\test\RootReparse\dst\J0\RD00.txt
E:\data\cpp\hardlinks\ln\test\RootReparse\dst\J0\RD01.txt
E:\data\cpp\hardlinks\ln\test\RootReparse\dst\J0\RD02.txt

E:\data\cpp\hardlinks\ln>REM

E:\data\cpp\hardlinks\ln>REM Do it 

E:\data\cpp\hardlinks\ln>REM

E:\data\cpp\hardlinks\ln>..\bin\X64\Release\ln.exe --automated_test --unroll  -X "System*" --copy test\RootReparse\src test\RootReparse\dst   1>sortout 


              Total    Copied    Linked   Skipped  Excluded    Failed
    Byte:     3.248     3.248         0         0         0         0
    File:         8         8         0         0         0         0
  Folder:         5         5         -         0         0         0
 Symlink:         0         -         0         0         0         0
+d E:\data\cpp\hardlinks\ln\test\RootReparse\dst
+d E:\data\cpp\hardlinks\ln\test\RootReparse\dst\J0
+d E:\data\cpp\hardlinks\ln\test\RootReparse\dst\J0\F0_F0
+d E:\data\cpp\hardlinks\ln\test\RootReparse\dst\J1
+d E:\data\cpp\hardlinks\ln\test\RootReparse\dst\J1\F1_F0
+f E:\data\cpp\hardlinks\ln\test\RootReparse\dst\J0\F0_F0\RD_F0_F0.txt
+f E:\data\cpp\hardlinks\ln\test\RootReparse\dst\J0\RD00.txt
+f E:\data\cpp\hardlinks\ln\test\RootReparse\dst\J0\RD01.txt
+f E:\data\cpp\hardlinks\ln\test\RootReparse\dst\J0\RD02.txt
+f E:\data\cpp\hardlinks\ln\test\RootReparse\dst\J1\F1_F0\RD_F1_F0.txt
+f E:\data\cpp\hardlinks\ln\test\RootReparse\dst\J1\RD00.txt
+f E:\data\cpp\hardlinks\ln\test\RootReparse\dst\J1\RD01.txt
+f E:\data\cpp\hardlinks\ln\test\RootReparse\dst\J1\RD02.txt
Junction:         0         -         0         0         0         0
ErrorLevel == 0

E:\data\cpp\hardlinks\ln>..\Tools\where.exe *.* test\RootReparse\dst   | sort
8 matching file(s) found, using 3248 bytes.
E:\data\cpp\hardlinks\ln\test\RootReparse\dst\J0\F0_F0\RD_F0_F0.txt
E:\data\cpp\hardlinks\ln\test\RootReparse\dst\J0\RD00.txt
E:\data\cpp\hardlinks\ln\test\RootReparse\dst\J0\RD01.txt
E:\data\cpp\hardlinks\ln\test\RootReparse\dst\J0\RD02.txt
E:\data\cpp\hardlinks\ln\test\RootReparse\dst\J1\F1_F0\RD_F1_F0.txt
E:\data\cpp\hardlinks\ln\test\RootReparse\dst\J1\RD00.txt
E:\data\cpp\hardlinks\ln\test\RootReparse\dst\J1\RD01.txt
E:\data\cpp\hardlinks\ln\test\RootReparse\dst\J1\RD02.txt

E:\data\cpp\hardlinks\ln>..\bin\X64\Release\ln.exe --automated_test --unroll  -X "System*" --delorean test\RootReparse\src test\RootReparse\dst test\RootReparse\bkp  1>sortout 


              Total    Copied    Linked   Skipped   Removed  Excluded    Failed
    Byte:     3.248         0         0     3.248         0         0         0
    File:         8         0         0         8         0         0         0
  Folder:         5         0         -         5         0         0         0
 Symlink:         0         -         0         0         0         0         0
=d E:\data\cpp\hardlinks\ln\test\RootReparse\bkp
=d E:\data\cpp\hardlinks\ln\test\RootReparse\bkp\J0
=d E:\data\cpp\hardlinks\ln\test\RootReparse\bkp\J0\F0_F0
=d E:\data\cpp\hardlinks\ln\test\RootReparse\bkp\J1
=d E:\data\cpp\hardlinks\ln\test\RootReparse\bkp\J1\F1_F0
=f E:\data\cpp\hardlinks\ln\test\RootReparse\bkp\J0\F0_F0\RD_F0_F0.txt
=f E:\data\cpp\hardlinks\ln\test\RootReparse\bkp\J0\RD00.txt
=f E:\data\cpp\hardlinks\ln\test\RootReparse\bkp\J0\RD01.txt
=f E:\data\cpp\hardlinks\ln\test\RootReparse\bkp\J0\RD02.txt
=f E:\data\cpp\hardlinks\ln\test\RootReparse\bkp\J1\F1_F0\RD_F1_F0.txt
=f E:\data\cpp\hardlinks\ln\test\RootReparse\bkp\J1\RD00.txt
=f E:\data\cpp\hardlinks\ln\test\RootReparse\bkp\J1\RD01.txt
=f E:\data\cpp\hardlinks\ln\test\RootReparse\bkp\J1\RD02.txt
Junction:         0         -         0         0         0         0         0
ErrorLevel == 0

E:\data\cpp\hardlinks\ln>..\Tools\where.exe *.* test\RootReparse\bkp   | sort
8 matching file(s) found, using 3248 bytes.
E:\data\cpp\hardlinks\ln\test\RootReparse\bkp\J0\F0_F0\RD_F0_F0.txt
E:\data\cpp\hardlinks\ln\test\RootReparse\bkp\J0\RD00.txt
E:\data\cpp\hardlinks\ln\test\RootReparse\bkp\J0\RD01.txt
E:\data\cpp\hardlinks\ln\test\RootReparse\bkp\J0\RD02.txt
E:\data\cpp\hardlinks\ln\test\RootReparse\bkp\J1\F1_F0\RD_F1_F0.txt
E:\data\cpp\hardlinks\ln\test\RootReparse\bkp\J1\RD00.txt
E:\data\cpp\hardlinks\ln\test\RootReparse\bkp\J1\RD01.txt
E:\data\cpp\hardlinks\ln\test\RootReparse\bkp\J1\RD02.txt

E:\data\cpp\hardlinks\ln>REM

E:\data\cpp\hardlinks\ln>REM Do it 

E:\data\cpp\hardlinks\ln>REM

E:\data\cpp\hardlinks\ln>..\bin\X64\Release\ln.exe --automated_test --unroll  -X "System*" --copy q:\ test\RootReparse\dst   1>sortout 


              Total    Copied    Linked   Skipped  Excluded    Failed
    Byte:     6.496     4.060     2.436         0         0         0
    File:        16        10         6         0         0         0
  Folder:        16        15         -         0         1         0
 Symlink:         0         -         0         0         0         0
*h E:\data\cpp\hardlinks\ln\test\RootReparse\dst\F0\F0_J2\F0_F0_F0\F0_F0_F0.txt
*h E:\data\cpp\hardlinks\ln\test\RootReparse\dst\F0\F0_J2\RD_F0_F0.txt
*h E:\data\cpp\hardlinks\ln\test\RootReparse\dst\F1\F1_J2\RD_F1_F0.txt
*h E:\data\cpp\hardlinks\ln\test\RootReparse\dst\J0\F0_F0\F0_F0_F0\F0_F0_F0.txt
*h E:\data\cpp\hardlinks\ln\test\RootReparse\dst\J0\F0_F0\RD_F0_F0.txt
*h E:\data\cpp\hardlinks\ln\test\RootReparse\dst\J1\F1_F0\F1_F0_F0\F1_F0_F0.txt
~d q:\System Volume Information
+d E:\data\cpp\hardlinks\ln\test\RootReparse\dst
+d E:\data\cpp\hardlinks\ln\test\RootReparse\dst\F0
+d E:\data\cpp\hardlinks\ln\test\RootReparse\dst\F0\F0_J2
+d E:\data\cpp\hardlinks\ln\test\RootReparse\dst\F0\F0_J2\F0_F0_F0
+d E:\data\cpp\hardlinks\ln\test\RootReparse\dst\F1
+d E:\data\cpp\hardlinks\ln\test\RootReparse\dst\F1\F1_J2
+d E:\data\cpp\hardlinks\ln\test\RootReparse\dst\F1\F1_J2\F1_F0_F0
+d E:\data\cpp\hardlinks\ln\test\RootReparse\dst\J0
+d E:\data\cpp\hardlinks\ln\test\RootReparse\dst\J0\F0_F0
+d E:\data\cpp\hardlinks\ln\test\RootReparse\dst\J0\F0_F0\F0_F0_F0
+d E:\data\cpp\hardlinks\ln\test\RootReparse\dst\J1
+d E:\data\cpp\hardlinks\ln\test\RootReparse\dst\J1\F1_F0
+d E:\data\cpp\hardlinks\ln\test\RootReparse\dst\J1\F1_F0\F1_F0_F0
+d E:\data\cpp\hardlinks\ln\test\RootReparse\dst\J2
+d E:\data\cpp\hardlinks\ln\test\RootReparse\dst\J2\F0_F0_F0
+f E:\data\cpp\hardlinks\ln\test\RootReparse\dst\F1\F1_J2\F1_F0_F0\F1_F0_F0.txt
+f E:\data\cpp\hardlinks\ln\test\RootReparse\dst\J0\RD00.txt
+f E:\data\cpp\hardlinks\ln\test\RootReparse\dst\J0\RD01.txt
+f E:\data\cpp\hardlinks\ln\test\RootReparse\dst\J0\RD02.txt
+f E:\data\cpp\hardlinks\ln\test\RootReparse\dst\J1\F1_F0\RD_F1_F0.txt
+f E:\data\cpp\hardlinks\ln\test\RootReparse\dst\J1\RD00.txt
+f E:\data\cpp\hardlinks\ln\test\RootReparse\dst\J1\RD01.txt
+f E:\data\cpp\hardlinks\ln\test\RootReparse\dst\J1\RD02.txt
+f E:\data\cpp\hardlinks\ln\test\RootReparse\dst\J2\F0_F0_F0\F0_F0_F0.txt
+f E:\data\cpp\hardlinks\ln\test\RootReparse\dst\J2\RD_F0_F0.txt
Junction:         0         -         0         0         0         0
ErrorLevel == 0

E:\data\cpp\hardlinks\ln>..\Tools\where.exe *.* test\RootReparse\dst   | sort
16 matching file(s) found, using 6496 bytes.
E:\data\cpp\hardlinks\ln\test\RootReparse\dst\F0\F0_J2\F0_F0_F0\F0_F0_F0.txt
E:\data\cpp\hardlinks\ln\test\RootReparse\dst\F0\F0_J2\RD_F0_F0.txt
E:\data\cpp\hardlinks\ln\test\RootReparse\dst\F1\F1_J2\F1_F0_F0\F1_F0_F0.txt
E:\data\cpp\hardlinks\ln\test\RootReparse\dst\F1\F1_J2\RD_F1_F0.txt
E:\data\cpp\hardlinks\ln\test\RootReparse\dst\J0\F0_F0\F0_F0_F0\F0_F0_F0.txt
E:\data\cpp\hardlinks\ln\test\RootReparse\dst\J0\F0_F0\RD_F0_F0.txt
E:\data\cpp\hardlinks\ln\test\RootReparse\dst\J0\RD00.txt
E:\data\cpp\hardlinks\ln\test\RootReparse\dst\J0\RD01.txt
E:\data\cpp\hardlinks\ln\test\RootReparse\dst\J0\RD02.txt
E:\data\cpp\hardlinks\ln\test\RootReparse\dst\J1\F1_F0\F1_F0_F0\F1_F0_F0.txt
E:\data\cpp\hardlinks\ln\test\RootReparse\dst\J1\F1_F0\RD_F1_F0.txt
E:\data\cpp\hardlinks\ln\test\RootReparse\dst\J1\RD00.txt
E:\data\cpp\hardlinks\ln\test\RootReparse\dst\J1\RD01.txt
E:\data\cpp\hardlinks\ln\test\RootReparse\dst\J1\RD02.txt
E:\data\cpp\hardlinks\ln\test\RootReparse\dst\J2\F0_F0_F0\F0_F0_F0.txt
E:\data\cpp\hardlinks\ln\test\RootReparse\dst\J2\RD_F0_F0.txt

E:\data\cpp\hardlinks\ln>..\bin\X64\Release\ln.exe --automated_test --unroll  -X "System*" --delorean q:\ test\RootReparse\dst test\RootReparse\bkp  1>sortout 


              Total    Copied    Linked   Skipped   Removed  Excluded    Failed
    Byte:     6.496         0         0     6.496         0         0         0
    File:        16         0         0        16         0         0         0
  Folder:        16         0         -        15         0         1         0
 Symlink:         0         -         0         0         0         0         0
~d q:\System Volume Information
=d E:\data\cpp\hardlinks\ln\test\RootReparse\bkp\
=d E:\data\cpp\hardlinks\ln\test\RootReparse\bkp\F0
=d E:\data\cpp\hardlinks\ln\test\RootReparse\bkp\F0\F0_J2
=d E:\data\cpp\hardlinks\ln\test\RootReparse\bkp\F0\F0_J2\F0_F0_F0
=d E:\data\cpp\hardlinks\ln\test\RootReparse\bkp\F1
=d E:\data\cpp\hardlinks\ln\test\RootReparse\bkp\F1\F1_J2
=d E:\data\cpp\hardlinks\ln\test\RootReparse\bkp\F1\F1_J2\F1_F0_F0
=d E:\data\cpp\hardlinks\ln\test\RootReparse\bkp\J0
=d E:\data\cpp\hardlinks\ln\test\RootReparse\bkp\J0\F0_F0
=d E:\data\cpp\hardlinks\ln\test\RootReparse\bkp\J0\F0_F0\F0_F0_F0
=d E:\data\cpp\hardlinks\ln\test\RootReparse\bkp\J1
=d E:\data\cpp\hardlinks\ln\test\RootReparse\bkp\J1\F1_F0
=d E:\data\cpp\hardlinks\ln\test\RootReparse\bkp\J1\F1_F0\F1_F0_F0
=d E:\data\cpp\hardlinks\ln\test\RootReparse\bkp\J2
=d E:\data\cpp\hardlinks\ln\test\RootReparse\bkp\J2\F0_F0_F0
=f E:\data\cpp\hardlinks\ln\test\RootReparse\bkp\F1\F1_J2\F1_F0_F0\F1_F0_F0.txt
=f E:\data\cpp\hardlinks\ln\test\RootReparse\bkp\J0\RD00.txt
=f E:\data\cpp\hardlinks\ln\test\RootReparse\bkp\J0\RD01.txt
=f E:\data\cpp\hardlinks\ln\test\RootReparse\bkp\J0\RD02.txt
=f E:\data\cpp\hardlinks\ln\test\RootReparse\bkp\J1\F1_F0\RD_F1_F0.txt
=f E:\data\cpp\hardlinks\ln\test\RootReparse\bkp\J1\RD00.txt
=f E:\data\cpp\hardlinks\ln\test\RootReparse\bkp\J1\RD01.txt
=f E:\data\cpp\hardlinks\ln\test\RootReparse\bkp\J1\RD02.txt
=f E:\data\cpp\hardlinks\ln\test\RootReparse\bkp\J2\F0_F0_F0\F0_F0_F0.txt
=f E:\data\cpp\hardlinks\ln\test\RootReparse\bkp\J2\RD_F0_F0.txt
=h E:\data\cpp\hardlinks\ln\test\RootReparse\bkp\F0\F0_J2\F0_F0_F0\F0_F0_F0.txt
=h E:\data\cpp\hardlinks\ln\test\RootReparse\bkp\F0\F0_J2\RD_F0_F0.txt
=h E:\data\cpp\hardlinks\ln\test\RootReparse\bkp\F1\F1_J2\RD_F1_F0.txt
=h E:\data\cpp\hardlinks\ln\test\RootReparse\bkp\J0\F0_F0\F0_F0_F0\F0_F0_F0.txt
=h E:\data\cpp\hardlinks\ln\test\RootReparse\bkp\J0\F0_F0\RD_F0_F0.txt
=h E:\data\cpp\hardlinks\ln\test\RootReparse\bkp\J1\F1_F0\F1_F0_F0\F1_F0_F0.txt
Junction:         0         -         0         0         0         0         0
ErrorLevel == 0

E:\data\cpp\hardlinks\ln>..\Tools\where.exe *.* test\RootReparse\bkp   | sort
16 matching file(s) found, using 6496 bytes.
E:\data\cpp\hardlinks\ln\test\RootReparse\bkp\F0\F0_J2\F0_F0_F0\F0_F0_F0.txt
E:\data\cpp\hardlinks\ln\test\RootReparse\bkp\F0\F0_J2\RD_F0_F0.txt
E:\data\cpp\hardlinks\ln\test\RootReparse\bkp\F1\F1_J2\F1_F0_F0\F1_F0_F0.txt
E:\data\cpp\hardlinks\ln\test\RootReparse\bkp\F1\F1_J2\RD_F1_F0.txt
E:\data\cpp\hardlinks\ln\test\RootReparse\bkp\J0\F0_F0\F0_F0_F0\F0_F0_F0.txt
E:\data\cpp\hardlinks\ln\test\RootReparse\bkp\J0\F0_F0\RD_F0_F0.txt
E:\data\cpp\hardlinks\ln\test\RootReparse\bkp\J0\RD00.txt
E:\data\cpp\hardlinks\ln\test\RootReparse\bkp\J0\RD01.txt
E:\data\cpp\hardlinks\ln\test\RootReparse\bkp\J0\RD02.txt
E:\data\cpp\hardlinks\ln\test\RootReparse\bkp\J1\F1_F0\F1_F0_F0\F1_F0_F0.txt
E:\data\cpp\hardlinks\ln\test\RootReparse\bkp\J1\F1_F0\RD_F1_F0.txt
E:\data\cpp\hardlinks\ln\test\RootReparse\bkp\J1\RD00.txt
E:\data\cpp\hardlinks\ln\test\RootReparse\bkp\J1\RD01.txt
E:\data\cpp\hardlinks\ln\test\RootReparse\bkp\J1\RD02.txt
E:\data\cpp\hardlinks\ln\test\RootReparse\bkp\J2\F0_F0_F0\F0_F0_F0.txt
E:\data\cpp\hardlinks\ln\test\RootReparse\bkp\J2\RD_F0_F0.txt
