
D:\data\cpp\hardlinks\ln>..\bin\X64\Release\ln.exe --automated_test  --list test\siblings\Gallia\est\omnis\divisa\in\partes\tres\quarum\unam\incolunt\Belgae\aliam\Aquitani\tertiam\qui\ipsorum\lingua\Celtae\nostra\Galli\appellantur\Hi\omnes\lingua\institutis\legibus\inter\se\differunt\Gallos\ab\Aquitanis\Garumna\flumen\a\Belgis\Matrona\et\Sequana\dividit\Horum\omnium\fortissimi\sunt\source\Folder0\A  1>sortout 
D:\data\cpp\hardlinks\ln\test\siblings\Gallia\est\omnis\divisa\in\partes\tres\quarum\unam\incolunt\Belgae\aliam\Aquitani\tertiam\qui\ipsorum\lingua\Celtae\nostra\Galli\appellantur\Hi\omnes\lingua\institutis\legibus\inter\se\differunt\Gallos\ab\Aquitanis\Garumna\flumen\a\Belgis\Matrona\et\Sequana\dividit\Horum\omnium\fortissimi\sunt\source\E
D:\data\cpp\hardlinks\ln\test\siblings\Gallia\est\omnis\divisa\in\partes\tres\quarum\unam\incolunt\Belgae\aliam\Aquitani\tertiam\qui\ipsorum\lingua\Celtae\nostra\Galli\appellantur\Hi\omnes\lingua\institutis\legibus\inter\se\differunt\Gallos\ab\Aquitanis\Garumna\flumen\a\Belgis\Matrona\et\Sequana\dividit\Horum\omnium\fortissimi\sunt\source\Folder0\A
D:\data\cpp\hardlinks\ln\test\siblings\Gallia\est\omnis\divisa\in\partes\tres\quarum\unam\incolunt\Belgae\aliam\Aquitani\tertiam\qui\ipsorum\lingua\Celtae\nostra\Galli\appellantur\Hi\omnes\lingua\institutis\legibus\inter\se\differunt\Gallos\ab\Aquitanis\Garumna\flumen\a\Belgis\Matrona\et\Sequana\dividit\Horum\omnium\fortissimi\sunt\source\Folder1\B
D:\data\cpp\hardlinks\ln\test\siblings\Gallia\est\omnis\divisa\in\partes\tres\quarum\unam\incolunt\Belgae\aliam\Aquitani\tertiam\qui\ipsorum\lingua\Celtae\nostra\Galli\appellantur\Hi\omnes\lingua\institutis\legibus\inter\se\differunt\Gallos\ab\Aquitanis\Garumna\flumen\a\Belgis\Matrona\et\Sequana\dividit\Horum\omnium\fortissimi\sunt\source\Folder1\Folder2\C
D:\data\cpp\hardlinks\ln\test\siblings\Gallia\est\omnis\divisa\in\partes\tres\quarum\unam\incolunt\Belgae\aliam\Aquitani\tertiam\qui\ipsorum\lingua\Celtae\nostra\Galli\appellantur\Hi\omnes\lingua\institutis\legibus\inter\se\differunt\Gallos\ab\Aquitanis\Garumna\flumen\a\Belgis\Matrona\et\Sequana\dividit\Horum\omnium\fortissimi\sunt\source\Folder1\Folder3\D
ErrorLevel == 0

D:\data\cpp\hardlinks\ln>REM

D:\data\cpp\hardlinks\ln>REM List Hardlinks via local UNC Path 

D:\data\cpp\hardlinks\ln>REM

D:\data\cpp\hardlinks\ln>..\bin\X64\Release\ln.exe --automated_test  --list \\quadtatz\SiblingTest\source\e  1>sortout 
D:\data\cpp\hardlinks\ln\test\siblings\source\E
D:\data\cpp\hardlinks\ln\test\siblings\source\Folder0\A
D:\data\cpp\hardlinks\ln\test\siblings\source\Folder1\B
D:\data\cpp\hardlinks\ln\test\siblings\source\Folder1\Folder2\C
D:\data\cpp\hardlinks\ln\test\siblings\source\Folder1\Folder3\D
ErrorLevel == 0

D:\data\cpp\hardlinks\ln>REM

D:\data\cpp\hardlinks\ln>REM List Hardlinks via local UNC Path 

D:\data\cpp\hardlinks\ln>REM

D:\data\cpp\hardlinks\ln>..\bin\X64\Release\ln.exe --automated_test  --list \\\SiblingTest\source\e  1>sortout 
ERROR: Source directory '\\\SiblingTest\source\e' does not exist
ErrorLevel == -1

D:\data\cpp\hardlinks\ln>REM

D:\data\cpp\hardlinks\ln>REM List Hardlinks referenced by Symbolic links 

D:\data\cpp\hardlinks\ln>REM

D:\data\cpp\hardlinks\ln>..\bin\X64\Release\ln.exe --automated_test  --list test\siblings\Gallia\est\omnis\divisa\in\partes\tres\quarum\unam\incolunt\Belgae\aliam\Aquitani\tertiam\qui\ipsorum\lingua\Celtae\nostra\Galli\appellantur\Hi\omnes\lingua\institutis\legibus\inter\se\differunt\Gallos\ab\Aquitanis\Garumna\flumen\a\Belgis\Matrona\et\Sequana\dividit\Horum\omnium\fortissimi\sunt\source\Folder1\Folder2\C  1>sortout 
D:\data\cpp\hardlinks\ln\test\siblings\Gallia\est\omnis\divisa\in\partes\tres\quarum\unam\incolunt\Belgae\aliam\Aquitani\tertiam\qui\ipsorum\lingua\Celtae\nostra\Galli\appellantur\Hi\omnes\lingua\institutis\legibus\inter\se\differunt\Gallos\ab\Aquitanis\Garumna\flumen\a\Belgis\Matrona\et\Sequana\dividit\Horum\omnium\fortissimi\sunt\source\E
D:\data\cpp\hardlinks\ln\test\siblings\Gallia\est\omnis\divisa\in\partes\tres\quarum\unam\incolunt\Belgae\aliam\Aquitani\tertiam\qui\ipsorum\lingua\Celtae\nostra\Galli\appellantur\Hi\omnes\lingua\institutis\legibus\inter\se\differunt\Gallos\ab\Aquitanis\Garumna\flumen\a\Belgis\Matrona\et\Sequana\dividit\Horum\omnium\fortissimi\sunt\source\Folder0\A
D:\data\cpp\hardlinks\ln\test\siblings\Gallia\est\omnis\divisa\in\partes\tres\quarum\unam\incolunt\Belgae\aliam\Aquitani\tertiam\qui\ipsorum\lingua\Celtae\nostra\Galli\appellantur\Hi\omnes\lingua\institutis\legibus\inter\se\differunt\Gallos\ab\Aquitanis\Garumna\flumen\a\Belgis\Matrona\et\Sequana\dividit\Horum\omnium\fortissimi\sunt\source\Folder1\B
D:\data\cpp\hardlinks\ln\test\siblings\Gallia\est\omnis\divisa\in\partes\tres\quarum\unam\incolunt\Belgae\aliam\Aquitani\tertiam\qui\ipsorum\lingua\Celtae\nostra\Galli\appellantur\Hi\omnes\lingua\institutis\legibus\inter\se\differunt\Gallos\ab\Aquitanis\Garumna\flumen\a\Belgis\Matrona\et\Sequana\dividit\Horum\omnium\fortissimi\sunt\source\Folder1\Folder2\C
D:\data\cpp\hardlinks\ln\test\siblings\Gallia\est\omnis\divisa\in\partes\tres\quarum\unam\incolunt\Belgae\aliam\Aquitani\tertiam\qui\ipsorum\lingua\Celtae\nostra\Galli\appellantur\Hi\omnes\lingua\institutis\legibus\inter\se\differunt\Gallos\ab\Aquitanis\Garumna\flumen\a\Belgis\Matrona\et\Sequana\dividit\Horum\omnium\fortissimi\sunt\source\Folder1\Folder3\D
ErrorLevel == 0

D:\data\cpp\hardlinks\ln>REM

D:\data\cpp\hardlinks\ln>REM Add a few files for delorean Merge tests 

D:\data\cpp\hardlinks\ln>REM  

D:\data\cpp\hardlinks\ln>..\bin\X64\Release\ln.exe --automated_test  --merge test\siblings\Gallia\est\omnis\divisa\in\partes\tres\quarum\unam\incolunt\Belgae\aliam\Aquitani\tertiam\qui\ipsorum\lingua\Celtae\nostra\Galli\appellantur\Hi\omnes\lingua\institutis\legibus\inter\se\differunt\Gallos\ab\Aquitanis\Garumna\flumen\a\Belgis\Matrona\et\Sequana\dividit\Horum\omnium\fortissimi\sunt\dest\set1\bkp03 test\siblings\Gallia\est\omnis\divisa\in\partes\tres\quarum\unam\incolunt\Belgae\aliam\Aquitani\tertiam\qui\ipsorum\lingua\Celtae\nostra\Galli\appellantur\Hi\omnes\lingua\institutis\legibus\inter\se\differunt\Gallos\ab\Aquitanis\Garumna\flumen\a\Belgis\Matrona\et\Sequana\dividit\Horum\omnium\fortissimi\sunt\dest\set2\bkp04  1>sortout 


                      Overall
              Total    Copied    Linked   Skipped   Removed  Excluded    Failed
    Byte:     6.032       464    15.776         0         0         0         0
    File:        13         1        34         0         0         0         0
   Times:        00:00:00.002
  Folder:         5         0         -         5         0         0         0
 Symlink:         1         -         0         1         0         0         0
+f D:\data\cpp\hardlinks\ln\test\siblings\Gallia\est\omnis\divisa\in\partes\tres\quarum\unam\incolunt\Belgae\aliam\Aquitani\tertiam\qui\ipsorum\lingua\Celtae\nostra\Galli\appellantur\Hi\omnes\lingua\institutis\legibus\inter\se\differunt\Gallos\ab\Aquitanis\Garumna\flumen\a\Belgis\Matrona\et\Sequana\dividit\Horum\omnium\fortissimi\sunt\dest\set2\bkp04\Folder0\H
=d D:\data\cpp\hardlinks\ln\test\siblings\Gallia\est\omnis\divisa\in\partes\tres\quarum\unam\incolunt\Belgae\aliam\Aquitani\tertiam\qui\ipsorum\lingua\Celtae\nostra\Galli\appellantur\Hi\omnes\lingua\institutis\legibus\inter\se\differunt\Gallos\ab\Aquitanis\Garumna\flumen\a\Belgis\Matrona\et\Sequana\dividit\Horum\omnium\fortissimi\sunt\dest\set2\bkp04
=d D:\data\cpp\hardlinks\ln\test\siblings\Gallia\est\omnis\divisa\in\partes\tres\quarum\unam\incolunt\Belgae\aliam\Aquitani\tertiam\qui\ipsorum\lingua\Celtae\nostra\Galli\appellantur\Hi\omnes\lingua\institutis\legibus\inter\se\differunt\Gallos\ab\Aquitanis\Garumna\flumen\a\Belgis\Matrona\et\Sequana\dividit\Horum\omnium\fortissimi\sunt\dest\set2\bkp04\Folder0
=d D:\data\cpp\hardlinks\ln\test\siblings\Gallia\est\omnis\divisa\in\partes\tres\quarum\unam\incolunt\Belgae\aliam\Aquitani\tertiam\qui\ipsorum\lingua\Celtae\nostra\Galli\appellantur\Hi\omnes\lingua\institutis\legibus\inter\se\differunt\Gallos\ab\Aquitanis\Garumna\flumen\a\Belgis\Matrona\et\Sequana\dividit\Horum\omnium\fortissimi\sunt\dest\set2\bkp04\Folder1
=d D:\data\cpp\hardlinks\ln\test\siblings\Gallia\est\omnis\divisa\in\partes\tres\quarum\unam\incolunt\Belgae\aliam\Aquitani\tertiam\qui\ipsorum\lingua\Celtae\nostra\Galli\appellantur\Hi\omnes\lingua\institutis\legibus\inter\se\differunt\Gallos\ab\Aquitanis\Garumna\flumen\a\Belgis\Matrona\et\Sequana\dividit\Horum\omnium\fortissimi\sunt\dest\set2\bkp04\Folder1\Folder2
=d D:\data\cpp\hardlinks\ln\test\siblings\Gallia\est\omnis\divisa\in\partes\tres\quarum\unam\incolunt\Belgae\aliam\Aquitani\tertiam\qui\ipsorum\lingua\Celtae\nostra\Galli\appellantur\Hi\omnes\lingua\institutis\legibus\inter\se\differunt\Gallos\ab\Aquitanis\Garumna\flumen\a\Belgis\Matrona\et\Sequana\dividit\Horum\omnium\fortissimi\sunt\dest\set2\bkp04\Folder1\Folder3
=s D:\data\cpp\hardlinks\ln\test\siblings\Gallia\est\omnis\divisa\in\partes\tres\quarum\unam\incolunt\Belgae\aliam\Aquitani\tertiam\qui\ipsorum\lingua\Celtae\nostra\Galli\appellantur\Hi\omnes\lingua\institutis\legibus\inter\se\differunt\Gallos\ab\Aquitanis\Garumna\flumen\a\Belgis\Matrona\et\Sequana\dividit\Horum\omnium\fortissimi\sunt\dest\set2\bkp04\Folder1\Folder2\Sym_C
°f D:\data\cpp\hardlinks\ln\test\siblings\Gallia\est\omnis\divisa\in\partes\tres\quarum\unam\incolunt\Belgae\aliam\Aquitani\tertiam\qui\ipsorum\lingua\Celtae\nostra\Galli\appellantur\Hi\omnes\lingua\institutis\legibus\inter\se\differunt\Gallos\ab\Aquitanis\Garumna\flumen\a\Belgis\Matrona\et\Sequana\dividit\Horum\omnium\fortissimi\sunt\dest\set2\bkp04\Folder0\A_1
°f D:\data\cpp\hardlinks\ln\test\siblings\Gallia\est\omnis\divisa\in\partes\tres\quarum\unam\incolunt\Belgae\aliam\Aquitani\tertiam\qui\ipsorum\lingua\Celtae\nostra\Galli\appellantur\Hi\omnes\lingua\institutis\legibus\inter\se\differunt\Gallos\ab\Aquitanis\Garumna\flumen\a\Belgis\Matrona\et\Sequana\dividit\Horum\omnium\fortissimi\sunt\dest\set2\bkp04\Folder0\F
°f D:\data\cpp\hardlinks\ln\test\siblings\Gallia\est\omnis\divisa\in\partes\tres\quarum\unam\incolunt\Belgae\aliam\Aquitani\tertiam\qui\ipsorum\lingua\Celtae\nostra\Galli\appellantur\Hi\omnes\lingua\institutis\legibus\inter\se\differunt\Gallos\ab\Aquitanis\Garumna\flumen\a\Belgis\Matrona\et\Sequana\dividit\Horum\omnium\fortissimi\sunt\dest\set2\bkp04\Folder0\G
°f D:\data\cpp\hardlinks\ln\test\siblings\Gallia\est\omnis\divisa\in\partes\tres\quarum\unam\incolunt\Belgae\aliam\Aquitani\tertiam\qui\ipsorum\lingua\Celtae\nostra\Galli\appellantur\Hi\omnes\lingua\institutis\legibus\inter\se\differunt\Gallos\ab\Aquitanis\Garumna\flumen\a\Belgis\Matrona\et\Sequana\dividit\Horum\omnium\fortissimi\sunt\dest\set2\bkp04\Folder0\Z
°f D:\data\cpp\hardlinks\ln\test\siblings\Gallia\est\omnis\divisa\in\partes\tres\quarum\unam\incolunt\Belgae\aliam\Aquitani\tertiam\qui\ipsorum\lingua\Celtae\nostra\Galli\appellantur\Hi\omnes\lingua\institutis\legibus\inter\se\differunt\Gallos\ab\Aquitanis\Garumna\flumen\a\Belgis\Matrona\et\Sequana\dividit\Horum\omnium\fortissimi\sunt\dest\set2\bkp04\Folder1\Folder3\D
Junction:         0         -         0         0         0         0         0


D:\data\cpp\hardlinks\ln>REM Check the outcome 

D:\data\cpp\hardlinks\ln>REM
test\siblings\Gallia\est\omnis\divisa\in\partes\tres\quarum\unam\incolunt\Belgae\aliam\Aquitani\tertiam\qui\ipsorum\lingua\Celtae\nostra\Galli\appellantur\Hi\omnes\lingua\institutis\legibus\inter\se\differunt\Gallos\ab\Aquitanis\Garumna\flumen\a\Belgis\Matrona\et\Sequana\dividit\Horum\omnium\fortissimi\sunt\dest\set2\bkp04\Folder0\A_1:24
test\siblings\Gallia\est\omnis\divisa\in\partes\tres\quarum\unam\incolunt\Belgae\aliam\Aquitani\tertiam\qui\ipsorum\lingua\Celtae\nostra\Galli\appellantur\Hi\omnes\lingua\institutis\legibus\inter\se\differunt\Gallos\ab\Aquitanis\Garumna\flumen\a\Belgis\Matrona\et\Sequana\dividit\Horum\omnium\fortissimi\sunt\dest\set2\bkp04\Folder0\F:6
test\siblings\Gallia\est\omnis\divisa\in\partes\tres\quarum\unam\incolunt\Belgae\aliam\Aquitani\tertiam\qui\ipsorum\lingua\Celtae\nostra\Galli\appellantur\Hi\omnes\lingua\institutis\legibus\inter\se\differunt\Gallos\ab\Aquitanis\Garumna\flumen\a\Belgis\Matrona\et\Sequana\dividit\Horum\omnium\fortissimi\sunt\dest\set2\bkp04\Folder0\G:4
test\siblings\Gallia\est\omnis\divisa\in\partes\tres\quarum\unam\incolunt\Belgae\aliam\Aquitani\tertiam\qui\ipsorum\lingua\Celtae\nostra\Galli\appellantur\Hi\omnes\lingua\institutis\legibus\inter\se\differunt\Gallos\ab\Aquitanis\Garumna\flumen\a\Belgis\Matrona\et\Sequana\dividit\Horum\omnium\fortissimi\sunt\dest\set1\bkp03\Folder0\H:3
test\siblings\Gallia\est\omnis\divisa\in\partes\tres\quarum\unam\incolunt\Belgae\aliam\Aquitani\tertiam\qui\ipsorum\lingua\Celtae\nostra\Galli\appellantur\Hi\omnes\lingua\institutis\legibus\inter\se\differunt\Gallos\ab\Aquitanis\Garumna\flumen\a\Belgis\Matrona\et\Sequana\dividit\Horum\omnium\fortissimi\sunt\dest\set2\bkp04\Folder0\Z:4
test\siblings\Gallia\est\omnis\divisa\in\partes\tres\quarum\unam\incolunt\Belgae\aliam\Aquitani\tertiam\qui\ipsorum\lingua\Celtae\nostra\Galli\appellantur\Hi\omnes\lingua\institutis\legibus\inter\se\differunt\Gallos\ab\Aquitanis\Garumna\flumen\a\Belgis\Matrona\et\Sequana\dividit\Horum\omnium\fortissimi\sunt\dest\set2\bkp04\Folder1\Folder3\D:30
test\siblings\Gallia\est\omnis\divisa\in\partes\tres\quarum\unam\incolunt\Belgae\aliam\Aquitani\tertiam\qui\ipsorum\lingua\Celtae\nostra\Galli\appellantur\Hi\omnes\lingua\institutis\legibus\inter\se\differunt\Gallos\ab\Aquitanis\Garumna\flumen\a\Belgis\Matrona\et\Sequana\dividit\Horum\omnium\fortissimi\sunt\dest\set2\bkp06\Folder0\I:3

D:\data\cpp\hardlinks\ln>..\bin\X64\Release\ln.exe --automated_test --list test\siblings\Gallia\est\omnis\divisa\in\partes\tres\quarum\unam\incolunt\Belgae\aliam\Aquitani\tertiam\qui\ipsorum\lingua\Celtae\nostra\Galli\appellantur\Hi\omnes\lingua\institutis\legibus\inter\se\differunt\Gallos\ab\Aquitanis\Garumna\flumen\a\Belgis\Matrona\et\Sequana\dividit\Horum\omnium\fortissimi\sunt\dest\set2\bkp04\Folder0\A_1   | sort
D:\data\cpp\hardlinks\ln\test\siblings\Gallia\est\omnis\divisa\in\partes\tres\quarum\unam\incolunt\Belgae\aliam\Aquitani\tertiam\qui\ipsorum\lingua\Celtae\nostra\Galli\appellantur\Hi\omnes\lingua\institutis\legibus\inter\se\differunt\Gallos\ab\Aquitanis\Garumna\flumen\a\Belgis\Matrona\et\Sequana\dividit\Horum\omnium\fortissimi\sunt\dest\set1\bkp01\Folder0\A_1
D:\data\cpp\hardlinks\ln\test\siblings\Gallia\est\omnis\divisa\in\partes\tres\quarum\unam\incolunt\Belgae\aliam\Aquitani\tertiam\qui\ipsorum\lingua\Celtae\nostra\Galli\appellantur\Hi\omnes\lingua\institutis\legibus\inter\se\differunt\Gallos\ab\Aquitanis\Garumna\flumen\a\Belgis\Matrona\et\Sequana\dividit\Horum\omnium\fortissimi\sunt\dest\set1\bkp01\Folder0\A_2
D:\data\cpp\hardlinks\ln\test\siblings\Gallia\est\omnis\divisa\in\partes\tres\quarum\unam\incolunt\Belgae\aliam\Aquitani\tertiam\qui\ipsorum\lingua\Celtae\nostra\Galli\appellantur\Hi\omnes\lingua\institutis\legibus\inter\se\differunt\Gallos\ab\Aquitanis\Garumna\flumen\a\Belgis\Matrona\et\Sequana\dividit\Horum\omnium\fortissimi\sunt\dest\set1\bkp01\Folder0\A_3
D:\data\cpp\hardlinks\ln\test\siblings\Gallia\est\omnis\divisa\in\partes\tres\quarum\unam\incolunt\Belgae\aliam\Aquitani\tertiam\qui\ipsorum\lingua\Celtae\nostra\Galli\appellantur\Hi\omnes\lingua\institutis\legibus\inter\se\differunt\Gallos\ab\Aquitanis\Garumna\flumen\a\Belgis\Matrona\et\Sequana\dividit\Horum\omnium\fortissimi\sunt\dest\set1\bkp01\Folder1\A_4
D:\data\cpp\hardlinks\ln\test\siblings\Gallia\est\omnis\divisa\in\partes\tres\quarum\unam\incolunt\Belgae\aliam\Aquitani\tertiam\qui\ipsorum\lingua\Celtae\nostra\Galli\appellantur\Hi\omnes\lingua\institutis\legibus\inter\se\differunt\Gallos\ab\Aquitanis\Garumna\flumen\a\Belgis\Matrona\et\Sequana\dividit\Horum\omnium\fortissimi\sunt\dest\set1\bkp02\Folder0\A_1
D:\data\cpp\hardlinks\ln\test\siblings\Gallia\est\omnis\divisa\in\partes\tres\quarum\unam\incolunt\Belgae\aliam\Aquitani\tertiam\qui\ipsorum\lingua\Celtae\nostra\Galli\appellantur\Hi\omnes\lingua\institutis\legibus\inter\se\differunt\Gallos\ab\Aquitanis\Garumna\flumen\a\Belgis\Matrona\et\Sequana\dividit\Horum\omnium\fortissimi\sunt\dest\set1\bkp02\Folder0\A_2
D:\data\cpp\hardlinks\ln\test\siblings\Gallia\est\omnis\divisa\in\partes\tres\quarum\unam\incolunt\Belgae\aliam\Aquitani\tertiam\qui\ipsorum\lingua\Celtae\nostra\Galli\appellantur\Hi\omnes\lingua\institutis\legibus\inter\se\differunt\Gallos\ab\Aquitanis\Garumna\flumen\a\Belgis\Matrona\et\Sequana\dividit\Horum\omnium\fortissimi\sunt\dest\set1\bkp02\Folder0\A_3
D:\data\cpp\hardlinks\ln\test\siblings\Gallia\est\omnis\divisa\in\partes\tres\quarum\unam\incolunt\Belgae\aliam\Aquitani\tertiam\qui\ipsorum\lingua\Celtae\nostra\Galli\appellantur\Hi\omnes\lingua\institutis\legibus\inter\se\differunt\Gallos\ab\Aquitanis\Garumna\flumen\a\Belgis\Matrona\et\Sequana\dividit\Horum\omnium\fortissimi\sunt\dest\set1\bkp02\Folder1\A_4
D:\data\cpp\hardlinks\ln\test\siblings\Gallia\est\omnis\divisa\in\partes\tres\quarum\unam\incolunt\Belgae\aliam\Aquitani\tertiam\qui\ipsorum\lingua\Celtae\nostra\Galli\appellantur\Hi\omnes\lingua\institutis\legibus\inter\se\differunt\Gallos\ab\Aquitanis\Garumna\flumen\a\Belgis\Matrona\et\Sequana\dividit\Horum\omnium\fortissimi\sunt\dest\set1\bkp03\Folder0\A_1
D:\data\cpp\hardlinks\ln\test\siblings\Gallia\est\omnis\divisa\in\partes\tres\quarum\unam\incolunt\Belgae\aliam\Aquitani\tertiam\qui\ipsorum\lingua\Celtae\nostra\Galli\appellantur\Hi\omnes\lingua\institutis\legibus\inter\se\differunt\Gallos\ab\Aquitanis\Garumna\flumen\a\Belgis\Matrona\et\Sequana\dividit\Horum\omnium\fortissimi\sunt\dest\set1\bkp03\Folder0\A_2
D:\data\cpp\hardlinks\ln\test\siblings\Gallia\est\omnis\divisa\in\partes\tres\quarum\unam\incolunt\Belgae\aliam\Aquitani\tertiam\qui\ipsorum\lingua\Celtae\nostra\Galli\appellantur\Hi\omnes\lingua\institutis\legibus\inter\se\differunt\Gallos\ab\Aquitanis\Garumna\flumen\a\Belgis\Matrona\et\Sequana\dividit\Horum\omnium\fortissimi\sunt\dest\set1\bkp03\Folder0\A_3
D:\data\cpp\hardlinks\ln\test\siblings\Gallia\est\omnis\divisa\in\partes\tres\quarum\unam\incolunt\Belgae\aliam\Aquitani\tertiam\qui\ipsorum\lingua\Celtae\nostra\Galli\appellantur\Hi\omnes\lingua\institutis\legibus\inter\se\differunt\Gallos\ab\Aquitanis\Garumna\flumen\a\Belgis\Matrona\et\Sequana\dividit\Horum\omnium\fortissimi\sunt\dest\set1\bkp03\Folder1\A_4
D:\data\cpp\hardlinks\ln\test\siblings\Gallia\est\omnis\divisa\in\partes\tres\quarum\unam\incolunt\Belgae\aliam\Aquitani\tertiam\qui\ipsorum\lingua\Celtae\nostra\Galli\appellantur\Hi\omnes\lingua\institutis\legibus\inter\se\differunt\Gallos\ab\Aquitanis\Garumna\flumen\a\Belgis\Matrona\et\Sequana\dividit\Horum\omnium\fortissimi\sunt\dest\set2\bkp04\Folder0\A_1
D:\data\cpp\hardlinks\ln\test\siblings\Gallia\est\omnis\divisa\in\partes\tres\quarum\unam\incolunt\Belgae\aliam\Aquitani\tertiam\qui\ipsorum\lingua\Celtae\nostra\Galli\appellantur\Hi\omnes\lingua\institutis\legibus\inter\se\differunt\Gallos\ab\Aquitanis\Garumna\flumen\a\Belgis\Matrona\et\Sequana\dividit\Horum\omnium\fortissimi\sunt\dest\set2\bkp04\Folder0\A_2
D:\data\cpp\hardlinks\ln\test\siblings\Gallia\est\omnis\divisa\in\partes\tres\quarum\unam\incolunt\Belgae\aliam\Aquitani\tertiam\qui\ipsorum\lingua\Celtae\nostra\Galli\appellantur\Hi\omnes\lingua\institutis\legibus\inter\se\differunt\Gallos\ab\Aquitanis\Garumna\flumen\a\Belgis\Matrona\et\Sequana\dividit\Horum\omnium\fortissimi\sunt\dest\set2\bkp04\Folder0\A_3
D:\data\cpp\hardlinks\ln\test\siblings\Gallia\est\omnis\divisa\in\partes\tres\quarum\unam\incolunt\Belgae\aliam\Aquitani\tertiam\qui\ipsorum\lingua\Celtae\nostra\Galli\appellantur\Hi\omnes\lingua\institutis\legibus\inter\se\differunt\Gallos\ab\Aquitanis\Garumna\flumen\a\Belgis\Matrona\et\Sequana\dividit\Horum\omnium\fortissimi\sunt\dest\set2\bkp04\Folder1\A_4
D:\data\cpp\hardlinks\ln\test\siblings\Gallia\est\omnis\divisa\in\partes\tres\quarum\unam\incolunt\Belgae\aliam\Aquitani\tertiam\qui\ipsorum\lingua\Celtae\nostra\Galli\appellantur\Hi\omnes\lingua\institutis\legibus\inter\se\differunt\Gallos\ab\Aquitanis\Garumna\flumen\a\Belgis\Matrona\et\Sequana\dividit\Horum\omnium\fortissimi\sunt\dest\set2\bkp05\Folder0\A_1
D:\data\cpp\hardlinks\ln\test\siblings\Gallia\est\omnis\divisa\in\partes\tres\quarum\unam\incolunt\Belgae\aliam\Aquitani\tertiam\qui\ipsorum\lingua\Celtae\nostra\Galli\appellantur\Hi\omnes\lingua\institutis\legibus\inter\se\differunt\Gallos\ab\Aquitanis\Garumna\flumen\a\Belgis\Matrona\et\Sequana\dividit\Horum\omnium\fortissimi\sunt\dest\set2\bkp05\Folder0\A_2
D:\data\cpp\hardlinks\ln\test\siblings\Gallia\est\omnis\divisa\in\partes\tres\quarum\unam\incolunt\Belgae\aliam\Aquitani\tertiam\qui\ipsorum\lingua\Celtae\nostra\Galli\appellantur\Hi\omnes\lingua\institutis\legibus\inter\se\differunt\Gallos\ab\Aquitanis\Garumna\flumen\a\Belgis\Matrona\et\Sequana\dividit\Horum\omnium\fortissimi\sunt\dest\set2\bkp05\Folder0\A_3
D:\data\cpp\hardlinks\ln\test\siblings\Gallia\est\omnis\divisa\in\partes\tres\quarum\unam\incolunt\Belgae\aliam\Aquitani\tertiam\qui\ipsorum\lingua\Celtae\nostra\Galli\appellantur\Hi\omnes\lingua\institutis\legibus\inter\se\differunt\Gallos\ab\Aquitanis\Garumna\flumen\a\Belgis\Matrona\et\Sequana\dividit\Horum\omnium\fortissimi\sunt\dest\set2\bkp05\Folder1\A_4
D:\data\cpp\hardlinks\ln\test\siblings\Gallia\est\omnis\divisa\in\partes\tres\quarum\unam\incolunt\Belgae\aliam\Aquitani\tertiam\qui\ipsorum\lingua\Celtae\nostra\Galli\appellantur\Hi\omnes\lingua\institutis\legibus\inter\se\differunt\Gallos\ab\Aquitanis\Garumna\flumen\a\Belgis\Matrona\et\Sequana\dividit\Horum\omnium\fortissimi\sunt\dest\set2\bkp06\Folder0\A_1
D:\data\cpp\hardlinks\ln\test\siblings\Gallia\est\omnis\divisa\in\partes\tres\quarum\unam\incolunt\Belgae\aliam\Aquitani\tertiam\qui\ipsorum\lingua\Celtae\nostra\Galli\appellantur\Hi\omnes\lingua\institutis\legibus\inter\se\differunt\Gallos\ab\Aquitanis\Garumna\flumen\a\Belgis\Matrona\et\Sequana\dividit\Horum\omnium\fortissimi\sunt\dest\set2\bkp06\Folder0\A_2
D:\data\cpp\hardlinks\ln\test\siblings\Gallia\est\omnis\divisa\in\partes\tres\quarum\unam\incolunt\Belgae\aliam\Aquitani\tertiam\qui\ipsorum\lingua\Celtae\nostra\Galli\appellantur\Hi\omnes\lingua\institutis\legibus\inter\se\differunt\Gallos\ab\Aquitanis\Garumna\flumen\a\Belgis\Matrona\et\Sequana\dividit\Horum\omnium\fortissimi\sunt\dest\set2\bkp06\Folder0\A_3
D:\data\cpp\hardlinks\ln\test\siblings\Gallia\est\omnis\divisa\in\partes\tres\quarum\unam\incolunt\Belgae\aliam\Aquitani\tertiam\qui\ipsorum\lingua\Celtae\nostra\Galli\appellantur\Hi\omnes\lingua\institutis\legibus\inter\se\differunt\Gallos\ab\Aquitanis\Garumna\flumen\a\Belgis\Matrona\et\Sequana\dividit\Horum\omnium\fortissimi\sunt\dest\set2\bkp06\Folder1\A_4

D:\data\cpp\hardlinks\ln>..\bin\X64\Release\ln.exe --automated_test --list test\siblings\Gallia\est\omnis\divisa\in\partes\tres\quarum\unam\incolunt\Belgae\aliam\Aquitani\tertiam\qui\ipsorum\lingua\Celtae\nostra\Galli\appellantur\Hi\omnes\lingua\institutis\legibus\inter\se\differunt\Gallos\ab\Aquitanis\Garumna\flumen\a\Belgis\Matrona\et\Sequana\dividit\Horum\omnium\fortissimi\sunt\dest\set2\bkp04\Folder0\G   | sort
D:\data\cpp\hardlinks\ln\test\siblings\Gallia\est\omnis\divisa\in\partes\tres\quarum\unam\incolunt\Belgae\aliam\Aquitani\tertiam\qui\ipsorum\lingua\Celtae\nostra\Galli\appellantur\Hi\omnes\lingua\institutis\legibus\inter\se\differunt\Gallos\ab\Aquitanis\Garumna\flumen\a\Belgis\Matrona\et\Sequana\dividit\Horum\omnium\fortissimi\sunt\dest\set1\bkp01\Folder0\G
D:\data\cpp\hardlinks\ln\test\siblings\Gallia\est\omnis\divisa\in\partes\tres\quarum\unam\incolunt\Belgae\aliam\Aquitani\tertiam\qui\ipsorum\lingua\Celtae\nostra\Galli\appellantur\Hi\omnes\lingua\institutis\legibus\inter\se\differunt\Gallos\ab\Aquitanis\Garumna\flumen\a\Belgis\Matrona\et\Sequana\dividit\Horum\omnium\fortissimi\sunt\dest\set1\bkp02\Folder0\G
D:\data\cpp\hardlinks\ln\test\siblings\Gallia\est\omnis\divisa\in\partes\tres\quarum\unam\incolunt\Belgae\aliam\Aquitani\tertiam\qui\ipsorum\lingua\Celtae\nostra\Galli\appellantur\Hi\omnes\lingua\institutis\legibus\inter\se\differunt\Gallos\ab\Aquitanis\Garumna\flumen\a\Belgis\Matrona\et\Sequana\dividit\Horum\omnium\fortissimi\sunt\dest\set1\bkp03\Folder0\G
D:\data\cpp\hardlinks\ln\test\siblings\Gallia\est\omnis\divisa\in\partes\tres\quarum\unam\incolunt\Belgae\aliam\Aquitani\tertiam\qui\ipsorum\lingua\Celtae\nostra\Galli\appellantur\Hi\omnes\lingua\institutis\legibus\inter\se\differunt\Gallos\ab\Aquitanis\Garumna\flumen\a\Belgis\Matrona\et\Sequana\dividit\Horum\omnium\fortissimi\sunt\dest\set2\bkp04\Folder0\G

D:\data\cpp\hardlinks\ln>..\bin\X64\Release\ln.exe --automated_test --list test\siblings\Gallia\est\omnis\divisa\in\partes\tres\quarum\unam\incolunt\Belgae\aliam\Aquitani\tertiam\qui\ipsorum\lingua\Celtae\nostra\Galli\appellantur\Hi\omnes\lingua\institutis\legibus\inter\se\differunt\Gallos\ab\Aquitanis\Garumna\flumen\a\Belgis\Matrona\et\Sequana\dividit\Horum\omnium\fortissimi\sunt\dest\set1\bkp03\Folder0\H   | sort
D:\data\cpp\hardlinks\ln\test\siblings\Gallia\est\omnis\divisa\in\partes\tres\quarum\unam\incolunt\Belgae\aliam\Aquitani\tertiam\qui\ipsorum\lingua\Celtae\nostra\Galli\appellantur\Hi\omnes\lingua\institutis\legibus\inter\se\differunt\Gallos\ab\Aquitanis\Garumna\flumen\a\Belgis\Matrona\et\Sequana\dividit\Horum\omnium\fortissimi\sunt\dest\set1\bkp01\Folder0\H
D:\data\cpp\hardlinks\ln\test\siblings\Gallia\est\omnis\divisa\in\partes\tres\quarum\unam\incolunt\Belgae\aliam\Aquitani\tertiam\qui\ipsorum\lingua\Celtae\nostra\Galli\appellantur\Hi\omnes\lingua\institutis\legibus\inter\se\differunt\Gallos\ab\Aquitanis\Garumna\flumen\a\Belgis\Matrona\et\Sequana\dividit\Horum\omnium\fortissimi\sunt\dest\set1\bkp02\Folder0\H
D:\data\cpp\hardlinks\ln\test\siblings\Gallia\est\omnis\divisa\in\partes\tres\quarum\unam\incolunt\Belgae\aliam\Aquitani\tertiam\qui\ipsorum\lingua\Celtae\nostra\Galli\appellantur\Hi\omnes\lingua\institutis\legibus\inter\se\differunt\Gallos\ab\Aquitanis\Garumna\flumen\a\Belgis\Matrona\et\Sequana\dividit\Horum\omnium\fortissimi\sunt\dest\set1\bkp03\Folder0\H

D:\data\cpp\hardlinks\ln>..\bin\X64\Release\ln.exe --automated_test --list test\siblings\Gallia\est\omnis\divisa\in\partes\tres\quarum\unam\incolunt\Belgae\aliam\Aquitani\tertiam\qui\ipsorum\lingua\Celtae\nostra\Galli\appellantur\Hi\omnes\lingua\institutis\legibus\inter\se\differunt\Gallos\ab\Aquitanis\Garumna\flumen\a\Belgis\Matrona\et\Sequana\dividit\Horum\omnium\fortissimi\sunt\dest\set2\bkp04\Folder0\F   | sort
D:\data\cpp\hardlinks\ln\test\siblings\Gallia\est\omnis\divisa\in\partes\tres\quarum\unam\incolunt\Belgae\aliam\Aquitani\tertiam\qui\ipsorum\lingua\Celtae\nostra\Galli\appellantur\Hi\omnes\lingua\institutis\legibus\inter\se\differunt\Gallos\ab\Aquitanis\Garumna\flumen\a\Belgis\Matrona\et\Sequana\dividit\Horum\omnium\fortissimi\sunt\dest\set1\bkp01\Folder0\F
D:\data\cpp\hardlinks\ln\test\siblings\Gallia\est\omnis\divisa\in\partes\tres\quarum\unam\incolunt\Belgae\aliam\Aquitani\tertiam\qui\ipsorum\lingua\Celtae\nostra\Galli\appellantur\Hi\omnes\lingua\institutis\legibus\inter\se\differunt\Gallos\ab\Aquitanis\Garumna\flumen\a\Belgis\Matrona\et\Sequana\dividit\Horum\omnium\fortissimi\sunt\dest\set1\bkp02\Folder0\F
D:\data\cpp\hardlinks\ln\test\siblings\Gallia\est\omnis\divisa\in\partes\tres\quarum\unam\incolunt\Belgae\aliam\Aquitani\tertiam\qui\ipsorum\lingua\Celtae\nostra\Galli\appellantur\Hi\omnes\lingua\institutis\legibus\inter\se\differunt\Gallos\ab\Aquitanis\Garumna\flumen\a\Belgis\Matrona\et\Sequana\dividit\Horum\omnium\fortissimi\sunt\dest\set1\bkp03\Folder0\F
D:\data\cpp\hardlinks\ln\test\siblings\Gallia\est\omnis\divisa\in\partes\tres\quarum\unam\incolunt\Belgae\aliam\Aquitani\tertiam\qui\ipsorum\lingua\Celtae\nostra\Galli\appellantur\Hi\omnes\lingua\institutis\legibus\inter\se\differunt\Gallos\ab\Aquitanis\Garumna\flumen\a\Belgis\Matrona\et\Sequana\dividit\Horum\omnium\fortissimi\sunt\dest\set2\bkp04\Folder0\F
D:\data\cpp\hardlinks\ln\test\siblings\Gallia\est\omnis\divisa\in\partes\tres\quarum\unam\incolunt\Belgae\aliam\Aquitani\tertiam\qui\ipsorum\lingua\Celtae\nostra\Galli\appellantur\Hi\omnes\lingua\institutis\legibus\inter\se\differunt\Gallos\ab\Aquitanis\Garumna\flumen\a\Belgis\Matrona\et\Sequana\dividit\Horum\omnium\fortissimi\sunt\dest\set2\bkp05\Folder0\F
D:\data\cpp\hardlinks\ln\test\siblings\Gallia\est\omnis\divisa\in\partes\tres\quarum\unam\incolunt\Belgae\aliam\Aquitani\tertiam\qui\ipsorum\lingua\Celtae\nostra\Galli\appellantur\Hi\omnes\lingua\institutis\legibus\inter\se\differunt\Gallos\ab\Aquitanis\Garumna\flumen\a\Belgis\Matrona\et\Sequana\dividit\Horum\omnium\fortissimi\sunt\dest\set2\bkp06\Folder0\F

D:\data\cpp\hardlinks\ln>..\bin\X64\Release\ln.exe --automated_test --list test\siblings\Gallia\est\omnis\divisa\in\partes\tres\quarum\unam\incolunt\Belgae\aliam\Aquitani\tertiam\qui\ipsorum\lingua\Celtae\nostra\Galli\appellantur\Hi\omnes\lingua\institutis\legibus\inter\se\differunt\Gallos\ab\Aquitanis\Garumna\flumen\a\Belgis\Matrona\et\Sequana\dividit\Horum\omnium\fortissimi\sunt\dest\set2\bkp04\Folder0\Z   | sort
D:\data\cpp\hardlinks\ln\test\siblings\Gallia\est\omnis\divisa\in\partes\tres\quarum\unam\incolunt\Belgae\aliam\Aquitani\tertiam\qui\ipsorum\lingua\Celtae\nostra\Galli\appellantur\Hi\omnes\lingua\institutis\legibus\inter\se\differunt\Gallos\ab\Aquitanis\Garumna\flumen\a\Belgis\Matrona\et\Sequana\dividit\Horum\omnium\fortissimi\sunt\dest\set1\bkp03\Folder0\Z
D:\data\cpp\hardlinks\ln\test\siblings\Gallia\est\omnis\divisa\in\partes\tres\quarum\unam\incolunt\Belgae\aliam\Aquitani\tertiam\qui\ipsorum\lingua\Celtae\nostra\Galli\appellantur\Hi\omnes\lingua\institutis\legibus\inter\se\differunt\Gallos\ab\Aquitanis\Garumna\flumen\a\Belgis\Matrona\et\Sequana\dividit\Horum\omnium\fortissimi\sunt\dest\set2\bkp04\Folder0\Z
D:\data\cpp\hardlinks\ln\test\siblings\Gallia\est\omnis\divisa\in\partes\tres\quarum\unam\incolunt\Belgae\aliam\Aquitani\tertiam\qui\ipsorum\lingua\Celtae\nostra\Galli\appellantur\Hi\omnes\lingua\institutis\legibus\inter\se\differunt\Gallos\ab\Aquitanis\Garumna\flumen\a\Belgis\Matrona\et\Sequana\dividit\Horum\omnium\fortissimi\sunt\dest\set2\bkp05\Folder0\Z
D:\data\cpp\hardlinks\ln\test\siblings\Gallia\est\omnis\divisa\in\partes\tres\quarum\unam\incolunt\Belgae\aliam\Aquitani\tertiam\qui\ipsorum\lingua\Celtae\nostra\Galli\appellantur\Hi\omnes\lingua\institutis\legibus\inter\se\differunt\Gallos\ab\Aquitanis\Garumna\flumen\a\Belgis\Matrona\et\Sequana\dividit\Horum\omnium\fortissimi\sunt\dest\set2\bkp06\Folder0\Z

D:\data\cpp\hardlinks\ln>..\bin\X64\Release\ln.exe --automated_test --list test\siblings\Gallia\est\omnis\divisa\in\partes\tres\quarum\unam\incolunt\Belgae\aliam\Aquitani\tertiam\qui\ipsorum\lingua\Celtae\nostra\Galli\appellantur\Hi\omnes\lingua\institutis\legibus\inter\se\differunt\Gallos\ab\Aquitanis\Garumna\flumen\a\Belgis\Matrona\et\Sequana\dividit\Horum\omnium\fortissimi\sunt\dest\set2\bkp06\Folder0\I   | sort
D:\data\cpp\hardlinks\ln\test\siblings\Gallia\est\omnis\divisa\in\partes\tres\quarum\unam\incolunt\Belgae\aliam\Aquitani\tertiam\qui\ipsorum\lingua\Celtae\nostra\Galli\appellantur\Hi\omnes\lingua\institutis\legibus\inter\se\differunt\Gallos\ab\Aquitanis\Garumna\flumen\a\Belgis\Matrona\et\Sequana\dividit\Horum\omnium\fortissimi\sunt\dest\set2\bkp04\Folder0\I
D:\data\cpp\hardlinks\ln\test\siblings\Gallia\est\omnis\divisa\in\partes\tres\quarum\unam\incolunt\Belgae\aliam\Aquitani\tertiam\qui\ipsorum\lingua\Celtae\nostra\Galli\appellantur\Hi\omnes\lingua\institutis\legibus\inter\se\differunt\Gallos\ab\Aquitanis\Garumna\flumen\a\Belgis\Matrona\et\Sequana\dividit\Horum\omnium\fortissimi\sunt\dest\set2\bkp05\Folder0\I
D:\data\cpp\hardlinks\ln\test\siblings\Gallia\est\omnis\divisa\in\partes\tres\quarum\unam\incolunt\Belgae\aliam\Aquitani\tertiam\qui\ipsorum\lingua\Celtae\nostra\Galli\appellantur\Hi\omnes\lingua\institutis\legibus\inter\se\differunt\Gallos\ab\Aquitanis\Garumna\flumen\a\Belgis\Matrona\et\Sequana\dividit\Horum\omnium\fortissimi\sunt\dest\set2\bkp06\Folder0\I

D:\data\cpp\hardlinks\ln>REM Merge already hardlinked folders 

D:\data\cpp\hardlinks\ln>REM

D:\data\cpp\hardlinks\ln>..\bin\X64\Release\ln.exe --automated_test  --merge test\siblings\Gallia\est\omnis\divisa\in\partes\tres\quarum\unam\incolunt\Belgae\aliam\Aquitani\tertiam\qui\ipsorum\lingua\Celtae\nostra\Galli\appellantur\Hi\omnes\lingua\institutis\legibus\inter\se\differunt\Gallos\ab\Aquitanis\Garumna\flumen\a\Belgis\Matrona\et\Sequana\dividit\Horum\omnium\fortissimi\sunt\dest\set1\bkp03 test\siblings\Gallia\est\omnis\divisa\in\partes\tres\quarum\unam\incolunt\Belgae\aliam\Aquitani\tertiam\qui\ipsorum\lingua\Celtae\nostra\Galli\appellantur\Hi\omnes\lingua\institutis\legibus\inter\se\differunt\Gallos\ab\Aquitanis\Garumna\flumen\a\Belgis\Matrona\et\Sequana\dividit\Horum\omnium\fortissimi\sunt\dest\set2\bkp04  1>sortout 


                      Overall
              Total    Copied    Linked   Skipped   Removed  Excluded    Failed
    Byte:     6.032         0       464         0         0         0         0
    File:        13         0         1         0         0         0         0
   Times:        00:00:00.002
  Folder:         5         0         -         5         0         0         0
 Symlink:         1         -         0         1         0         0         0
=d D:\data\cpp\hardlinks\ln\test\siblings\Gallia\est\omnis\divisa\in\partes\tres\quarum\unam\incolunt\Belgae\aliam\Aquitani\tertiam\qui\ipsorum\lingua\Celtae\nostra\Galli\appellantur\Hi\omnes\lingua\institutis\legibus\inter\se\differunt\Gallos\ab\Aquitanis\Garumna\flumen\a\Belgis\Matrona\et\Sequana\dividit\Horum\omnium\fortissimi\sunt\dest\set2\bkp04
=d D:\data\cpp\hardlinks\ln\test\siblings\Gallia\est\omnis\divisa\in\partes\tres\quarum\unam\incolunt\Belgae\aliam\Aquitani\tertiam\qui\ipsorum\lingua\Celtae\nostra\Galli\appellantur\Hi\omnes\lingua\institutis\legibus\inter\se\differunt\Gallos\ab\Aquitanis\Garumna\flumen\a\Belgis\Matrona\et\Sequana\dividit\Horum\omnium\fortissimi\sunt\dest\set2\bkp04\Folder0
=d D:\data\cpp\hardlinks\ln\test\siblings\Gallia\est\omnis\divisa\in\partes\tres\quarum\unam\incolunt\Belgae\aliam\Aquitani\tertiam\qui\ipsorum\lingua\Celtae\nostra\Galli\appellantur\Hi\omnes\lingua\institutis\legibus\inter\se\differunt\Gallos\ab\Aquitanis\Garumna\flumen\a\Belgis\Matrona\et\Sequana\dividit\Horum\omnium\fortissimi\sunt\dest\set2\bkp04\Folder1
=d D:\data\cpp\hardlinks\ln\test\siblings\Gallia\est\omnis\divisa\in\partes\tres\quarum\unam\incolunt\Belgae\aliam\Aquitani\tertiam\qui\ipsorum\lingua\Celtae\nostra\Galli\appellantur\Hi\omnes\lingua\institutis\legibus\inter\se\differunt\Gallos\ab\Aquitanis\Garumna\flumen\a\Belgis\Matrona\et\Sequana\dividit\Horum\omnium\fortissimi\sunt\dest\set2\bkp04\Folder1\Folder2
=d D:\data\cpp\hardlinks\ln\test\siblings\Gallia\est\omnis\divisa\in\partes\tres\quarum\unam\incolunt\Belgae\aliam\Aquitani\tertiam\qui\ipsorum\lingua\Celtae\nostra\Galli\appellantur\Hi\omnes\lingua\institutis\legibus\inter\se\differunt\Gallos\ab\Aquitanis\Garumna\flumen\a\Belgis\Matrona\et\Sequana\dividit\Horum\omnium\fortissimi\sunt\dest\set2\bkp04\Folder1\Folder3
=s D:\data\cpp\hardlinks\ln\test\siblings\Gallia\est\omnis\divisa\in\partes\tres\quarum\unam\incolunt\Belgae\aliam\Aquitani\tertiam\qui\ipsorum\lingua\Celtae\nostra\Galli\appellantur\Hi\omnes\lingua\institutis\legibus\inter\se\differunt\Gallos\ab\Aquitanis\Garumna\flumen\a\Belgis\Matrona\et\Sequana\dividit\Horum\omnium\fortissimi\sunt\dest\set2\bkp04\Folder1\Folder2\Sym_C
°=f D:\data\cpp\hardlinks\ln\test\siblings\Gallia\est\omnis\divisa\in\partes\tres\quarum\unam\incolunt\Belgae\aliam\Aquitani\tertiam\qui\ipsorum\lingua\Celtae\nostra\Galli\appellantur\Hi\omnes\lingua\institutis\legibus\inter\se\differunt\Gallos\ab\Aquitanis\Garumna\flumen\a\Belgis\Matrona\et\Sequana\dividit\Horum\omnium\fortissimi\sunt\dest\set2\bkp04\Folder0\A_1
°=f D:\data\cpp\hardlinks\ln\test\siblings\Gallia\est\omnis\divisa\in\partes\tres\quarum\unam\incolunt\Belgae\aliam\Aquitani\tertiam\qui\ipsorum\lingua\Celtae\nostra\Galli\appellantur\Hi\omnes\lingua\institutis\legibus\inter\se\differunt\Gallos\ab\Aquitanis\Garumna\flumen\a\Belgis\Matrona\et\Sequana\dividit\Horum\omnium\fortissimi\sunt\dest\set2\bkp04\Folder0\F
°=f D:\data\cpp\hardlinks\ln\test\siblings\Gallia\est\omnis\divisa\in\partes\tres\quarum\unam\incolunt\Belgae\aliam\Aquitani\tertiam\qui\ipsorum\lingua\Celtae\nostra\Galli\appellantur\Hi\omnes\lingua\institutis\legibus\inter\se\differunt\Gallos\ab\Aquitanis\Garumna\flumen\a\Belgis\Matrona\et\Sequana\dividit\Horum\omnium\fortissimi\sunt\dest\set2\bkp04\Folder0\G
°=f D:\data\cpp\hardlinks\ln\test\siblings\Gallia\est\omnis\divisa\in\partes\tres\quarum\unam\incolunt\Belgae\aliam\Aquitani\tertiam\qui\ipsorum\lingua\Celtae\nostra\Galli\appellantur\Hi\omnes\lingua\institutis\legibus\inter\se\differunt\Gallos\ab\Aquitanis\Garumna\flumen\a\Belgis\Matrona\et\Sequana\dividit\Horum\omnium\fortissimi\sunt\dest\set2\bkp04\Folder0\Z
°=f D:\data\cpp\hardlinks\ln\test\siblings\Gallia\est\omnis\divisa\in\partes\tres\quarum\unam\incolunt\Belgae\aliam\Aquitani\tertiam\qui\ipsorum\lingua\Celtae\nostra\Galli\appellantur\Hi\omnes\lingua\institutis\legibus\inter\se\differunt\Gallos\ab\Aquitanis\Garumna\flumen\a\Belgis\Matrona\et\Sequana\dividit\Horum\omnium\fortissimi\sunt\dest\set2\bkp04\Folder1\Folder3\D
°f D:\data\cpp\hardlinks\ln\test\siblings\Gallia\est\omnis\divisa\in\partes\tres\quarum\unam\incolunt\Belgae\aliam\Aquitani\tertiam\qui\ipsorum\lingua\Celtae\nostra\Galli\appellantur\Hi\omnes\lingua\institutis\legibus\inter\se\differunt\Gallos\ab\Aquitanis\Garumna\flumen\a\Belgis\Matrona\et\Sequana\dividit\Horum\omnium\fortissimi\sunt\dest\set2\bkp04\Folder0\H
Junction:         0         -         0         0         0         0         0

D:\data\cpp\hardlinks\ln>REM Delete files with ReadOnly from a hardlink-set with --deeppathdelete 

D:\data\cpp\hardlinks\ln>REM and see if the siblings keep their attributes 

D:\data\cpp\hardlinks\ln>REM To update the attributes a few bytes of a file must be read 

D:\data\cpp\hardlinks\ln>REM

D:\data\cpp\hardlinks\ln>REM Check the outcome 

D:\data\cpp\hardlinks\ln>REM

D:\data\cpp\hardlinks\ln>..\Tools\timestamp --attr test\siblings\Gallia\est\omnis\divisa\in\partes\tres\quarum\unam\incolunt\Belgae\aliam\Aquitani\tertiam\qui\ipsorum\lingua\Celtae\nostra\Galli\appellantur\Hi\omnes\lingua\institutis\legibus\inter\se\differunt\Gallos\ab\Aquitanis\Garumna\flumen\a\Belgis\Matrona\et\Sequana\dividit\Horum\omnium\fortissimi\sunt\dest\set2\bkp05\Folder0\A_3 
A    R   test\siblings\Gallia\est\omnis\divisa\in\partes\tres\quarum\unam\incolunt\Belgae\aliam\Aquitani\tertiam\qui\ipsorum\lingua\Celtae\nostra\Galli\appellantur\Hi\omnes\lingua\institutis\legibus\inter\se\differunt\Gallos\ab\Aquitanis\Garumna\flumen\a\Belgis\Matrona\et\Sequana\dividit\Horum\omnium\fortissimi\sunt\dest\set2\bkp05\Folder0\A_3

D:\data\cpp\hardlinks\ln>..\Tools\timestamp --attr test\siblings\Gallia\est\omnis\divisa\in\partes\tres\quarum\unam\incolunt\Belgae\aliam\Aquitani\tertiam\qui\ipsorum\lingua\Celtae\nostra\Galli\appellantur\Hi\omnes\lingua\institutis\legibus\inter\se\differunt\Gallos\ab\Aquitanis\Garumna\flumen\a\Belgis\Matrona\et\Sequana\dividit\Horum\omnium\fortissimi\sunt\dest\set2\bkp05\Folder1\A_4 
A    R   test\siblings\Gallia\est\omnis\divisa\in\partes\tres\quarum\unam\incolunt\Belgae\aliam\Aquitani\tertiam\qui\ipsorum\lingua\Celtae\nostra\Galli\appellantur\Hi\omnes\lingua\institutis\legibus\inter\se\differunt\Gallos\ab\Aquitanis\Garumna\flumen\a\Belgis\Matrona\et\Sequana\dividit\Horum\omnium\fortissimi\sunt\dest\set2\bkp05\Folder1\A_4

D:\data\cpp\hardlinks\ln>..\Tools\timestamp --attr test\siblings\Gallia\est\omnis\divisa\in\partes\tres\quarum\unam\incolunt\Belgae\aliam\Aquitani\tertiam\qui\ipsorum\lingua\Celtae\nostra\Galli\appellantur\Hi\omnes\lingua\institutis\legibus\inter\se\differunt\Gallos\ab\Aquitanis\Garumna\flumen\a\Belgis\Matrona\et\Sequana\dividit\Horum\omnium\fortissimi\sunt\dest\set2\bkp06\Folder0\A_1 
A    R   test\siblings\Gallia\est\omnis\divisa\in\partes\tres\quarum\unam\incolunt\Belgae\aliam\Aquitani\tertiam\qui\ipsorum\lingua\Celtae\nostra\Galli\appellantur\Hi\omnes\lingua\institutis\legibus\inter\se\differunt\Gallos\ab\Aquitanis\Garumna\flumen\a\Belgis\Matrona\et\Sequana\dividit\Horum\omnium\fortissimi\sunt\dest\set2\bkp06\Folder0\A_1

D:\data\cpp\hardlinks\ln>REM Handling sibling attributes also in deloreancopy. A file which does not exist 

D:\data\cpp\hardlinks\ln>REM in the source anymore, and if deleted during --delorean, must not change all 

D:\data\cpp\hardlinks\ln>REM attributes of that file in past backups 

D:\data\cpp\hardlinks\ln>REM

D:\data\cpp\hardlinks\ln>..\Tools\timestamp --attr +r+s+h test\siblings\Gallia\est\omnis\divisa\in\partes\tres\quarum\unam\incolunt\Belgae\aliam\Aquitani\tertiam\qui\ipsorum\lingua\Celtae\nostra\Galli\appellantur\Hi\omnes\lingua\institutis\legibus\inter\se\differunt\Gallos\ab\Aquitanis\Garumna\flumen\a\Belgis\Matrona\et\Sequana\dividit\Horum\omnium\fortissimi\sunt\dest\set2\bkp06\E 

D:\data\cpp\hardlinks\ln>..\Tools\timestamp --attr test\siblings\Gallia\est\omnis\divisa\in\partes\tres\quarum\unam\incolunt\Belgae\aliam\Aquitani\tertiam\qui\ipsorum\lingua\Celtae\nostra\Galli\appellantur\Hi\omnes\lingua\institutis\legibus\inter\se\differunt\Gallos\ab\Aquitanis\Garumna\flumen\a\Belgis\Matrona\et\Sequana\dividit\Horum\omnium\fortissimi\sunt\dest\set2\bkp06\E 
A  SHR   test\siblings\Gallia\est\omnis\divisa\in\partes\tres\quarum\unam\incolunt\Belgae\aliam\Aquitani\tertiam\qui\ipsorum\lingua\Celtae\nostra\Galli\appellantur\Hi\omnes\lingua\institutis\legibus\inter\se\differunt\Gallos\ab\Aquitanis\Garumna\flumen\a\Belgis\Matrona\et\Sequana\dividit\Horum\omnium\fortissimi\sunt\dest\set2\bkp06\E
A  SHR   test\siblings\Gallia\est\omnis\divisa\in\partes\tres\quarum\unam\incolunt\Belgae\aliam\Aquitani\tertiam\qui\ipsorum\lingua\Celtae\nostra\Galli\appellantur\Hi\omnes\lingua\institutis\legibus\inter\se\differunt\Gallos\ab\Aquitanis\Garumna\flumen\a\Belgis\Matrona\et\Sequana\dividit\Horum\omnium\fortissimi\sunt\dest\set1\bkp02\E

D:\data\cpp\hardlinks\ln>..\bin\X64\Release\ln.exe --automated_test  --delorean test\siblings\Gallia\est\omnis\divisa\in\partes\tres\quarum\unam\incolunt\Belgae\aliam\Aquitani\tertiam\qui\ipsorum\lingua\Celtae\nostra\Galli\appellantur\Hi\omnes\lingua\institutis\legibus\inter\se\differunt\Gallos\ab\Aquitanis\Garumna\flumen\a\Belgis\Matrona\et\Sequana\dividit\Horum\omnium\fortissimi\sunt\source test\siblings\Gallia\est\omnis\divisa\in\partes\tres\quarum\unam\incolunt\Belgae\aliam\Aquitani\tertiam\qui\ipsorum\lingua\Celtae\nostra\Galli\appellantur\Hi\omnes\lingua\institutis\legibus\inter\se\differunt\Gallos\ab\Aquitanis\Garumna\flumen\a\Belgis\Matrona\et\Sequana\dividit\Horum\omnium\fortissimi\sunt\dest\set2\bkp06 test\siblings\Gallia\est\omnis\divisa\in\partes\tres\quarum\unam\incolunt\Belgae\aliam\Aquitani\tertiam\qui\ipsorum\lingua\Celtae\nostra\Galli\appellantur\Hi\omnes\lingua\institutis\legibus\inter\se\differunt\Gallos\ab\Aquitanis\Garumna\flumen\a\Belgis\Matrona\et\Sequana\dividit\Horum\omnium\fortissimi\sunt\dest\set2\bkp07  1>sortout 


-f D:\data\cpp\hardlinks\ln\test\siblings\Gallia\est\omnis\divisa\in\partes\tres\quarum\unam\incolunt\Belgae\aliam\Aquitani\tertiam\qui\ipsorum\lingua\Celtae\nostra\Galli\appellantur\Hi\omnes\lingua\institutis\legibus\inter\se\differunt\Gallos\ab\Aquitanis\Garumna\flumen\a\Belgis\Matrona\et\Sequana\dividit\Horum\omnium\fortissimi\sunt\dest\set2\bkp07\E
-f D:\data\cpp\hardlinks\ln\test\siblings\Gallia\est\omnis\divisa\in\partes\tres\quarum\unam\incolunt\Belgae\aliam\Aquitani\tertiam\qui\ipsorum\lingua\Celtae\nostra\Galli\appellantur\Hi\omnes\lingua\institutis\legibus\inter\se\differunt\Gallos\ab\Aquitanis\Garumna\flumen\a\Belgis\Matrona\et\Sequana\dividit\Horum\omnium\fortissimi\sunt\dest\set2\bkp07\Folder0\A_1
                      Overall               Clone              Mirror
              Total    Copied    Linked   Skipped   Removed  Excluded    Failed
    Byte:     5.104       464     1.392     3.248       464         0         0
    File:        11         1         3         7         2         0         0
   Times:        00:00:00.002        00:00:00.007        00:00:00.034
  Folder:         5         0         -         5         0         0         0
 Symlink:         1         -         0         1         0         0         0
*h D:\data\cpp\hardlinks\ln\test\siblings\Gallia\est\omnis\divisa\in\partes\tres\quarum\unam\incolunt\Belgae\aliam\Aquitani\tertiam\qui\ipsorum\lingua\Celtae\nostra\Galli\appellantur\Hi\omnes\lingua\institutis\legibus\inter\se\differunt\Gallos\ab\Aquitanis\Garumna\flumen\a\Belgis\Matrona\et\Sequana\dividit\Horum\omnium\fortissimi\sunt\dest\set2\bkp07\Folder0\A_2
*h D:\data\cpp\hardlinks\ln\test\siblings\Gallia\est\omnis\divisa\in\partes\tres\quarum\unam\incolunt\Belgae\aliam\Aquitani\tertiam\qui\ipsorum\lingua\Celtae\nostra\Galli\appellantur\Hi\omnes\lingua\institutis\legibus\inter\se\differunt\Gallos\ab\Aquitanis\Garumna\flumen\a\Belgis\Matrona\et\Sequana\dividit\Horum\omnium\fortissimi\sunt\dest\set2\bkp07\Folder0\A_3
*h D:\data\cpp\hardlinks\ln\test\siblings\Gallia\est\omnis\divisa\in\partes\tres\quarum\unam\incolunt\Belgae\aliam\Aquitani\tertiam\qui\ipsorum\lingua\Celtae\nostra\Galli\appellantur\Hi\omnes\lingua\institutis\legibus\inter\se\differunt\Gallos\ab\Aquitanis\Garumna\flumen\a\Belgis\Matrona\et\Sequana\dividit\Horum\omnium\fortissimi\sunt\dest\set2\bkp07\Folder1\A_4
+f D:\data\cpp\hardlinks\ln\test\siblings\Gallia\est\omnis\divisa\in\partes\tres\quarum\unam\incolunt\Belgae\aliam\Aquitani\tertiam\qui\ipsorum\lingua\Celtae\nostra\Galli\appellantur\Hi\omnes\lingua\institutis\legibus\inter\se\differunt\Gallos\ab\Aquitanis\Garumna\flumen\a\Belgis\Matrona\et\Sequana\dividit\Horum\omnium\fortissimi\sunt\dest\set2\bkp07\Folder0\A_1
=d D:\data\cpp\hardlinks\ln\test\siblings\Gallia\est\omnis\divisa\in\partes\tres\quarum\unam\incolunt\Belgae\aliam\Aquitani\tertiam\qui\ipsorum\lingua\Celtae\nostra\Galli\appellantur\Hi\omnes\lingua\institutis\legibus\inter\se\differunt\Gallos\ab\Aquitanis\Garumna\flumen\a\Belgis\Matrona\et\Sequana\dividit\Horum\omnium\fortissimi\sunt\dest\set2\bkp07
=d D:\data\cpp\hardlinks\ln\test\siblings\Gallia\est\omnis\divisa\in\partes\tres\quarum\unam\incolunt\Belgae\aliam\Aquitani\tertiam\qui\ipsorum\lingua\Celtae\nostra\Galli\appellantur\Hi\omnes\lingua\institutis\legibus\inter\se\differunt\Gallos\ab\Aquitanis\Garumna\flumen\a\Belgis\Matrona\et\Sequana\dividit\Horum\omnium\fortissimi\sunt\dest\set2\bkp07\Folder0
=d D:\data\cpp\hardlinks\ln\test\siblings\Gallia\est\omnis\divisa\in\partes\tres\quarum\unam\incolunt\Belgae\aliam\Aquitani\tertiam\qui\ipsorum\lingua\Celtae\nostra\Galli\appellantur\Hi\omnes\lingua\institutis\legibus\inter\se\differunt\Gallos\ab\Aquitanis\Garumna\flumen\a\Belgis\Matrona\et\Sequana\dividit\Horum\omnium\fortissimi\sunt\dest\set2\bkp07\Folder1
=d D:\data\cpp\hardlinks\ln\test\siblings\Gallia\est\omnis\divisa\in\partes\tres\quarum\unam\incolunt\Belgae\aliam\Aquitani\tertiam\qui\ipsorum\lingua\Celtae\nostra\Galli\appellantur\Hi\omnes\lingua\institutis\legibus\inter\se\differunt\Gallos\ab\Aquitanis\Garumna\flumen\a\Belgis\Matrona\et\Sequana\dividit\Horum\omnium\fortissimi\sunt\dest\set2\bkp07\Folder1\Folder2
=d D:\data\cpp\hardlinks\ln\test\siblings\Gallia\est\omnis\divisa\in\partes\tres\quarum\unam\incolunt\Belgae\aliam\Aquitani\tertiam\qui\ipsorum\lingua\Celtae\nostra\Galli\appellantur\Hi\omnes\lingua\institutis\legibus\inter\se\differunt\Gallos\ab\Aquitanis\Garumna\flumen\a\Belgis\Matrona\et\Sequana\dividit\Horum\omnium\fortissimi\sunt\dest\set2\bkp07\Folder1\Folder3
=f D:\data\cpp\hardlinks\ln\test\siblings\Gallia\est\omnis\divisa\in\partes\tres\quarum\unam\incolunt\Belgae\aliam\Aquitani\tertiam\qui\ipsorum\lingua\Celtae\nostra\Galli\appellantur\Hi\omnes\lingua\institutis\legibus\inter\se\differunt\Gallos\ab\Aquitanis\Garumna\flumen\a\Belgis\Matrona\et\Sequana\dividit\Horum\omnium\fortissimi\sunt\dest\set2\bkp07\Folder0\A
=f D:\data\cpp\hardlinks\ln\test\siblings\Gallia\est\omnis\divisa\in\partes\tres\quarum\unam\incolunt\Belgae\aliam\Aquitani\tertiam\qui\ipsorum\lingua\Celtae\nostra\Galli\appellantur\Hi\omnes\lingua\institutis\legibus\inter\se\differunt\Gallos\ab\Aquitanis\Garumna\flumen\a\Belgis\Matrona\et\Sequana\dividit\Horum\omnium\fortissimi\sunt\dest\set2\bkp07\Folder0\F
=f D:\data\cpp\hardlinks\ln\test\siblings\Gallia\est\omnis\divisa\in\partes\tres\quarum\unam\incolunt\Belgae\aliam\Aquitani\tertiam\qui\ipsorum\lingua\Celtae\nostra\Galli\appellantur\Hi\omnes\lingua\institutis\legibus\inter\se\differunt\Gallos\ab\Aquitanis\Garumna\flumen\a\Belgis\Matrona\et\Sequana\dividit\Horum\omnium\fortissimi\sunt\dest\set2\bkp07\Folder0\I
=f D:\data\cpp\hardlinks\ln\test\siblings\Gallia\est\omnis\divisa\in\partes\tres\quarum\unam\incolunt\Belgae\aliam\Aquitani\tertiam\qui\ipsorum\lingua\Celtae\nostra\Galli\appellantur\Hi\omnes\lingua\institutis\legibus\inter\se\differunt\Gallos\ab\Aquitanis\Garumna\flumen\a\Belgis\Matrona\et\Sequana\dividit\Horum\omnium\fortissimi\sunt\dest\set2\bkp07\Folder0\Z
=h D:\data\cpp\hardlinks\ln\test\siblings\Gallia\est\omnis\divisa\in\partes\tres\quarum\unam\incolunt\Belgae\aliam\Aquitani\tertiam\qui\ipsorum\lingua\Celtae\nostra\Galli\appellantur\Hi\omnes\lingua\institutis\legibus\inter\se\differunt\Gallos\ab\Aquitanis\Garumna\flumen\a\Belgis\Matrona\et\Sequana\dividit\Horum\omnium\fortissimi\sunt\dest\set2\bkp07\Folder1\B
=h D:\data\cpp\hardlinks\ln\test\siblings\Gallia\est\omnis\divisa\in\partes\tres\quarum\unam\incolunt\Belgae\aliam\Aquitani\tertiam\qui\ipsorum\lingua\Celtae\nostra\Galli\appellantur\Hi\omnes\lingua\institutis\legibus\inter\se\differunt\Gallos\ab\Aquitanis\Garumna\flumen\a\Belgis\Matrona\et\Sequana\dividit\Horum\omnium\fortissimi\sunt\dest\set2\bkp07\Folder1\Folder2\C
=h D:\data\cpp\hardlinks\ln\test\siblings\Gallia\est\omnis\divisa\in\partes\tres\quarum\unam\incolunt\Belgae\aliam\Aquitani\tertiam\qui\ipsorum\lingua\Celtae\nostra\Galli\appellantur\Hi\omnes\lingua\institutis\legibus\inter\se\differunt\Gallos\ab\Aquitanis\Garumna\flumen\a\Belgis\Matrona\et\Sequana\dividit\Horum\omnium\fortissimi\sunt\dest\set2\bkp07\Folder1\Folder3\D
=s D:\data\cpp\hardlinks\ln\test\siblings\Gallia\est\omnis\divisa\in\partes\tres\quarum\unam\incolunt\Belgae\aliam\Aquitani\tertiam\qui\ipsorum\lingua\Celtae\nostra\Galli\appellantur\Hi\omnes\lingua\institutis\legibus\inter\se\differunt\Gallos\ab\Aquitanis\Garumna\flumen\a\Belgis\Matrona\et\Sequana\dividit\Horum\omnium\fortissimi\sunt\dest\set2\bkp07\Folder1\Folder2\Sym_C
Junction:         0         -         0         0         0         0         0

A  SHR   test\siblings\Gallia\est\omnis\divisa\in\partes\tres\quarum\unam\incolunt\Belgae\aliam\Aquitani\tertiam\qui\ipsorum\lingua\Celtae\nostra\Galli\appellantur\Hi\omnes\lingua\institutis\legibus\inter\se\differunt\Gallos\ab\Aquitanis\Garumna\flumen\a\Belgis\Matrona\et\Sequana\dividit\Horum\omnium\fortissimi\sunt\dest\set1\bkp01\E
A  SHR   test\siblings\Gallia\est\omnis\divisa\in\partes\tres\quarum\unam\incolunt\Belgae\aliam\Aquitani\tertiam\qui\ipsorum\lingua\Celtae\nostra\Galli\appellantur\Hi\omnes\lingua\institutis\legibus\inter\se\differunt\Gallos\ab\Aquitanis\Garumna\flumen\a\Belgis\Matrona\et\Sequana\dividit\Horum\omnium\fortissimi\sunt\dest\set1\bkp02\E
A  SHR   test\siblings\Gallia\est\omnis\divisa\in\partes\tres\quarum\unam\incolunt\Belgae\aliam\Aquitani\tertiam\qui\ipsorum\lingua\Celtae\nostra\Galli\appellantur\Hi\omnes\lingua\institutis\legibus\inter\se\differunt\Gallos\ab\Aquitanis\Garumna\flumen\a\Belgis\Matrona\et\Sequana\dividit\Horum\omnium\fortissimi\sunt\dest\set1\bkp03\E
A  SHR   test\siblings\Gallia\est\omnis\divisa\in\partes\tres\quarum\unam\incolunt\Belgae\aliam\Aquitani\tertiam\qui\ipsorum\lingua\Celtae\nostra\Galli\appellantur\Hi\omnes\lingua\institutis\legibus\inter\se\differunt\Gallos\ab\Aquitanis\Garumna\flumen\a\Belgis\Matrona\et\Sequana\dividit\Horum\omnium\fortissimi\sunt\dest\set2\bkp05\E
A  SHR   test\siblings\Gallia\est\omnis\divisa\in\partes\tres\quarum\unam\incolunt\Belgae\aliam\Aquitani\tertiam\qui\ipsorum\lingua\Celtae\nostra\Galli\appellantur\Hi\omnes\lingua\institutis\legibus\inter\se\differunt\Gallos\ab\Aquitanis\Garumna\flumen\a\Belgis\Matrona\et\Sequana\dividit\Horum\omnium\fortissimi\sunt\dest\set2\bkp06\E

D:\data\cpp\hardlinks\ln\test\siblings\Gallia\est\omnis\divisa\in\partes\tres\quarum\unam\incolunt\Belgae\aliam\Aquitani\tertiam\qui\ipsorum\lingua\Celtae\nostra\Galli\appellantur\Hi\omnes\lingua\institutis\legibus\inter\se\differunt\Gallos\ab\Aquitanis\Garumna\flumen\a\Belgis\Matrona\et\Sequana\dividit\Horum\omnium\fortissimi\sunt\dest\set1\bkp01\E
D:\data\cpp\hardlinks\ln\test\siblings\Gallia\est\omnis\divisa\in\partes\tres\quarum\unam\incolunt\Belgae\aliam\Aquitani\tertiam\qui\ipsorum\lingua\Celtae\nostra\Galli\appellantur\Hi\omnes\lingua\institutis\legibus\inter\se\differunt\Gallos\ab\Aquitanis\Garumna\flumen\a\Belgis\Matrona\et\Sequana\dividit\Horum\omnium\fortissimi\sunt\dest\set1\bkp01\Folder0\A
D:\data\cpp\hardlinks\ln\test\siblings\Gallia\est\omnis\divisa\in\partes\tres\quarum\unam\incolunt\Belgae\aliam\Aquitani\tertiam\qui\ipsorum\lingua\Celtae\nostra\Galli\appellantur\Hi\omnes\lingua\institutis\legibus\inter\se\differunt\Gallos\ab\Aquitanis\Garumna\flumen\a\Belgis\Matrona\et\Sequana\dividit\Horum\omnium\fortissimi\sunt\dest\set1\bkp01\Folder1\B
D:\data\cpp\hardlinks\ln\test\siblings\Gallia\est\omnis\divisa\in\partes\tres\quarum\unam\incolunt\Belgae\aliam\Aquitani\tertiam\qui\ipsorum\lingua\Celtae\nostra\Galli\appellantur\Hi\omnes\lingua\institutis\legibus\inter\se\differunt\Gallos\ab\Aquitanis\Garumna\flumen\a\Belgis\Matrona\et\Sequana\dividit\Horum\omnium\fortissimi\sunt\dest\set1\bkp01\Folder1\Folder2\C
D:\data\cpp\hardlinks\ln\test\siblings\Gallia\est\omnis\divisa\in\partes\tres\quarum\unam\incolunt\Belgae\aliam\Aquitani\tertiam\qui\ipsorum\lingua\Celtae\nostra\Galli\appellantur\Hi\omnes\lingua\institutis\legibus\inter\se\differunt\Gallos\ab\Aquitanis\Garumna\flumen\a\Belgis\Matrona\et\Sequana\dividit\Horum\omnium\fortissimi\sunt\dest\set1\bkp01\Folder1\Folder3\D
D:\data\cpp\hardlinks\ln\test\siblings\Gallia\est\omnis\divisa\in\partes\tres\quarum\unam\incolunt\Belgae\aliam\Aquitani\tertiam\qui\ipsorum\lingua\Celtae\nostra\Galli\appellantur\Hi\omnes\lingua\institutis\legibus\inter\se\differunt\Gallos\ab\Aquitanis\Garumna\flumen\a\Belgis\Matrona\et\Sequana\dividit\Horum\omnium\fortissimi\sunt\dest\set1\bkp02\E
D:\data\cpp\hardlinks\ln\test\siblings\Gallia\est\omnis\divisa\in\partes\tres\quarum\unam\incolunt\Belgae\aliam\Aquitani\tertiam\qui\ipsorum\lingua\Celtae\nostra\Galli\appellantur\Hi\omnes\lingua\institutis\legibus\inter\se\differunt\Gallos\ab\Aquitanis\Garumna\flumen\a\Belgis\Matrona\et\Sequana\dividit\Horum\omnium\fortissimi\sunt\dest\set1\bkp02\Folder0\A
D:\data\cpp\hardlinks\ln\test\siblings\Gallia\est\omnis\divisa\in\partes\tres\quarum\unam\incolunt\Belgae\aliam\Aquitani\tertiam\qui\ipsorum\lingua\Celtae\nostra\Galli\appellantur\Hi\omnes\lingua\institutis\legibus\inter\se\differunt\Gallos\ab\Aquitanis\Garumna\flumen\a\Belgis\Matrona\et\Sequana\dividit\Horum\omnium\fortissimi\sunt\dest\set1\bkp02\Folder1\Folder3\D
D:\data\cpp\hardlinks\ln\test\siblings\Gallia\est\omnis\divisa\in\partes\tres\quarum\unam\incolunt\Belgae\aliam\Aquitani\tertiam\qui\ipsorum\lingua\Celtae\nostra\Galli\appellantur\Hi\omnes\lingua\institutis\legibus\inter\se\differunt\Gallos\ab\Aquitanis\Garumna\flumen\a\Belgis\Matrona\et\Sequana\dividit\Horum\omnium\fortissimi\sunt\dest\set1\bkp02\Folder1\B
D:\data\cpp\hardlinks\ln\test\siblings\Gallia\est\omnis\divisa\in\partes\tres\quarum\unam\incolunt\Belgae\aliam\Aquitani\tertiam\qui\ipsorum\lingua\Celtae\nostra\Galli\appellantur\Hi\omnes\lingua\institutis\legibus\inter\se\differunt\Gallos\ab\Aquitanis\Garumna\flumen\a\Belgis\Matrona\et\Sequana\dividit\Horum\omnium\fortissimi\sunt\dest\set1\bkp02\Folder1\Folder2\C
D:\data\cpp\hardlinks\ln\test\siblings\Gallia\est\omnis\divisa\in\partes\tres\quarum\unam\incolunt\Belgae\aliam\Aquitani\tertiam\qui\ipsorum\lingua\Celtae\nostra\Galli\appellantur\Hi\omnes\lingua\institutis\legibus\inter\se\differunt\Gallos\ab\Aquitanis\Garumna\flumen\a\Belgis\Matrona\et\Sequana\dividit\Horum\omnium\fortissimi\sunt\dest\set1\bkp03\Folder1\Folder3\D
D:\data\cpp\hardlinks\ln\test\siblings\Gallia\est\omnis\divisa\in\partes\tres\quarum\unam\incolunt\Belgae\aliam\Aquitani\tertiam\qui\ipsorum\lingua\Celtae\nostra\Galli\appellantur\Hi\omnes\lingua\institutis\legibus\inter\se\differunt\Gallos\ab\Aquitanis\Garumna\flumen\a\Belgis\Matrona\et\Sequana\dividit\Horum\omnium\fortissimi\sunt\dest\set1\bkp03\Folder0\A
D:\data\cpp\hardlinks\ln\test\siblings\Gallia\est\omnis\divisa\in\partes\tres\quarum\unam\incolunt\Belgae\aliam\Aquitani\tertiam\qui\ipsorum\lingua\Celtae\nostra\Galli\appellantur\Hi\omnes\lingua\institutis\legibus\inter\se\differunt\Gallos\ab\Aquitanis\Garumna\flumen\a\Belgis\Matrona\et\Sequana\dividit\Horum\omnium\fortissimi\sunt\dest\set1\bkp03\E
D:\data\cpp\hardlinks\ln\test\siblings\Gallia\est\omnis\divisa\in\partes\tres\quarum\unam\incolunt\Belgae\aliam\Aquitani\tertiam\qui\ipsorum\lingua\Celtae\nostra\Galli\appellantur\Hi\omnes\lingua\institutis\legibus\inter\se\differunt\Gallos\ab\Aquitanis\Garumna\flumen\a\Belgis\Matrona\et\Sequana\dividit\Horum\omnium\fortissimi\sunt\dest\set1\bkp03\Folder1\B
D:\data\cpp\hardlinks\ln\test\siblings\Gallia\est\omnis\divisa\in\partes\tres\quarum\unam\incolunt\Belgae\aliam\Aquitani\tertiam\qui\ipsorum\lingua\Celtae\nostra\Galli\appellantur\Hi\omnes\lingua\institutis\legibus\inter\se\differunt\Gallos\ab\Aquitanis\Garumna\flumen\a\Belgis\Matrona\et\Sequana\dividit\Horum\omnium\fortissimi\sunt\dest\set1\bkp03\Folder1\Folder2\C
D:\data\cpp\hardlinks\ln\test\siblings\Gallia\est\omnis\divisa\in\partes\tres\quarum\unam\incolunt\Belgae\aliam\Aquitani\tertiam\qui\ipsorum\lingua\Celtae\nostra\Galli\appellantur\Hi\omnes\lingua\institutis\legibus\inter\se\differunt\Gallos\ab\Aquitanis\Garumna\flumen\a\Belgis\Matrona\et\Sequana\dividit\Horum\omnium\fortissimi\sunt\dest\set2\bkp05\E
D:\data\cpp\hardlinks\ln\test\siblings\Gallia\est\omnis\divisa\in\partes\tres\quarum\unam\incolunt\Belgae\aliam\Aquitani\tertiam\qui\ipsorum\lingua\Celtae\nostra\Galli\appellantur\Hi\omnes\lingua\institutis\legibus\inter\se\differunt\Gallos\ab\Aquitanis\Garumna\flumen\a\Belgis\Matrona\et\Sequana\dividit\Horum\omnium\fortissimi\sunt\dest\set2\bkp05\Folder0\A
D:\data\cpp\hardlinks\ln\test\siblings\Gallia\est\omnis\divisa\in\partes\tres\quarum\unam\incolunt\Belgae\aliam\Aquitani\tertiam\qui\ipsorum\lingua\Celtae\nostra\Galli\appellantur\Hi\omnes\lingua\institutis\legibus\inter\se\differunt\Gallos\ab\Aquitanis\Garumna\flumen\a\Belgis\Matrona\et\Sequana\dividit\Horum\omnium\fortissimi\sunt\dest\set2\bkp05\Folder1\Folder3\D
D:\data\cpp\hardlinks\ln\test\siblings\Gallia\est\omnis\divisa\in\partes\tres\quarum\unam\incolunt\Belgae\aliam\Aquitani\tertiam\qui\ipsorum\lingua\Celtae\nostra\Galli\appellantur\Hi\omnes\lingua\institutis\legibus\inter\se\differunt\Gallos\ab\Aquitanis\Garumna\flumen\a\Belgis\Matrona\et\Sequana\dividit\Horum\omnium\fortissimi\sunt\dest\set2\bkp05\Folder1\B
D:\data\cpp\hardlinks\ln\test\siblings\Gallia\est\omnis\divisa\in\partes\tres\quarum\unam\incolunt\Belgae\aliam\Aquitani\tertiam\qui\ipsorum\lingua\Celtae\nostra\Galli\appellantur\Hi\omnes\lingua\institutis\legibus\inter\se\differunt\Gallos\ab\Aquitanis\Garumna\flumen\a\Belgis\Matrona\et\Sequana\dividit\Horum\omnium\fortissimi\sunt\dest\set2\bkp05\Folder1\Folder2\C
D:\data\cpp\hardlinks\ln\test\siblings\Gallia\est\omnis\divisa\in\partes\tres\quarum\unam\incolunt\Belgae\aliam\Aquitani\tertiam\qui\ipsorum\lingua\Celtae\nostra\Galli\appellantur\Hi\omnes\lingua\institutis\legibus\inter\se\differunt\Gallos\ab\Aquitanis\Garumna\flumen\a\Belgis\Matrona\et\Sequana\dividit\Horum\omnium\fortissimi\sunt\dest\set2\bkp06\Folder1\Folder3\D
D:\data\cpp\hardlinks\ln\test\siblings\Gallia\est\omnis\divisa\in\partes\tres\quarum\unam\incolunt\Belgae\aliam\Aquitani\tertiam\qui\ipsorum\lingua\Celtae\nostra\Galli\appellantur\Hi\omnes\lingua\institutis\legibus\inter\se\differunt\Gallos\ab\Aquitanis\Garumna\flumen\a\Belgis\Matrona\et\Sequana\dividit\Horum\omnium\fortissimi\sunt\dest\set2\bkp06\Folder0\A
D:\data\cpp\hardlinks\ln\test\siblings\Gallia\est\omnis\divisa\in\partes\tres\quarum\unam\incolunt\Belgae\aliam\Aquitani\tertiam\qui\ipsorum\lingua\Celtae\nostra\Galli\appellantur\Hi\omnes\lingua\institutis\legibus\inter\se\differunt\Gallos\ab\Aquitanis\Garumna\flumen\a\Belgis\Matrona\et\Sequana\dividit\Horum\omnium\fortissimi\sunt\dest\set2\bkp06\E
D:\data\cpp\hardlinks\ln\test\siblings\Gallia\est\omnis\divisa\in\partes\tres\quarum\unam\incolunt\Belgae\aliam\Aquitani\tertiam\qui\ipsorum\lingua\Celtae\nostra\Galli\appellantur\Hi\omnes\lingua\institutis\legibus\inter\se\differunt\Gallos\ab\Aquitanis\Garumna\flumen\a\Belgis\Matrona\et\Sequana\dividit\Horum\omnium\fortissimi\sunt\dest\set2\bkp06\Folder1\B
D:\data\cpp\hardlinks\ln\test\siblings\Gallia\est\omnis\divisa\in\partes\tres\quarum\unam\incolunt\Belgae\aliam\Aquitani\tertiam\qui\ipsorum\lingua\Celtae\nostra\Galli\appellantur\Hi\omnes\lingua\institutis\legibus\inter\se\differunt\Gallos\ab\Aquitanis\Garumna\flumen\a\Belgis\Matrona\et\Sequana\dividit\Horum\omnium\fortissimi\sunt\dest\set2\bkp06\Folder1\Folder2\C
D:\data\cpp\hardlinks\ln\test\siblings\Gallia\est\omnis\divisa\in\partes\tres\quarum\unam\incolunt\Belgae\aliam\Aquitani\tertiam\qui\ipsorum\lingua\Celtae\nostra\Galli\appellantur\Hi\omnes\lingua\institutis\legibus\inter\se\differunt\Gallos\ab\Aquitanis\Garumna\flumen\a\Belgis\Matrona\et\Sequana\dividit\Horum\omnium\fortissimi\sunt\dest\set2\bkp07\Folder1\Folder3\D
D:\data\cpp\hardlinks\ln\test\siblings\Gallia\est\omnis\divisa\in\partes\tres\quarum\unam\incolunt\Belgae\aliam\Aquitani\tertiam\qui\ipsorum\lingua\Celtae\nostra\Galli\appellantur\Hi\omnes\lingua\institutis\legibus\inter\se\differunt\Gallos\ab\Aquitanis\Garumna\flumen\a\Belgis\Matrona\et\Sequana\dividit\Horum\omnium\fortissimi\sunt\dest\set2\bkp07\Folder0\A
D:\data\cpp\hardlinks\ln\test\siblings\Gallia\est\omnis\divisa\in\partes\tres\quarum\unam\incolunt\Belgae\aliam\Aquitani\tertiam\qui\ipsorum\lingua\Celtae\nostra\Galli\appellantur\Hi\omnes\lingua\institutis\legibus\inter\se\differunt\Gallos\ab\Aquitanis\Garumna\flumen\a\Belgis\Matrona\et\Sequana\dividit\Horum\omnium\fortissimi\sunt\dest\set2\bkp07\Folder1\B
D:\data\cpp\hardlinks\ln\test\siblings\Gallia\est\omnis\divisa\in\partes\tres\quarum\unam\incolunt\Belgae\aliam\Aquitani\tertiam\qui\ipsorum\lingua\Celtae\nostra\Galli\appellantur\Hi\omnes\lingua\institutis\legibus\inter\se\differunt\Gallos\ab\Aquitanis\Garumna\flumen\a\Belgis\Matrona\et\Sequana\dividit\Horum\omnium\fortissimi\sunt\dest\set2\bkp07\Folder1\Folder2\C
