
C:\data\cpp\hardlinks\ln>REM

C:\data\cpp\hardlinks\ln>REM Show Hardlink Sibblings 

C:\data\cpp\hardlinks\ln>REM

C:\data\cpp\hardlinks\ln>..\bin\X64\Release\ln.exe --automated_test --traditional --list test\siblings\source\Folder0\A  1>sortout 
C:\data\cpp\hardlinks\ln\test\siblings\source\E
C:\data\cpp\hardlinks\ln\test\siblings\source\Folder0\A
C:\data\cpp\hardlinks\ln\test\siblings\source\Folder1\B
C:\data\cpp\hardlinks\ln\test\siblings\source\Folder1\Folder2\C
C:\data\cpp\hardlinks\ln\test\siblings\source\Folder1\Folder3\D
ErrorLevel == 0

C:\data\cpp\hardlinks\ln>REM

C:\data\cpp\hardlinks\ln>REM List Hardlinks via local UNC Path 

C:\data\cpp\hardlinks\ln>REM

C:\data\cpp\hardlinks\ln>..\bin\X64\Release\ln.exe --automated_test --traditional --list \\quadtatz\SiblingTest\source\e  1>sortout 
C:\data\cpp\hardlinks\ln\test\siblings\source\E
C:\data\cpp\hardlinks\ln\test\siblings\source\Folder0\A
C:\data\cpp\hardlinks\ln\test\siblings\source\Folder1\B
C:\data\cpp\hardlinks\ln\test\siblings\source\Folder1\Folder2\C
C:\data\cpp\hardlinks\ln\test\siblings\source\Folder1\Folder3\D
ErrorLevel == 0

C:\data\cpp\hardlinks\ln>REM

C:\data\cpp\hardlinks\ln>REM List Hardlinks via local UNC Path 

C:\data\cpp\hardlinks\ln>REM

C:\data\cpp\hardlinks\ln>..\bin\X64\Release\ln.exe --automated_test --traditional --list \\192.168.253.128\SiblingTest\source\e  1>sortout 
\\quadtatz\SiblingTest\source\E
\\quadtatz\SiblingTest\source\Folder0\A
\\quadtatz\SiblingTest\source\Folder1\B
\\quadtatz\SiblingTest\source\Folder1\Folder2\C
\\quadtatz\SiblingTest\source\Folder1\Folder3\D
ErrorLevel == 0

C:\data\cpp\hardlinks\ln>REM

C:\data\cpp\hardlinks\ln>REM List Hardlinks referenced by Symbolic links 

C:\data\cpp\hardlinks\ln>REM

C:\data\cpp\hardlinks\ln>..\bin\X64\Release\ln.exe --automated_test --traditional --list test\siblings\source\Folder1\Folder2\C  1>sortout 
C:\data\cpp\hardlinks\ln\test\siblings\source\E
C:\data\cpp\hardlinks\ln\test\siblings\source\Folder0\A
C:\data\cpp\hardlinks\ln\test\siblings\source\Folder1\B
C:\data\cpp\hardlinks\ln\test\siblings\source\Folder1\Folder2\C
C:\data\cpp\hardlinks\ln\test\siblings\source\Folder1\Folder3\D
ErrorLevel == 0

C:\data\cpp\hardlinks\ln>REM

C:\data\cpp\hardlinks\ln>REM Add a few files for delorean Merge tests 

C:\data\cpp\hardlinks\ln>REM  

C:\data\cpp\hardlinks\ln>..\bin\X64\Release\ln.exe --automated_test --traditional --merge test\siblings\dest\set1\bkp03 test\siblings\dest\set2\bkp04  1>sortout 


                      Overall
              Total    Copied    Linked   Skipped   Removed  Excluded    Failed
    Byte:     6.960       464    17.168         0         0         0       464
    File:        15         1        37         0         0         0         1
   Times:        00:00:00.002
  Folder:         5         0         -         5         0         0         0
 Symlink:         1         -         0         1         0         0         0
!?f(0x00000005) C:\data\cpp\hardlinks\ln\test\siblings\dest\set1\bkp03\Folder0\K
+f C:\data\cpp\hardlinks\ln\test\siblings\dest\set2\bkp04\Folder0\H
=d C:\data\cpp\hardlinks\ln\test\siblings\dest\set2\bkp04
=d C:\data\cpp\hardlinks\ln\test\siblings\dest\set2\bkp04\Folder0
=d C:\data\cpp\hardlinks\ln\test\siblings\dest\set2\bkp04\Folder1
=d C:\data\cpp\hardlinks\ln\test\siblings\dest\set2\bkp04\Folder1\Folder2
=d C:\data\cpp\hardlinks\ln\test\siblings\dest\set2\bkp04\Folder1\Folder3
=s C:\data\cpp\hardlinks\ln\test\siblings\dest\set2\bkp04\Folder1\Folder2\Sym_C
°f C:\data\cpp\hardlinks\ln\test\siblings\dest\set2\bkp04\Folder0\A_1
°f C:\data\cpp\hardlinks\ln\test\siblings\dest\set2\bkp04\Folder0\F
°f C:\data\cpp\hardlinks\ln\test\siblings\dest\set2\bkp04\Folder0\G
°f C:\data\cpp\hardlinks\ln\test\siblings\dest\set2\bkp04\Folder0\V
°f C:\data\cpp\hardlinks\ln\test\siblings\dest\set2\bkp04\Folder0\Z
°f C:\data\cpp\hardlinks\ln\test\siblings\dest\set2\bkp04\Folder1\Folder3\D
Junction:         0         -         0         0         0         0         0
WARNING: Merge finished successfully but see output for errors.


C:\data\cpp\hardlinks\ln>REM Check the outcome 

C:\data\cpp\hardlinks\ln>REM
test\siblings\dest\set2\bkp04\Folder0\A_1:24
test\siblings\dest\set2\bkp04\Folder0\F:6
test\siblings\dest\set2\bkp04\Folder0\G:4
test\siblings\dest\set1\bkp03\Folder0\H:3
test\siblings\dest\set2\bkp04\Folder0\Z:4
test\siblings\dest\set2\bkp04\Folder1\Folder3\D:30
test\siblings\dest\set2\bkp06\Folder0\I:3
test\siblings\dest\set2\bkp06\Folder0\V:6


C:\data\cpp\hardlinks\ln>..\bin\X64\Release\ln.exe --automated_test --list test\siblings\dest\set2\bkp04\Folder0\A_1   | sort
C:\data\cpp\hardlinks\ln\test\siblings\dest\set1\bkp01\Folder0\A_1
C:\data\cpp\hardlinks\ln\test\siblings\dest\set1\bkp01\Folder0\A_2
C:\data\cpp\hardlinks\ln\test\siblings\dest\set1\bkp01\Folder0\A_3
C:\data\cpp\hardlinks\ln\test\siblings\dest\set1\bkp01\Folder1\A_4
C:\data\cpp\hardlinks\ln\test\siblings\dest\set1\bkp02\Folder0\A_1
C:\data\cpp\hardlinks\ln\test\siblings\dest\set1\bkp02\Folder0\A_2
C:\data\cpp\hardlinks\ln\test\siblings\dest\set1\bkp02\Folder0\A_3
C:\data\cpp\hardlinks\ln\test\siblings\dest\set1\bkp02\Folder1\A_4
C:\data\cpp\hardlinks\ln\test\siblings\dest\set1\bkp03\Folder0\A_1
C:\data\cpp\hardlinks\ln\test\siblings\dest\set1\bkp03\Folder0\A_2
C:\data\cpp\hardlinks\ln\test\siblings\dest\set1\bkp03\Folder0\A_3
C:\data\cpp\hardlinks\ln\test\siblings\dest\set1\bkp03\Folder1\A_4
C:\data\cpp\hardlinks\ln\test\siblings\dest\set2\bkp04\Folder0\A_1
C:\data\cpp\hardlinks\ln\test\siblings\dest\set2\bkp04\Folder0\A_2
C:\data\cpp\hardlinks\ln\test\siblings\dest\set2\bkp04\Folder0\A_3
C:\data\cpp\hardlinks\ln\test\siblings\dest\set2\bkp04\Folder1\A_4
C:\data\cpp\hardlinks\ln\test\siblings\dest\set2\bkp05\Folder0\A_1
C:\data\cpp\hardlinks\ln\test\siblings\dest\set2\bkp05\Folder0\A_2
C:\data\cpp\hardlinks\ln\test\siblings\dest\set2\bkp05\Folder0\A_3
C:\data\cpp\hardlinks\ln\test\siblings\dest\set2\bkp05\Folder1\A_4
C:\data\cpp\hardlinks\ln\test\siblings\dest\set2\bkp06\Folder0\A_1
C:\data\cpp\hardlinks\ln\test\siblings\dest\set2\bkp06\Folder0\A_2
C:\data\cpp\hardlinks\ln\test\siblings\dest\set2\bkp06\Folder0\A_3
C:\data\cpp\hardlinks\ln\test\siblings\dest\set2\bkp06\Folder1\A_4

C:\data\cpp\hardlinks\ln>..\bin\X64\Release\ln.exe --automated_test --list test\siblings\dest\set2\bkp04\Folder0\G   | sort
C:\data\cpp\hardlinks\ln\test\siblings\dest\set1\bkp01\Folder0\G
C:\data\cpp\hardlinks\ln\test\siblings\dest\set1\bkp02\Folder0\G
C:\data\cpp\hardlinks\ln\test\siblings\dest\set1\bkp03\Folder0\G
C:\data\cpp\hardlinks\ln\test\siblings\dest\set2\bkp04\Folder0\G

C:\data\cpp\hardlinks\ln>..\bin\X64\Release\ln.exe --automated_test --list test\siblings\dest\set1\bkp03\Folder0\H   | sort
C:\data\cpp\hardlinks\ln\test\siblings\dest\set1\bkp01\Folder0\H
C:\data\cpp\hardlinks\ln\test\siblings\dest\set1\bkp02\Folder0\H
C:\data\cpp\hardlinks\ln\test\siblings\dest\set1\bkp03\Folder0\H

C:\data\cpp\hardlinks\ln>..\bin\X64\Release\ln.exe --automated_test --list test\siblings\dest\set2\bkp04\Folder0\F   | sort
C:\data\cpp\hardlinks\ln\test\siblings\dest\set1\bkp01\Folder0\F
C:\data\cpp\hardlinks\ln\test\siblings\dest\set1\bkp02\Folder0\F
C:\data\cpp\hardlinks\ln\test\siblings\dest\set1\bkp03\Folder0\F
C:\data\cpp\hardlinks\ln\test\siblings\dest\set2\bkp04\Folder0\F
C:\data\cpp\hardlinks\ln\test\siblings\dest\set2\bkp05\Folder0\F
C:\data\cpp\hardlinks\ln\test\siblings\dest\set2\bkp06\Folder0\F

C:\data\cpp\hardlinks\ln>..\bin\X64\Release\ln.exe --automated_test --list test\siblings\dest\set2\bkp04\Folder0\Z   | sort
C:\data\cpp\hardlinks\ln\test\siblings\dest\set1\bkp03\Folder0\Z
C:\data\cpp\hardlinks\ln\test\siblings\dest\set2\bkp04\Folder0\Z
C:\data\cpp\hardlinks\ln\test\siblings\dest\set2\bkp05\Folder0\Z
C:\data\cpp\hardlinks\ln\test\siblings\dest\set2\bkp06\Folder0\Z

C:\data\cpp\hardlinks\ln>..\bin\X64\Release\ln.exe --automated_test --list test\siblings\dest\set2\bkp06\Folder0\I   | sort
C:\data\cpp\hardlinks\ln\test\siblings\dest\set2\bkp04\Folder0\I
C:\data\cpp\hardlinks\ln\test\siblings\dest\set2\bkp05\Folder0\I
C:\data\cpp\hardlinks\ln\test\siblings\dest\set2\bkp06\Folder0\I

C:\data\cpp\hardlinks\ln>..\bin\X64\Release\ln.exe --automated_test --list test\siblings\dest\set2\bkp06\Folder0\V   | sort
C:\data\cpp\hardlinks\ln\test\siblings\dest\set1\bkp01\Folder0\V
C:\data\cpp\hardlinks\ln\test\siblings\dest\set1\bkp02\Folder0\V
C:\data\cpp\hardlinks\ln\test\siblings\dest\set1\bkp03\Folder0\V
C:\data\cpp\hardlinks\ln\test\siblings\dest\set2\bkp04\Folder0\V
C:\data\cpp\hardlinks\ln\test\siblings\dest\set2\bkp05\Folder0\V
C:\data\cpp\hardlinks\ln\test\siblings\dest\set2\bkp06\Folder0\V


C:\data\cpp\hardlinks\ln>..\Tools\timestamp --attr test\siblings\dest\set2\bkp06\Folder0\V 
A    R   test\siblings\dest\set2\bkp06\Folder0\V

C:\data\cpp\hardlinks\ln>REM Merge already hardlinked folders 

C:\data\cpp\hardlinks\ln>..\bin\X64\Release\ln.exe --automated_test --traditional --merge test\siblings\dest\set1\bkp03 test\siblings\dest\set2\bkp04  1>sortout 
Terminate batch job (Y/N)? 
Terminate batch job (Y/N)? 


                      Overall
              Total    Copied    Linked   Skipped   Removed  Excluded    Failed
    Byte:     6.960         0       464         0         0         0       464
    File:        15         0         1         0         0         0         1
   Times:        00:00:00.002
  Folder:         5         0         -         5         0         0         0
 Symlink:         1         -         0         1         0         0         0
!?f(0x00000005) C:\data\cpp\hardlinks\ln\test\siblings\dest\set1\bkp03\Folder0\K
=d C:\data\cpp\hardlinks\ln\test\siblings\dest\set2\bkp04
=d C:\data\cpp\hardlinks\ln\test\siblings\dest\set2\bkp04\Folder0
=d C:\data\cpp\hardlinks\ln\test\siblings\dest\set2\bkp04\Folder1
=d C:\data\cpp\hardlinks\ln\test\siblings\dest\set2\bkp04\Folder1\Folder2
=d C:\data\cpp\hardlinks\ln\test\siblings\dest\set2\bkp04\Folder1\Folder3
=s C:\data\cpp\hardlinks\ln\test\siblings\dest\set2\bkp04\Folder1\Folder2\Sym_C
°=f C:\data\cpp\hardlinks\ln\test\siblings\dest\set2\bkp04\Folder0\A_1
°=f C:\data\cpp\hardlinks\ln\test\siblings\dest\set2\bkp04\Folder0\F
°=f C:\data\cpp\hardlinks\ln\test\siblings\dest\set2\bkp04\Folder0\G
°=f C:\data\cpp\hardlinks\ln\test\siblings\dest\set2\bkp04\Folder0\V
°=f C:\data\cpp\hardlinks\ln\test\siblings\dest\set2\bkp04\Folder0\Z
°=f C:\data\cpp\hardlinks\ln\test\siblings\dest\set2\bkp04\Folder1\Folder3\D
°f C:\data\cpp\hardlinks\ln\test\siblings\dest\set2\bkp04\Folder0\H
Junction:         0         -         0         0         0         0         0
WARNING: Merge finished successfully but see output for errors.

C:\data\cpp\hardlinks\ln>REM Delete files with ReadOnly from a hardlink-set with --deeppathdelete 

C:\data\cpp\hardlinks\ln>..\Tools\timestamp --attr +r test\siblings\dest\set2\bkp04\Folder0\A_1 

C:\data\cpp\hardlinks\ln>REM and see if the siblings keep their attributes 
A    R   test\siblings\dest\set2\bkp05\Folder0\A_3
A    R   test\siblings\dest\set2\bkp05\Folder1\A_4
A    R   test\siblings\dest\set2\bkp06\Folder0\A_1

C:\data\cpp\hardlinks\ln>REM Handling sibling attributes also in deloreancopy. A file which does not exist 

C:\data\cpp\hardlinks\ln>REM in the source anymore, and if deleted during --delorean, must not change all 

C:\data\cpp\hardlinks\ln>REM attributes of that file in past backups 

C:\data\cpp\hardlinks\ln>REM

C:\data\cpp\hardlinks\ln>..\Tools\timestamp --attr +r+s+h test\siblings\dest\set2\bkp06\E 
A  SHR   test\siblings\dest\set2\bkp06\E
A  SHR   test\siblings\dest\set1\bkp02\E

C:\data\cpp\hardlinks\ln>..\bin\X64\Release\ln.exe --automated_test --traditional --delorean test\siblings\source test\siblings\dest\set2\bkp06 test\siblings\dest\set2\bkp07  1>sortout 


-f C:\data\cpp\hardlinks\ln\test\siblings\dest\set2\bkp07\E
-f C:\data\cpp\hardlinks\ln\test\siblings\dest\set2\bkp07\Folder0\A
-f C:\data\cpp\hardlinks\ln\test\siblings\dest\set2\bkp07\Folder0\A_1
-f C:\data\cpp\hardlinks\ln\test\siblings\dest\set2\bkp07\Folder0\A_2
-f C:\data\cpp\hardlinks\ln\test\siblings\dest\set2\bkp07\Folder0\A_3
-f C:\data\cpp\hardlinks\ln\test\siblings\dest\set2\bkp07\Folder1\A_4
-f C:\data\cpp\hardlinks\ln\test\siblings\dest\set2\bkp07\Folder1\B
-f C:\data\cpp\hardlinks\ln\test\siblings\dest\set2\bkp07\Folder1\Folder2\C
-f C:\data\cpp\hardlinks\ln\test\siblings\dest\set2\bkp07\Folder1\Folder3\D
                      Overall               Clone              Mirror
              Total    Copied    Linked   Skipped   Removed  Excluded    Failed
    Byte:     6.032       928     2.784     2.320       464         0         0
    File:        13         2         6         5         9         0         0
   Times:        00:00:00.002        00:00:00.007        00:00:00.034
  Folder:         5         0         -         5         0         0         0
 Symlink:         1         -         0         1         0         0         0
*h C:\data\cpp\hardlinks\ln\test\siblings\dest\set2\bkp07\Folder0\A_2
*h C:\data\cpp\hardlinks\ln\test\siblings\dest\set2\bkp07\Folder0\A_3
*h C:\data\cpp\hardlinks\ln\test\siblings\dest\set2\bkp07\Folder1\A_4
*h C:\data\cpp\hardlinks\ln\test\siblings\dest\set2\bkp07\Folder1\B
*h C:\data\cpp\hardlinks\ln\test\siblings\dest\set2\bkp07\Folder1\Folder2\C
*h C:\data\cpp\hardlinks\ln\test\siblings\dest\set2\bkp07\Folder1\Folder3\D
+f C:\data\cpp\hardlinks\ln\test\siblings\dest\set2\bkp07\Folder0\A
+f C:\data\cpp\hardlinks\ln\test\siblings\dest\set2\bkp07\Folder0\A_1
=d C:\data\cpp\hardlinks\ln\test\siblings\dest\set2\bkp07
=d C:\data\cpp\hardlinks\ln\test\siblings\dest\set2\bkp07\Folder0
=d C:\data\cpp\hardlinks\ln\test\siblings\dest\set2\bkp07\Folder1
=d C:\data\cpp\hardlinks\ln\test\siblings\dest\set2\bkp07\Folder1\Folder2
=d C:\data\cpp\hardlinks\ln\test\siblings\dest\set2\bkp07\Folder1\Folder3
=f C:\data\cpp\hardlinks\ln\test\siblings\dest\set2\bkp07\Folder0\F
=f C:\data\cpp\hardlinks\ln\test\siblings\dest\set2\bkp07\Folder0\I
=f C:\data\cpp\hardlinks\ln\test\siblings\dest\set2\bkp07\Folder0\K
=f C:\data\cpp\hardlinks\ln\test\siblings\dest\set2\bkp07\Folder0\V
=f C:\data\cpp\hardlinks\ln\test\siblings\dest\set2\bkp07\Folder0\Z
=s C:\data\cpp\hardlinks\ln\test\siblings\dest\set2\bkp07\Folder1\Folder2\Sym_C
Junction:         0         -         0         0         0         0         0

A  SHR   test\siblings\dest\set1\bkp01\E
A  SHR   test\siblings\dest\set1\bkp02\E
A  SHR   test\siblings\dest\set1\bkp03\E
A  SHR   test\siblings\dest\set2\bkp05\E
A  SHR   test\siblings\dest\set2\bkp06\E


C:\data\cpp\hardlinks\ln>..\bin\X64\Release\ln.exe --automated_test --list test\siblings\dest\set2\bkp06\E   | sort
C:\data\cpp\hardlinks\ln\test\siblings\dest\set1\bkp01\E
C:\data\cpp\hardlinks\ln\test\siblings\dest\set1\bkp01\Folder0\A
C:\data\cpp\hardlinks\ln\test\siblings\dest\set1\bkp01\Folder1\B
C:\data\cpp\hardlinks\ln\test\siblings\dest\set1\bkp01\Folder1\Folder2\C
C:\data\cpp\hardlinks\ln\test\siblings\dest\set1\bkp01\Folder1\Folder3\D
C:\data\cpp\hardlinks\ln\test\siblings\dest\set1\bkp02\E
C:\data\cpp\hardlinks\ln\test\siblings\dest\set1\bkp02\Folder0\A
C:\data\cpp\hardlinks\ln\test\siblings\dest\set1\bkp02\Folder1\B
C:\data\cpp\hardlinks\ln\test\siblings\dest\set1\bkp02\Folder1\Folder2\C
C:\data\cpp\hardlinks\ln\test\siblings\dest\set1\bkp02\Folder1\Folder3\D
C:\data\cpp\hardlinks\ln\test\siblings\dest\set1\bkp03\E
C:\data\cpp\hardlinks\ln\test\siblings\dest\set1\bkp03\Folder0\A
C:\data\cpp\hardlinks\ln\test\siblings\dest\set1\bkp03\Folder1\B
C:\data\cpp\hardlinks\ln\test\siblings\dest\set1\bkp03\Folder1\Folder2\C
C:\data\cpp\hardlinks\ln\test\siblings\dest\set1\bkp03\Folder1\Folder3\D
C:\data\cpp\hardlinks\ln\test\siblings\dest\set2\bkp05\E
C:\data\cpp\hardlinks\ln\test\siblings\dest\set2\bkp05\Folder0\A
C:\data\cpp\hardlinks\ln\test\siblings\dest\set2\bkp05\Folder1\B
C:\data\cpp\hardlinks\ln\test\siblings\dest\set2\bkp05\Folder1\Folder2\C
C:\data\cpp\hardlinks\ln\test\siblings\dest\set2\bkp05\Folder1\Folder3\D
C:\data\cpp\hardlinks\ln\test\siblings\dest\set2\bkp06\E
C:\data\cpp\hardlinks\ln\test\siblings\dest\set2\bkp06\Folder0\A
C:\data\cpp\hardlinks\ln\test\siblings\dest\set2\bkp06\Folder1\B
C:\data\cpp\hardlinks\ln\test\siblings\dest\set2\bkp06\Folder1\Folder2\C
C:\data\cpp\hardlinks\ln\test\siblings\dest\set2\bkp06\Folder1\Folder3\D


A    R   test\siblings\dest\set1\bkp01\Folder0\A_1
A    R   test\siblings\dest\set1\bkp02\Folder0\A_1
A    R   test\siblings\dest\set1\bkp03\Folder0\A_1
A    R   test\siblings\dest\set2\bkp05\Folder0\A_1
A    R   test\siblings\dest\set2\bkp06\Folder0\A_1
A        test\siblings\dest\set2\bkp07\Folder0\A_1


C:\data\cpp\hardlinks\ln>..\bin\X64\Release\ln.exe --automated_test --list test\siblings\dest\set2\bkp07\Folder0\A_1   | sort
C:\data\cpp\hardlinks\ln\test\siblings\dest\set2\bkp07\Folder0\A_1
C:\data\cpp\hardlinks\ln\test\siblings\dest\set2\bkp07\Folder0\A_2
C:\data\cpp\hardlinks\ln\test\siblings\dest\set2\bkp07\Folder0\A_3
C:\data\cpp\hardlinks\ln\test\siblings\dest\set2\bkp07\Folder1\A_4


C:\data\cpp\hardlinks\ln>..\bin\X64\Release\ln.exe --automated_test --list test\siblings\dest\set1\bkp01\Folder0\A_1   | sort
C:\data\cpp\hardlinks\ln\test\siblings\dest\set1\bkp01\Folder0\A_1
C:\data\cpp\hardlinks\ln\test\siblings\dest\set1\bkp01\Folder0\A_2
C:\data\cpp\hardlinks\ln\test\siblings\dest\set1\bkp01\Folder0\A_3
C:\data\cpp\hardlinks\ln\test\siblings\dest\set1\bkp01\Folder1\A_4
C:\data\cpp\hardlinks\ln\test\siblings\dest\set1\bkp02\Folder0\A_1
C:\data\cpp\hardlinks\ln\test\siblings\dest\set1\bkp02\Folder0\A_2
C:\data\cpp\hardlinks\ln\test\siblings\dest\set1\bkp02\Folder0\A_3
C:\data\cpp\hardlinks\ln\test\siblings\dest\set1\bkp02\Folder1\A_4
C:\data\cpp\hardlinks\ln\test\siblings\dest\set1\bkp03\Folder0\A_1
C:\data\cpp\hardlinks\ln\test\siblings\dest\set1\bkp03\Folder0\A_2
C:\data\cpp\hardlinks\ln\test\siblings\dest\set1\bkp03\Folder0\A_3
C:\data\cpp\hardlinks\ln\test\siblings\dest\set1\bkp03\Folder1\A_4
C:\data\cpp\hardlinks\ln\test\siblings\dest\set2\bkp05\Folder0\A_1
C:\data\cpp\hardlinks\ln\test\siblings\dest\set2\bkp05\Folder0\A_2
C:\data\cpp\hardlinks\ln\test\siblings\dest\set2\bkp05\Folder0\A_3
C:\data\cpp\hardlinks\ln\test\siblings\dest\set2\bkp05\Folder1\A_4
C:\data\cpp\hardlinks\ln\test\siblings\dest\set2\bkp06\Folder0\A_1
C:\data\cpp\hardlinks\ln\test\siblings\dest\set2\bkp06\Folder0\A_2
C:\data\cpp\hardlinks\ln\test\siblings\dest\set2\bkp06\Folder0\A_3
C:\data\cpp\hardlinks\ln\test\siblings\dest\set2\bkp06\Folder1\A_4
