
D:\data\cpp\hardlinks\ln>..\bin\X64\Release\ln.exe --automated_test --traditional --list test\siblings\source\Folder0\A  1>sortout 
D:\data\cpp\hardlinks\ln\test\siblings\source\E
D:\data\cpp\hardlinks\ln\test\siblings\source\Folder0\A
D:\data\cpp\hardlinks\ln\test\siblings\source\Folder1\B
D:\data\cpp\hardlinks\ln\test\siblings\source\Folder1\Folder2\C
D:\data\cpp\hardlinks\ln\test\siblings\source\Folder1\Folder3\D
ErrorLevel == 0

D:\data\cpp\hardlinks\ln>REM

D:\data\cpp\hardlinks\ln>REM List Hardlinks via local UNC Path 

D:\data\cpp\hardlinks\ln>REM

D:\data\cpp\hardlinks\ln>..\bin\X64\Release\ln.exe --automated_test --traditional --list \\atgrzwn501360\SiblingTest\source\e  1>sortout 
D:\data\cpp\hardlinks\ln\test\siblings\source\E
D:\data\cpp\hardlinks\ln\test\siblings\source\Folder0\A
D:\data\cpp\hardlinks\ln\test\siblings\source\Folder1\B
D:\data\cpp\hardlinks\ln\test\siblings\source\Folder1\Folder2\C
D:\data\cpp\hardlinks\ln\test\siblings\source\Folder1\Folder3\D
ErrorLevel == 0

D:\data\cpp\hardlinks\ln>REM

D:\data\cpp\hardlinks\ln>REM List Hardlinks via local UNC Path 

D:\data\cpp\hardlinks\ln>REM

D:\data\cpp\hardlinks\ln>..\bin\X64\Release\ln.exe --automated_test --traditional --list \\\SiblingTest\source\e  1>sortout 
ERROR: Source directory '\\\SiblingTest\source\e' does not exist
ErrorLevel == -1

D:\data\cpp\hardlinks\ln>REM

D:\data\cpp\hardlinks\ln>REM List Hardlinks referenced by Symbolic links 

D:\data\cpp\hardlinks\ln>REM

D:\data\cpp\hardlinks\ln>..\bin\X64\Release\ln.exe --automated_test --traditional --list test\siblings\source\Folder1\Folder2\C  1>sortout 
D:\data\cpp\hardlinks\ln\test\siblings\source\E
D:\data\cpp\hardlinks\ln\test\siblings\source\Folder0\A
D:\data\cpp\hardlinks\ln\test\siblings\source\Folder1\B
D:\data\cpp\hardlinks\ln\test\siblings\source\Folder1\Folder2\C
D:\data\cpp\hardlinks\ln\test\siblings\source\Folder1\Folder3\D
ErrorLevel == 0

D:\data\cpp\hardlinks\ln>REM

D:\data\cpp\hardlinks\ln>REM Add a few files for delorean Merge tests 

D:\data\cpp\hardlinks\ln>REM  

D:\data\cpp\hardlinks\ln>..\bin\X64\Release\ln.exe --automated_test --traditional --merge test\siblings\dest\set1\bkp03 test\siblings\dest\set2\bkp04  1>sortout 


                      Overall
              Total    Copied    Linked   Skipped   Removed  Excluded    Failed
    Byte:     6.960       464    17.168         0         0         0       464
    File:        15         1        37         0         0         0         1
   Times:        00:00:00.002
  Folder:         5         0         -         5         0         0         0
 Symlink:         1         -         0         1         0         0         0
!?f(0x00000005) D:\data\cpp\hardlinks\ln\test\siblings\dest\set1\bkp03\Folder0\K
+f D:\data\cpp\hardlinks\ln\test\siblings\dest\set2\bkp04\Folder0\H
=d D:\data\cpp\hardlinks\ln\test\siblings\dest\set2\bkp04
=d D:\data\cpp\hardlinks\ln\test\siblings\dest\set2\bkp04\Folder0
=d D:\data\cpp\hardlinks\ln\test\siblings\dest\set2\bkp04\Folder1
=d D:\data\cpp\hardlinks\ln\test\siblings\dest\set2\bkp04\Folder1\Folder2
=d D:\data\cpp\hardlinks\ln\test\siblings\dest\set2\bkp04\Folder1\Folder3
=s D:\data\cpp\hardlinks\ln\test\siblings\dest\set2\bkp04\Folder1\Folder2\Sym_C
°f D:\data\cpp\hardlinks\ln\test\siblings\dest\set2\bkp04\Folder0\A_1
°f D:\data\cpp\hardlinks\ln\test\siblings\dest\set2\bkp04\Folder0\F
°f D:\data\cpp\hardlinks\ln\test\siblings\dest\set2\bkp04\Folder0\G
°f D:\data\cpp\hardlinks\ln\test\siblings\dest\set2\bkp04\Folder0\V
°f D:\data\cpp\hardlinks\ln\test\siblings\dest\set2\bkp04\Folder0\Z
°f D:\data\cpp\hardlinks\ln\test\siblings\dest\set2\bkp04\Folder1\Folder3\D
Junction:         0         -         0         0         0         0         0
WARNING: Merge finished successfully but see output for errors.


D:\data\cpp\hardlinks\ln>REM Check the outcome 

D:\data\cpp\hardlinks\ln>REM
test\siblings\dest\set2\bkp04\Folder0\A_1:24
test\siblings\dest\set2\bkp04\Folder0\F:6
test\siblings\dest\set2\bkp04\Folder0\G:4
test\siblings\dest\set1\bkp03\Folder0\H:3
test\siblings\dest\set2\bkp04\Folder0\Z:4
test\siblings\dest\set2\bkp04\Folder1\Folder3\D:30
test\siblings\dest\set2\bkp06\Folder0\I:3
test\siblings\dest\set2\bkp06\Folder0\V:6


D:\data\cpp\hardlinks\ln>..\bin\X64\Release\ln.exe --automated_test --list test\siblings\dest\set2\bkp04\Folder0\A_1   | sort
D:\data\cpp\hardlinks\ln\test\siblings\dest\set1\bkp01\Folder0\A_1
D:\data\cpp\hardlinks\ln\test\siblings\dest\set1\bkp01\Folder0\A_2
D:\data\cpp\hardlinks\ln\test\siblings\dest\set1\bkp01\Folder0\A_3
D:\data\cpp\hardlinks\ln\test\siblings\dest\set1\bkp01\Folder1\A_4
D:\data\cpp\hardlinks\ln\test\siblings\dest\set1\bkp02\Folder0\A_1
D:\data\cpp\hardlinks\ln\test\siblings\dest\set1\bkp02\Folder0\A_2
D:\data\cpp\hardlinks\ln\test\siblings\dest\set1\bkp02\Folder0\A_3
D:\data\cpp\hardlinks\ln\test\siblings\dest\set1\bkp02\Folder1\A_4
D:\data\cpp\hardlinks\ln\test\siblings\dest\set1\bkp03\Folder0\A_1
D:\data\cpp\hardlinks\ln\test\siblings\dest\set1\bkp03\Folder0\A_2
D:\data\cpp\hardlinks\ln\test\siblings\dest\set1\bkp03\Folder0\A_3
D:\data\cpp\hardlinks\ln\test\siblings\dest\set1\bkp03\Folder1\A_4
D:\data\cpp\hardlinks\ln\test\siblings\dest\set2\bkp04\Folder0\A_1
D:\data\cpp\hardlinks\ln\test\siblings\dest\set2\bkp04\Folder0\A_2
D:\data\cpp\hardlinks\ln\test\siblings\dest\set2\bkp04\Folder0\A_3
D:\data\cpp\hardlinks\ln\test\siblings\dest\set2\bkp04\Folder1\A_4
D:\data\cpp\hardlinks\ln\test\siblings\dest\set2\bkp05\Folder0\A_1
D:\data\cpp\hardlinks\ln\test\siblings\dest\set2\bkp05\Folder0\A_2
D:\data\cpp\hardlinks\ln\test\siblings\dest\set2\bkp05\Folder0\A_3
D:\data\cpp\hardlinks\ln\test\siblings\dest\set2\bkp05\Folder1\A_4
D:\data\cpp\hardlinks\ln\test\siblings\dest\set2\bkp06\Folder0\A_1
D:\data\cpp\hardlinks\ln\test\siblings\dest\set2\bkp06\Folder0\A_2
D:\data\cpp\hardlinks\ln\test\siblings\dest\set2\bkp06\Folder0\A_3
D:\data\cpp\hardlinks\ln\test\siblings\dest\set2\bkp06\Folder1\A_4

D:\data\cpp\hardlinks\ln>..\bin\X64\Release\ln.exe --automated_test --list test\siblings\dest\set2\bkp04\Folder0\G   | sort
D:\data\cpp\hardlinks\ln\test\siblings\dest\set1\bkp01\Folder0\G
D:\data\cpp\hardlinks\ln\test\siblings\dest\set1\bkp02\Folder0\G
D:\data\cpp\hardlinks\ln\test\siblings\dest\set1\bkp03\Folder0\G
D:\data\cpp\hardlinks\ln\test\siblings\dest\set2\bkp04\Folder0\G

D:\data\cpp\hardlinks\ln>..\bin\X64\Release\ln.exe --automated_test --list test\siblings\dest\set1\bkp03\Folder0\H   | sort
D:\data\cpp\hardlinks\ln\test\siblings\dest\set1\bkp01\Folder0\H
D:\data\cpp\hardlinks\ln\test\siblings\dest\set1\bkp02\Folder0\H
D:\data\cpp\hardlinks\ln\test\siblings\dest\set1\bkp03\Folder0\H

D:\data\cpp\hardlinks\ln>..\bin\X64\Release\ln.exe --automated_test --list test\siblings\dest\set2\bkp04\Folder0\F   | sort
D:\data\cpp\hardlinks\ln\test\siblings\dest\set1\bkp01\Folder0\F
D:\data\cpp\hardlinks\ln\test\siblings\dest\set1\bkp02\Folder0\F
D:\data\cpp\hardlinks\ln\test\siblings\dest\set1\bkp03\Folder0\F
D:\data\cpp\hardlinks\ln\test\siblings\dest\set2\bkp04\Folder0\F
D:\data\cpp\hardlinks\ln\test\siblings\dest\set2\bkp05\Folder0\F
D:\data\cpp\hardlinks\ln\test\siblings\dest\set2\bkp06\Folder0\F

D:\data\cpp\hardlinks\ln>..\bin\X64\Release\ln.exe --automated_test --list test\siblings\dest\set2\bkp04\Folder0\Z   | sort
D:\data\cpp\hardlinks\ln\test\siblings\dest\set1\bkp03\Folder0\Z
D:\data\cpp\hardlinks\ln\test\siblings\dest\set2\bkp04\Folder0\Z
D:\data\cpp\hardlinks\ln\test\siblings\dest\set2\bkp05\Folder0\Z
D:\data\cpp\hardlinks\ln\test\siblings\dest\set2\bkp06\Folder0\Z

D:\data\cpp\hardlinks\ln>..\bin\X64\Release\ln.exe --automated_test --list test\siblings\dest\set2\bkp06\Folder0\I   | sort
D:\data\cpp\hardlinks\ln\test\siblings\dest\set2\bkp04\Folder0\I
D:\data\cpp\hardlinks\ln\test\siblings\dest\set2\bkp05\Folder0\I
D:\data\cpp\hardlinks\ln\test\siblings\dest\set2\bkp06\Folder0\I

D:\data\cpp\hardlinks\ln>..\bin\X64\Release\ln.exe --automated_test --list test\siblings\dest\set2\bkp06\Folder0\V   | sort
D:\data\cpp\hardlinks\ln\test\siblings\dest\set1\bkp01\Folder0\V
D:\data\cpp\hardlinks\ln\test\siblings\dest\set1\bkp02\Folder0\V
D:\data\cpp\hardlinks\ln\test\siblings\dest\set1\bkp03\Folder0\V
D:\data\cpp\hardlinks\ln\test\siblings\dest\set2\bkp04\Folder0\V
D:\data\cpp\hardlinks\ln\test\siblings\dest\set2\bkp05\Folder0\V
D:\data\cpp\hardlinks\ln\test\siblings\dest\set2\bkp06\Folder0\V


D:\data\cpp\hardlinks\ln>..\Tools\timestamp --attr test\siblings\dest\set2\bkp06\Folder0\V 
A    R   test\siblings\dest\set2\bkp06\Folder0\V

D:\data\cpp\hardlinks\ln>REM Merge already hardlinked folders 

D:\data\cpp\hardlinks\ln>..\bin\X64\Release\ln.exe --automated_test --traditional --merge test\siblings\dest\set1\bkp03 test\siblings\dest\set2\bkp04  1>sortout 


                      Overall
              Total    Copied    Linked   Skipped   Removed  Excluded    Failed
    Byte:     6.960         0       464         0         0         0       464
    File:        15         0         1         0         0         0         1
   Times:        00:00:00.002
  Folder:         5         0         -         5         0         0         0
 Symlink:         1         -         0         1         0         0         0
!?f(0x00000005) D:\data\cpp\hardlinks\ln\test\siblings\dest\set1\bkp03\Folder0\K
=d D:\data\cpp\hardlinks\ln\test\siblings\dest\set2\bkp04
=d D:\data\cpp\hardlinks\ln\test\siblings\dest\set2\bkp04\Folder0
=d D:\data\cpp\hardlinks\ln\test\siblings\dest\set2\bkp04\Folder1
=d D:\data\cpp\hardlinks\ln\test\siblings\dest\set2\bkp04\Folder1\Folder2
=d D:\data\cpp\hardlinks\ln\test\siblings\dest\set2\bkp04\Folder1\Folder3
=s D:\data\cpp\hardlinks\ln\test\siblings\dest\set2\bkp04\Folder1\Folder2\Sym_C
°=f D:\data\cpp\hardlinks\ln\test\siblings\dest\set2\bkp04\Folder0\A_1
°=f D:\data\cpp\hardlinks\ln\test\siblings\dest\set2\bkp04\Folder0\F
°=f D:\data\cpp\hardlinks\ln\test\siblings\dest\set2\bkp04\Folder0\G
°=f D:\data\cpp\hardlinks\ln\test\siblings\dest\set2\bkp04\Folder0\V
°=f D:\data\cpp\hardlinks\ln\test\siblings\dest\set2\bkp04\Folder0\Z
°=f D:\data\cpp\hardlinks\ln\test\siblings\dest\set2\bkp04\Folder1\Folder3\D
°f D:\data\cpp\hardlinks\ln\test\siblings\dest\set2\bkp04\Folder0\H
Junction:         0         -         0         0         0         0         0
WARNING: Merge finished successfully but see output for errors.

D:\data\cpp\hardlinks\ln>REM Delete files with ReadOnly from a hardlink-set with --deeppathdelete 

D:\data\cpp\hardlinks\ln>..\Tools\timestamp --attr +r test\siblings\dest\set2\bkp04\Folder0\A_1 

D:\data\cpp\hardlinks\ln>..\bin\X64\Release\ln.exe --automated_test --quiet --deeppathdelete test\siblings\dest\set2\bkp04  1>sortout 

D:\data\cpp\hardlinks\ln>REM and see if the siblings keep their attributes 
A    R   test\siblings\dest\set2\bkp05\Folder0\A_3
A    R   test\siblings\dest\set2\bkp05\Folder1\A_4
A    R   test\siblings\dest\set2\bkp06\Folder0\A_1

D:\data\cpp\hardlinks\ln>REM Handling sibling attributes also in deloreancopy. A file which does not exist 

D:\data\cpp\hardlinks\ln>REM in the source anymore, and if deleted during --delorean, must not change all 

D:\data\cpp\hardlinks\ln>REM attributes of that file in past backups 

D:\data\cpp\hardlinks\ln>REM

D:\data\cpp\hardlinks\ln>..\Tools\timestamp --attr +r+s+h test\siblings\dest\set2\bkp06\E 
A  SHR   test\siblings\dest\set2\bkp06\E
A  SHR   test\siblings\dest\set1\bkp02\E

D:\data\cpp\hardlinks\ln>..\bin\X64\Release\ln.exe --automated_test --traditional --delorean test\siblings\source test\siblings\dest\set2\bkp06 test\siblings\dest\set2\bkp07  1>sortout 


-f D:\data\cpp\hardlinks\ln\test\siblings\dest\set2\bkp07\E
-f D:\data\cpp\hardlinks\ln\test\siblings\dest\set2\bkp07\Folder0\A
-f D:\data\cpp\hardlinks\ln\test\siblings\dest\set2\bkp07\Folder0\A_1
-f D:\data\cpp\hardlinks\ln\test\siblings\dest\set2\bkp07\Folder0\A_2
-f D:\data\cpp\hardlinks\ln\test\siblings\dest\set2\bkp07\Folder0\A_3
-f D:\data\cpp\hardlinks\ln\test\siblings\dest\set2\bkp07\Folder1\A_4
-f D:\data\cpp\hardlinks\ln\test\siblings\dest\set2\bkp07\Folder1\B
-f D:\data\cpp\hardlinks\ln\test\siblings\dest\set2\bkp07\Folder1\Folder2\C
-f D:\data\cpp\hardlinks\ln\test\siblings\dest\set2\bkp07\Folder1\Folder3\D
                      Overall               Clone              Mirror
              Total    Copied    Linked   Skipped   Removed  Excluded    Failed
    Byte:     6.032       928     2.784     2.320       464         0         0
    File:        13         2         6         5         9         0         0
   Times:        00:00:00.002        00:00:00.007        00:00:00.034
  Folder:         5         0         -         5         0         0         0
 Symlink:         1         -         0         1         0         0         0
*h D:\data\cpp\hardlinks\ln\test\siblings\dest\set2\bkp07\Folder0\A_2
*h D:\data\cpp\hardlinks\ln\test\siblings\dest\set2\bkp07\Folder0\A_3
*h D:\data\cpp\hardlinks\ln\test\siblings\dest\set2\bkp07\Folder1\A_4
*h D:\data\cpp\hardlinks\ln\test\siblings\dest\set2\bkp07\Folder1\B
*h D:\data\cpp\hardlinks\ln\test\siblings\dest\set2\bkp07\Folder1\Folder2\C
*h D:\data\cpp\hardlinks\ln\test\siblings\dest\set2\bkp07\Folder1\Folder3\D
+f D:\data\cpp\hardlinks\ln\test\siblings\dest\set2\bkp07\Folder0\A
+f D:\data\cpp\hardlinks\ln\test\siblings\dest\set2\bkp07\Folder0\A_1
=d D:\data\cpp\hardlinks\ln\test\siblings\dest\set2\bkp07
=d D:\data\cpp\hardlinks\ln\test\siblings\dest\set2\bkp07\Folder0
=d D:\data\cpp\hardlinks\ln\test\siblings\dest\set2\bkp07\Folder1
=d D:\data\cpp\hardlinks\ln\test\siblings\dest\set2\bkp07\Folder1\Folder2
=d D:\data\cpp\hardlinks\ln\test\siblings\dest\set2\bkp07\Folder1\Folder3
=f D:\data\cpp\hardlinks\ln\test\siblings\dest\set2\bkp07\Folder0\F
=f D:\data\cpp\hardlinks\ln\test\siblings\dest\set2\bkp07\Folder0\I
=f D:\data\cpp\hardlinks\ln\test\siblings\dest\set2\bkp07\Folder0\K
=f D:\data\cpp\hardlinks\ln\test\siblings\dest\set2\bkp07\Folder0\V
=f D:\data\cpp\hardlinks\ln\test\siblings\dest\set2\bkp07\Folder0\Z
=s D:\data\cpp\hardlinks\ln\test\siblings\dest\set2\bkp07\Folder1\Folder2\Sym_C
Junction:         0         -         0         0         0         0         0

A  SHR   test\siblings\dest\set1\bkp01\E
A  SHR   test\siblings\dest\set1\bkp02\E
A  SHR   test\siblings\dest\set1\bkp03\E
A  SHR   test\siblings\dest\set2\bkp05\E
A  SHR   test\siblings\dest\set2\bkp06\E


D:\data\cpp\hardlinks\ln>..\bin\X64\Release\ln.exe --automated_test --list test\siblings\dest\set2\bkp06\E   | sort
D:\data\cpp\hardlinks\ln\test\siblings\dest\set1\bkp01\E
D:\data\cpp\hardlinks\ln\test\siblings\dest\set1\bkp01\Folder0\A
D:\data\cpp\hardlinks\ln\test\siblings\dest\set1\bkp01\Folder1\B
D:\data\cpp\hardlinks\ln\test\siblings\dest\set1\bkp01\Folder1\Folder2\C
D:\data\cpp\hardlinks\ln\test\siblings\dest\set1\bkp01\Folder1\Folder3\D
D:\data\cpp\hardlinks\ln\test\siblings\dest\set1\bkp02\E
D:\data\cpp\hardlinks\ln\test\siblings\dest\set1\bkp02\Folder0\A
D:\data\cpp\hardlinks\ln\test\siblings\dest\set1\bkp02\Folder1\B
D:\data\cpp\hardlinks\ln\test\siblings\dest\set1\bkp02\Folder1\Folder2\C
D:\data\cpp\hardlinks\ln\test\siblings\dest\set1\bkp02\Folder1\Folder3\D
D:\data\cpp\hardlinks\ln\test\siblings\dest\set1\bkp03\E
D:\data\cpp\hardlinks\ln\test\siblings\dest\set1\bkp03\Folder0\A
D:\data\cpp\hardlinks\ln\test\siblings\dest\set1\bkp03\Folder1\B
D:\data\cpp\hardlinks\ln\test\siblings\dest\set1\bkp03\Folder1\Folder2\C
D:\data\cpp\hardlinks\ln\test\siblings\dest\set1\bkp03\Folder1\Folder3\D
D:\data\cpp\hardlinks\ln\test\siblings\dest\set2\bkp05\E
D:\data\cpp\hardlinks\ln\test\siblings\dest\set2\bkp05\Folder0\A
D:\data\cpp\hardlinks\ln\test\siblings\dest\set2\bkp05\Folder1\B
D:\data\cpp\hardlinks\ln\test\siblings\dest\set2\bkp05\Folder1\Folder2\C
D:\data\cpp\hardlinks\ln\test\siblings\dest\set2\bkp05\Folder1\Folder3\D
D:\data\cpp\hardlinks\ln\test\siblings\dest\set2\bkp06\E
D:\data\cpp\hardlinks\ln\test\siblings\dest\set2\bkp06\Folder0\A
D:\data\cpp\hardlinks\ln\test\siblings\dest\set2\bkp06\Folder1\B
D:\data\cpp\hardlinks\ln\test\siblings\dest\set2\bkp06\Folder1\Folder2\C
D:\data\cpp\hardlinks\ln\test\siblings\dest\set2\bkp06\Folder1\Folder3\D


A    R   test\siblings\dest\set1\bkp01\Folder0\A_1
A    R   test\siblings\dest\set1\bkp02\Folder0\A_1
A    R   test\siblings\dest\set1\bkp03\Folder0\A_1
A    R   test\siblings\dest\set2\bkp05\Folder0\A_1
A    R   test\siblings\dest\set2\bkp06\Folder0\A_1
A        test\siblings\dest\set2\bkp07\Folder0\A_1


D:\data\cpp\hardlinks\ln>..\bin\X64\Release\ln.exe --automated_test --list test\siblings\dest\set2\bkp07\Folder0\A_1   | sort
D:\data\cpp\hardlinks\ln\test\siblings\dest\set2\bkp07\Folder0\A_1
D:\data\cpp\hardlinks\ln\test\siblings\dest\set2\bkp07\Folder0\A_2
D:\data\cpp\hardlinks\ln\test\siblings\dest\set2\bkp07\Folder0\A_3
D:\data\cpp\hardlinks\ln\test\siblings\dest\set2\bkp07\Folder1\A_4


D:\data\cpp\hardlinks\ln>..\bin\X64\Release\ln.exe --automated_test --list test\siblings\dest\set1\bkp01\Folder0\A_1   | sort
D:\data\cpp\hardlinks\ln\test\siblings\dest\set1\bkp01\Folder0\A_1
D:\data\cpp\hardlinks\ln\test\siblings\dest\set1\bkp01\Folder0\A_2
D:\data\cpp\hardlinks\ln\test\siblings\dest\set1\bkp01\Folder0\A_3
D:\data\cpp\hardlinks\ln\test\siblings\dest\set1\bkp01\Folder1\A_4
D:\data\cpp\hardlinks\ln\test\siblings\dest\set1\bkp02\Folder0\A_1
D:\data\cpp\hardlinks\ln\test\siblings\dest\set1\bkp02\Folder0\A_2
D:\data\cpp\hardlinks\ln\test\siblings\dest\set1\bkp02\Folder0\A_3
D:\data\cpp\hardlinks\ln\test\siblings\dest\set1\bkp02\Folder1\A_4
D:\data\cpp\hardlinks\ln\test\siblings\dest\set1\bkp03\Folder0\A_1
D:\data\cpp\hardlinks\ln\test\siblings\dest\set1\bkp03\Folder0\A_2
D:\data\cpp\hardlinks\ln\test\siblings\dest\set1\bkp03\Folder0\A_3
D:\data\cpp\hardlinks\ln\test\siblings\dest\set1\bkp03\Folder1\A_4
D:\data\cpp\hardlinks\ln\test\siblings\dest\set2\bkp05\Folder0\A_1
D:\data\cpp\hardlinks\ln\test\siblings\dest\set2\bkp05\Folder0\A_2
D:\data\cpp\hardlinks\ln\test\siblings\dest\set2\bkp05\Folder0\A_3
D:\data\cpp\hardlinks\ln\test\siblings\dest\set2\bkp05\Folder1\A_4
D:\data\cpp\hardlinks\ln\test\siblings\dest\set2\bkp06\Folder0\A_1
D:\data\cpp\hardlinks\ln\test\siblings\dest\set2\bkp06\Folder0\A_2
D:\data\cpp\hardlinks\ln\test\siblings\dest\set2\bkp06\Folder0\A_3
D:\data\cpp\hardlinks\ln\test\siblings\dest\set2\bkp06\Folder1\A_4
