
E:\data\cpp\hardlinks\ln>REM

E:\data\cpp\hardlinks\ln>REM --timetolerance with --mirror 

E:\data\cpp\hardlinks\ln>REM

E:\data\cpp\hardlinks\ln>..\bin\X64\Release\ln.exe --automated_test --timetolerance 1002 --mirror test\mirror\source test\mirror\dest 
=d E:\data\cpp\hardlinks\ln\test\mirror\dest
=f E:\data\cpp\hardlinks\ln\test\mirror\dest\A

              Total    Copied    Linked   Skipped  Excluded    Failed
  Folder:         1         0         -         1         0         0
    File:         1         0         0         1         0         0
Junction:         0         -         0         0         0         0
 Symlink:         0         -         0         0         0         0
    Byte:       464         0         0       464         0         0


E:\data\cpp\hardlinks\ln>..\bin\X64\Release\ln.exe --automated_test --timetolerance 997 --mirror test\mirror\source test\mirror\dest 
=d E:\data\cpp\hardlinks\ln\test\mirror\dest
+f E:\data\cpp\hardlinks\ln\test\mirror\dest\A

              Total    Copied    Linked   Skipped  Excluded    Failed
  Folder:         1         0         -         1         0         0
    File:         1         1         0         0         0         0
Junction:         0         -         0         0         0         0
 Symlink:         0         -         0         0         0         0
    Byte:       464       464         0         0         0         0


E:\data\cpp\hardlinks\ln>REM

E:\data\cpp\hardlinks\ln>REM --timetolerance with --copy 

E:\data\cpp\hardlinks\ln>REM  

E:\data\cpp\hardlinks\ln>..\Tools\timestamp.exe --writetime --ctime  4e1402f2 test\mirror\dest\A  

E:\data\cpp\hardlinks\ln>..\bin\X64\Release\ln.exe --automated_test --timetolerance 1002 --copy test\mirror\source test\mirror\dest 
=f E:\data\cpp\hardlinks\ln\test\mirror\dest\A

              Total    Copied    Linked   Skipped  Excluded    Failed
  Folder:         1         0         -         0         0         0
    File:         1         0         0         1         0         0
Junction:         0         -         0         0         0         0
 Symlink:         0         -         0         0         0         0
    Byte:       464         0         0       464         0         0


E:\data\cpp\hardlinks\ln>..\bin\X64\Release\ln.exe --automated_test --timetolerance 997 --copy test\mirror\source test\mirror\dest 
+f E:\data\cpp\hardlinks\ln\test\mirror\dest\A

              Total    Copied    Linked   Skipped  Excluded    Failed
  Folder:         1         0         -         0         0         0
    File:         1         1         0         0         0         0
Junction:         0         -         0         0         0         0
 Symlink:         0         -         0         0         0         0
    Byte:       464       464         0         0         0         0


E:\data\cpp\hardlinks\ln>..\bin\X64\Release\ln.exe --automated_test --timetolerance 997 --copy test\mirror\source test\mirror\dest 
=f E:\data\cpp\hardlinks\ln\test\mirror\dest\A

              Total    Copied    Linked   Skipped  Excluded    Failed
  Folder:         1         0         -         0         0         0
    File:         1         0         0         1         0         0
Junction:         0         -         0         0         0         0
 Symlink:         0         -         0         0         0         0
    Byte:       464         0         0       464         0         0


E:\data\cpp\hardlinks\ln>REM

E:\data\cpp\hardlinks\ln>REM --timetolerance with --copy but no write access to destination 

E:\data\cpp\hardlinks\ln>REM but it should says is the same 

E:\data\cpp\hardlinks\ln>REM  

E:\data\cpp\hardlinks\ln>..\bin\X64\Release\ln.exe --automated_test --timetolerance 1002 --copy test\mirror\source test\mirror\dest 
=f E:\data\cpp\hardlinks\ln\test\mirror\dest\A

              Total    Copied    Linked   Skipped  Excluded    Failed
  Folder:         1         0         -         0         0         0
    File:         1         0         0         1         0         0
Junction:         0         -         0         0         0         0
 Symlink:         0         -         0         0         0         0
    Byte:       464         0         0       464         0         0


E:\data\cpp\hardlinks\ln>..\bin\X64\Release\ln.exe --automated_test --timetolerance 997 --copy test\mirror\source test\mirror\dest 
+f E:\data\cpp\hardlinks\ln\test\mirror\dest\A

              Total    Copied    Linked   Skipped  Excluded    Failed
  Folder:         1         0         -         0         0         0
    File:         1         1         0         0         0         0
Junction:         0         -         0         0         0         0
 Symlink:         0         -         0         0         0         0
    Byte:       464       464         0         0         0         0


E:\data\cpp\hardlinks\ln>REM

E:\data\cpp\hardlinks\ln>REM when there is no write access to destination, CopyfileEx3 will try to switch  

E:\data\cpp\hardlinks\ln>REM the attributes, and copy over. So there must be no +r on test\mirror\dest\A at the end 

E:\data\cpp\hardlinks\ln>REM  
A            E:\data\cpp\hardlinks\ln\test\mirror\dest\A

E:\data\cpp\hardlinks\ln>REM

E:\data\cpp\hardlinks\ln>REM Files with different compression status are different, even if in tolerance 

E:\data\cpp\hardlinks\ln>REM
C   test\mirror\dest\A

E:\data\cpp\hardlinks\ln>..\bin\X64\Release\ln.exe --automated_test --timetolerance 1002 --copy test\mirror\source test\mirror\dest 
+f E:\data\cpp\hardlinks\ln\test\mirror\dest\A

              Total    Copied    Linked   Skipped  Excluded    Failed
  Folder:         1         0         -         0         0         0
    File:         1         1         0         0         0         0
Junction:         0         -         0         0         0         0
 Symlink:         0         -         0         0         0         0
    Byte:       464       464         0         0         0         0

    test\mirror\dest\A

E:\data\cpp\hardlinks\ln>REM  

E:\data\cpp\hardlinks\ln>REM Different size, but same timestamp is different 

E:\data\cpp\hardlinks\ln>REM

E:\data\cpp\hardlinks\ln>copy test\readme.txt test\mirror\dest\A  1>nul 

E:\data\cpp\hardlinks\ln>..\bin\X64\Release\ln.exe --automated_test --copy test\mirror\source test\mirror\dest 
+f E:\data\cpp\hardlinks\ln\test\mirror\dest\A

              Total    Copied    Linked   Skipped  Excluded    Failed
  Folder:         1         0         -         0         0         0
    File:         1         1         0         0         0         0
Junction:         0         -         0         0         0         0
 Symlink:         0         -         0         0         0         0
    Byte:       464       464         0         0         0         0


E:\data\cpp\hardlinks\ln>REM  

E:\data\cpp\hardlinks\ln>REM Clean up 

E:\data\cpp\hardlinks\ln>REM

E:\data\cpp\hardlinks\ln>mkdir test\mirror\source  1>nul 

E:\data\cpp\hardlinks\ln>mkdir test\mirror\source\a  1>nul 

E:\data\cpp\hardlinks\ln>mkdir test\mirror\source\b  1>nul 

E:\data\cpp\hardlinks\ln>mkdir test\mirror\dest\a  1>nul 

E:\data\cpp\hardlinks\ln>mkdir test\mirror\dest\b  1>nul 

E:\data\cpp\hardlinks\ln>pushd test\mirror\source 

E:\data\cpp\hardlinks\ln\test\mirror\source>..\..\..\..\bin\X64\Release\ln.exe --automated_test --mirror . test\mirror\dest   1>..\..\..\sortout 


              Total    Copied    Linked   Skipped  Excluded    Failed
    Byte:         0         0         0         0         0         0
    File:         0         0         0         0         0         0
  Folder:         3         0         -         0         0         3
 Symlink:         0         -         0         0         0         0
!+d(0x00000003) E:\data\cpp\hardlinks\ln\test\mirror\source\test\mirror\dest
!+d(0x00000003) E:\data\cpp\hardlinks\ln\test\mirror\source\test\mirror\dest\a
!+d(0x00000003) E:\data\cpp\hardlinks\ln\test\mirror\source\test\mirror\dest\b
Junction:         0         -         0         0         0         0
WARNING: SmartMirror finished successfully but see output for errors.
ErrorLevel == -15

E:\data\cpp\hardlinks\ln>dir /b test\mirror\dest 
a
b

E:\data\cpp\hardlinks\ln>pause
Press any key to continue . . . 

E:\data\cpp\hardlinks\ln>goto ausmausraus 
